Archive member included because of file (symbol)

/usr/bin/../lib/gcc/arm-none-eabi/4.8.1/thumb/cortex-m4/float-abi-hard/fpuv4-sp-d16/libgcc.a(_arm_addsubdf3.o)
                              src/main.o (__aeabi_f2d)
../../TivaWare/driverlib/gcc/libdriver.a(fpu.o)
                              src/main.o (FPUEnable)
../../TivaWare/driverlib/gcc/libdriver.a(gpio.o)
                              src/main.o (GPIOPinRead)
../../TivaWare/driverlib/gcc/libdriver.a(interrupt.o)
                              src/main.o (IntMasterEnable)
../../TivaWare/driverlib/gcc/libdriver.a(ssi.o)
                              src/main.o (SSIConfigSetExpClk)
../../TivaWare/driverlib/gcc/libdriver.a(sysctl.o)
                              src/main.o (SysCtlPeripheralEnable)
../../TivaWare/driverlib/gcc/libdriver.a(systick.o)
                              src/main.o (SysTickEnable)
../../TivaWare/driverlib/gcc/libdriver.a(timer.o)
                              src/main.o (TimerEnable)
../../TivaWare/driverlib/gcc/libdriver.a(cpu.o)
                              ../../TivaWare/driverlib/gcc/libdriver.a(interrupt.o) (CPUcpsid)

Allocating common symbols
Common symbol       size              file

bNewPLL             0x1               ../../TivaWare/driverlib/gcc/libdriver.a(sysctl.o)
ui32RSClkConfig     0x4               ../../TivaWare/driverlib/gcc/libdriver.a(sysctl.o)
ui32Osc             0x4               ../../TivaWare/driverlib/gcc/libdriver.a(sysctl.o)
ui32SysDiv          0x4               ../../TivaWare/driverlib/gcc/libdriver.a(sysctl.o)
ui32OscSelect       0x4               ../../TivaWare/driverlib/gcc/libdriver.a(sysctl.o)

Discarded input sections

 .text          0x0000000000000000        0x0 src/uartstdio.o
 .data          0x0000000000000000        0x0 src/uartstdio.o
 .bss           0x0000000000000000        0x0 src/uartstdio.o
 .text.UARTgets
                0x0000000000000000       0x8c src/uartstdio.o
 .text.UARTgetc
                0x0000000000000000       0x1c src/uartstdio.o
 .bss.bLastWasCR.4261
                0x0000000000000000        0x1 src/uartstdio.o
 .text          0x0000000000000000        0x0 src/main.o
 .data          0x0000000000000000        0x0 src/main.o
 .bss           0x0000000000000000        0x0 src/main.o
 .text          0x0000000000000000        0x0 src/startup.o
 .data          0x0000000000000000        0x0 src/startup.o
 .bss           0x0000000000000000        0x0 src/startup.o
 .data          0x0000000000000000        0x0 /usr/bin/../lib/gcc/arm-none-eabi/4.8.1/thumb/cortex-m4/float-abi-hard/fpuv4-sp-d16/libgcc.a(_arm_addsubdf3.o)
 .bss           0x0000000000000000        0x0 /usr/bin/../lib/gcc/arm-none-eabi/4.8.1/thumb/cortex-m4/float-abi-hard/fpuv4-sp-d16/libgcc.a(_arm_addsubdf3.o)
 .text          0x0000000000000000        0x0 ../../TivaWare/driverlib/gcc/libdriver.a(fpu.o)
 .data          0x0000000000000000        0x0 ../../TivaWare/driverlib/gcc/libdriver.a(fpu.o)
 .bss           0x0000000000000000        0x0 ../../TivaWare/driverlib/gcc/libdriver.a(fpu.o)
 .text.FPUDisable
                0x0000000000000000       0x10 ../../TivaWare/driverlib/gcc/libdriver.a(fpu.o)
 .text.FPUStackingEnable
                0x0000000000000000       0x14 ../../TivaWare/driverlib/gcc/libdriver.a(fpu.o)
 .text.FPUStackingDisable
                0x0000000000000000       0x10 ../../TivaWare/driverlib/gcc/libdriver.a(fpu.o)
 .text.FPUHalfPrecisionModeSet
                0x0000000000000000       0x14 ../../TivaWare/driverlib/gcc/libdriver.a(fpu.o)
 .text.FPUNaNModeSet
                0x0000000000000000       0x14 ../../TivaWare/driverlib/gcc/libdriver.a(fpu.o)
 .text.FPUFlushToZeroModeSet
                0x0000000000000000       0x14 ../../TivaWare/driverlib/gcc/libdriver.a(fpu.o)
 .text.FPURoundingModeSet
                0x0000000000000000       0x14 ../../TivaWare/driverlib/gcc/libdriver.a(fpu.o)
 .text          0x0000000000000000        0x0 ../../TivaWare/driverlib/gcc/libdriver.a(gpio.o)
 .data          0x0000000000000000        0x0 ../../TivaWare/driverlib/gcc/libdriver.a(gpio.o)
 .bss           0x0000000000000000        0x0 ../../TivaWare/driverlib/gcc/libdriver.a(gpio.o)
 .text.GPIODirModeGet
                0x0000000000000000       0x24 ../../TivaWare/driverlib/gcc/libdriver.a(gpio.o)
 .text.GPIOIntTypeSet
                0x0000000000000000       0x5a ../../TivaWare/driverlib/gcc/libdriver.a(gpio.o)
 .text.GPIOIntTypeGet
                0x0000000000000000       0x4a ../../TivaWare/driverlib/gcc/libdriver.a(gpio.o)
 .text.GPIOPadConfigGet
                0x0000000000000000       0x7e ../../TivaWare/driverlib/gcc/libdriver.a(gpio.o)
 .text.GPIOIntEnable
                0x0000000000000000        0xc ../../TivaWare/driverlib/gcc/libdriver.a(gpio.o)
 .text.GPIOIntDisable
                0x0000000000000000        0xe ../../TivaWare/driverlib/gcc/libdriver.a(gpio.o)
 .text.GPIOIntStatus
                0x0000000000000000        0xe ../../TivaWare/driverlib/gcc/libdriver.a(gpio.o)
 .text.GPIOIntClear
                0x0000000000000000        0x6 ../../TivaWare/driverlib/gcc/libdriver.a(gpio.o)
 .text.GPIOIntRegister
                0x0000000000000000       0x30 ../../TivaWare/driverlib/gcc/libdriver.a(gpio.o)
 .text.GPIOIntUnregister
                0x0000000000000000       0x30 ../../TivaWare/driverlib/gcc/libdriver.a(gpio.o)
 .text.GPIOPinTypeADC
                0x0000000000000000       0x1c ../../TivaWare/driverlib/gcc/libdriver.a(gpio.o)
 .text.GPIOPinTypeCAN
                0x0000000000000000       0x1c ../../TivaWare/driverlib/gcc/libdriver.a(gpio.o)
 .text.GPIOPinTypeComparator
                0x0000000000000000       0x1c ../../TivaWare/driverlib/gcc/libdriver.a(gpio.o)
 .text.GPIOPinTypeEPI
                0x0000000000000000       0x1c ../../TivaWare/driverlib/gcc/libdriver.a(gpio.o)
 .text.GPIOPinTypeEthernetLED
                0x0000000000000000       0x1c ../../TivaWare/driverlib/gcc/libdriver.a(gpio.o)
 .text.GPIOPinTypeEthernetMII
                0x0000000000000000       0x1c ../../TivaWare/driverlib/gcc/libdriver.a(gpio.o)
 .text.GPIOPinTypeFan
                0x0000000000000000       0x1c ../../TivaWare/driverlib/gcc/libdriver.a(gpio.o)
 .text.GPIOPinTypeGPIOInput
                0x0000000000000000       0x1c ../../TivaWare/driverlib/gcc/libdriver.a(gpio.o)
 .text.GPIOPinTypeGPIOOutputOD
                0x0000000000000000       0x1c ../../TivaWare/driverlib/gcc/libdriver.a(gpio.o)
 .text.GPIOPinTypeI2C
                0x0000000000000000       0x1c ../../TivaWare/driverlib/gcc/libdriver.a(gpio.o)
 .text.GPIOPinTypeI2CSCL
                0x0000000000000000       0x1c ../../TivaWare/driverlib/gcc/libdriver.a(gpio.o)
 .text.GPIOPinTypeI2S
                0x0000000000000000       0x1c ../../TivaWare/driverlib/gcc/libdriver.a(gpio.o)
 .text.GPIOPinTypeLPC
                0x0000000000000000       0x1c ../../TivaWare/driverlib/gcc/libdriver.a(gpio.o)
 .text.GPIOPinTypePECIRx
                0x0000000000000000       0x1c ../../TivaWare/driverlib/gcc/libdriver.a(gpio.o)
 .text.GPIOPinTypePECITx
                0x0000000000000000       0x1c ../../TivaWare/driverlib/gcc/libdriver.a(gpio.o)
 .text.GPIOPinTypePWM
                0x0000000000000000       0x1c ../../TivaWare/driverlib/gcc/libdriver.a(gpio.o)
 .text.GPIOPinTypeQEI
                0x0000000000000000       0x1c ../../TivaWare/driverlib/gcc/libdriver.a(gpio.o)
 .text.GPIOPinTypeTimer
                0x0000000000000000       0x1c ../../TivaWare/driverlib/gcc/libdriver.a(gpio.o)
 .text.GPIOPinTypeUSBAnalog
                0x0000000000000000       0x1c ../../TivaWare/driverlib/gcc/libdriver.a(gpio.o)
 .text.GPIOPinTypeUSBDigital
                0x0000000000000000       0x1c ../../TivaWare/driverlib/gcc/libdriver.a(gpio.o)
 .text.GPIODMATriggerEnable
                0x0000000000000000        0xc ../../TivaWare/driverlib/gcc/libdriver.a(gpio.o)
 .text.GPIODMATriggerDisable
                0x0000000000000000        0xe ../../TivaWare/driverlib/gcc/libdriver.a(gpio.o)
 .text.GPIOADCTriggerEnable
                0x0000000000000000        0xc ../../TivaWare/driverlib/gcc/libdriver.a(gpio.o)
 .text.GPIOADCTriggerDisable
                0x0000000000000000        0xe ../../TivaWare/driverlib/gcc/libdriver.a(gpio.o)
 .rodata.g_ppui32GPIOIntMapBlizzard
                0x0000000000000000       0xc0 ../../TivaWare/driverlib/gcc/libdriver.a(gpio.o)
 .text          0x0000000000000000        0x0 ../../TivaWare/driverlib/gcc/libdriver.a(interrupt.o)
 .data          0x0000000000000000        0x0 ../../TivaWare/driverlib/gcc/libdriver.a(interrupt.o)
 .bss           0x0000000000000000        0x0 ../../TivaWare/driverlib/gcc/libdriver.a(interrupt.o)
 .text.IntDefaultHandler
                0x0000000000000000        0x2 ../../TivaWare/driverlib/gcc/libdriver.a(interrupt.o)
 .text.IntMasterDisable
                0x0000000000000000        0xe ../../TivaWare/driverlib/gcc/libdriver.a(interrupt.o)
 .text.IntRegister
                0x0000000000000000       0x30 ../../TivaWare/driverlib/gcc/libdriver.a(interrupt.o)
 .text.IntUnregister
                0x0000000000000000       0x14 ../../TivaWare/driverlib/gcc/libdriver.a(interrupt.o)
 .text.IntPriorityGroupingSet
                0x0000000000000000       0x1c ../../TivaWare/driverlib/gcc/libdriver.a(interrupt.o)
 .text.IntPriorityGroupingGet
                0x0000000000000000       0x24 ../../TivaWare/driverlib/gcc/libdriver.a(interrupt.o)
 .text.IntPrioritySet
                0x0000000000000000       0x28 ../../TivaWare/driverlib/gcc/libdriver.a(interrupt.o)
 .text.IntPriorityGet
                0x0000000000000000       0x1c ../../TivaWare/driverlib/gcc/libdriver.a(interrupt.o)
 .text.IntDisable
                0x0000000000000000       0x60 ../../TivaWare/driverlib/gcc/libdriver.a(interrupt.o)
 .text.IntIsEnabled
                0x0000000000000000       0x64 ../../TivaWare/driverlib/gcc/libdriver.a(interrupt.o)
 .text.IntPendSet
                0x0000000000000000       0x50 ../../TivaWare/driverlib/gcc/libdriver.a(interrupt.o)
 .text.IntPendClear
                0x0000000000000000       0x40 ../../TivaWare/driverlib/gcc/libdriver.a(interrupt.o)
 .text.IntPriorityMaskSet
                0x0000000000000000        0x4 ../../TivaWare/driverlib/gcc/libdriver.a(interrupt.o)
 .text.IntPriorityMaskGet
                0x0000000000000000        0x4 ../../TivaWare/driverlib/gcc/libdriver.a(interrupt.o)
 .text.IntTrigger
                0x0000000000000000        0xc ../../TivaWare/driverlib/gcc/libdriver.a(interrupt.o)
 .rodata.g_pui32Priority
                0x0000000000000000       0x20 ../../TivaWare/driverlib/gcc/libdriver.a(interrupt.o)
 .rodata.g_pui32Dii16Regs
                0x0000000000000000       0x14 ../../TivaWare/driverlib/gcc/libdriver.a(interrupt.o)
 .rodata.g_pui32PendRegs
                0x0000000000000000       0x14 ../../TivaWare/driverlib/gcc/libdriver.a(interrupt.o)
 vtable         0x0000000000000000      0x400 ../../TivaWare/driverlib/gcc/libdriver.a(interrupt.o)
 .rodata.g_pui32Regs
                0x0000000000000000       0x9c ../../TivaWare/driverlib/gcc/libdriver.a(interrupt.o)
 .rodata.g_pui32UnpendRegs
                0x0000000000000000       0x14 ../../TivaWare/driverlib/gcc/libdriver.a(interrupt.o)
 .text          0x0000000000000000        0x0 ../../TivaWare/driverlib/gcc/libdriver.a(ssi.o)
 .data          0x0000000000000000        0x0 ../../TivaWare/driverlib/gcc/libdriver.a(ssi.o)
 .bss           0x0000000000000000        0x0 ../../TivaWare/driverlib/gcc/libdriver.a(ssi.o)
 .text.SSIDisable
                0x0000000000000000        0xa ../../TivaWare/driverlib/gcc/libdriver.a(ssi.o)
 .text.SSIIntRegister
                0x0000000000000000       0x58 ../../TivaWare/driverlib/gcc/libdriver.a(ssi.o)
 .text.SSIIntUnregister
                0x0000000000000000       0x58 ../../TivaWare/driverlib/gcc/libdriver.a(ssi.o)
 .text.SSIIntEnable
                0x0000000000000000        0x8 ../../TivaWare/driverlib/gcc/libdriver.a(ssi.o)
 .text.SSIIntDisable
                0x0000000000000000        0xa ../../TivaWare/driverlib/gcc/libdriver.a(ssi.o)
 .text.SSIIntStatus
                0x0000000000000000        0xa ../../TivaWare/driverlib/gcc/libdriver.a(ssi.o)
 .text.SSIIntClear
                0x0000000000000000        0x4 ../../TivaWare/driverlib/gcc/libdriver.a(ssi.o)
 .text.SSIDataPutNonBlocking
                0x0000000000000000       0x12 ../../TivaWare/driverlib/gcc/libdriver.a(ssi.o)
 .text.SSIDataGetNonBlocking
                0x0000000000000000       0x14 ../../TivaWare/driverlib/gcc/libdriver.a(ssi.o)
 .text.SSIDMAEnable
                0x0000000000000000        0x8 ../../TivaWare/driverlib/gcc/libdriver.a(ssi.o)
 .text.SSIDMADisable
                0x0000000000000000        0xa ../../TivaWare/driverlib/gcc/libdriver.a(ssi.o)
 .text.SSIBusy  0x0000000000000000        0x8 ../../TivaWare/driverlib/gcc/libdriver.a(ssi.o)
 .text.SSIClockSourceSet
                0x0000000000000000        0x6 ../../TivaWare/driverlib/gcc/libdriver.a(ssi.o)
 .text.SSIClockSourceGet
                0x0000000000000000        0x6 ../../TivaWare/driverlib/gcc/libdriver.a(ssi.o)
 .rodata.g_ppui32SSIIntMap
                0x0000000000000000       0x20 ../../TivaWare/driverlib/gcc/libdriver.a(ssi.o)
 .text          0x0000000000000000        0x0 ../../TivaWare/driverlib/gcc/libdriver.a(sysctl.o)
 .data          0x0000000000000000        0x0 ../../TivaWare/driverlib/gcc/libdriver.a(sysctl.o)
 .bss           0x0000000000000000        0x0 ../../TivaWare/driverlib/gcc/libdriver.a(sysctl.o)
 .text.SysCtlSRAMSizeGet
                0x0000000000000000       0x10 ../../TivaWare/driverlib/gcc/libdriver.a(sysctl.o)
 .text.SysCtlFlashSizeGet
                0x0000000000000000       0x14 ../../TivaWare/driverlib/gcc/libdriver.a(sysctl.o)
 .text.SysCtlPeripheralPresent
                0x0000000000000000       0x28 ../../TivaWare/driverlib/gcc/libdriver.a(sysctl.o)
 .text.SysCtlPeripheralReady
                0x0000000000000000       0x28 ../../TivaWare/driverlib/gcc/libdriver.a(sysctl.o)
 .text.SysCtlPeripheralPowerOn
                0x0000000000000000       0x24 ../../TivaWare/driverlib/gcc/libdriver.a(sysctl.o)
 .text.SysCtlPeripheralPowerOff
                0x0000000000000000       0x24 ../../TivaWare/driverlib/gcc/libdriver.a(sysctl.o)
 .text.SysCtlPeripheralReset
                0x0000000000000000       0x3c ../../TivaWare/driverlib/gcc/libdriver.a(sysctl.o)
 .text.SysCtlPeripheralDisable
                0x0000000000000000       0x24 ../../TivaWare/driverlib/gcc/libdriver.a(sysctl.o)
 .text.SysCtlPeripheralSleepEnable
                0x0000000000000000       0x24 ../../TivaWare/driverlib/gcc/libdriver.a(sysctl.o)
 .text.SysCtlPeripheralSleepDisable
                0x0000000000000000       0x24 ../../TivaWare/driverlib/gcc/libdriver.a(sysctl.o)
 .text.SysCtlPeripheralDeepSleepEnable
                0x0000000000000000       0x24 ../../TivaWare/driverlib/gcc/libdriver.a(sysctl.o)
 .text.SysCtlPeripheralDeepSleepDisable
                0x0000000000000000       0x24 ../../TivaWare/driverlib/gcc/libdriver.a(sysctl.o)
 .text.SysCtlPeripheralClockGating
                0x0000000000000000       0x18 ../../TivaWare/driverlib/gcc/libdriver.a(sysctl.o)
 .text.SysCtlIntRegister
                0x0000000000000000       0x14 ../../TivaWare/driverlib/gcc/libdriver.a(sysctl.o)
 .text.SysCtlIntUnregister
                0x0000000000000000       0x12 ../../TivaWare/driverlib/gcc/libdriver.a(sysctl.o)
 .text.SysCtlIntEnable
                0x0000000000000000       0x10 ../../TivaWare/driverlib/gcc/libdriver.a(sysctl.o)
 .text.SysCtlIntDisable
                0x0000000000000000       0x10 ../../TivaWare/driverlib/gcc/libdriver.a(sysctl.o)
 .text.SysCtlIntClear
                0x0000000000000000        0xc ../../TivaWare/driverlib/gcc/libdriver.a(sysctl.o)
 .text.SysCtlIntStatus
                0x0000000000000000       0x14 ../../TivaWare/driverlib/gcc/libdriver.a(sysctl.o)
 .text.SysCtlReset
                0x0000000000000000       0x10 ../../TivaWare/driverlib/gcc/libdriver.a(sysctl.o)
 .text.SysCtlSleep
                0x0000000000000000        0x4 ../../TivaWare/driverlib/gcc/libdriver.a(sysctl.o)
 .text.SysCtlDeepSleep
                0x0000000000000000       0x20 ../../TivaWare/driverlib/gcc/libdriver.a(sysctl.o)
 .text.SysCtlResetCauseGet
                0x0000000000000000        0xc ../../TivaWare/driverlib/gcc/libdriver.a(sysctl.o)
 .text.SysCtlResetCauseClear
                0x0000000000000000       0x10 ../../TivaWare/driverlib/gcc/libdriver.a(sysctl.o)
 .text.SysCtlMOSCConfigSet
                0x0000000000000000        0xc ../../TivaWare/driverlib/gcc/libdriver.a(sysctl.o)
 .text.SysCtlPIOSCCalibrate
                0x0000000000000000       0x4c ../../TivaWare/driverlib/gcc/libdriver.a(sysctl.o)
 .text.SysCtlDeepSleepClockSet
                0x0000000000000000        0xc ../../TivaWare/driverlib/gcc/libdriver.a(sysctl.o)
 .text.SysCtlPWMClockSet
                0x0000000000000000       0x14 ../../TivaWare/driverlib/gcc/libdriver.a(sysctl.o)
 .text.SysCtlPWMClockGet
                0x0000000000000000       0x18 ../../TivaWare/driverlib/gcc/libdriver.a(sysctl.o)
 .text.SysCtlADCSpeedSet
                0x0000000000000000       0x1c ../../TivaWare/driverlib/gcc/libdriver.a(sysctl.o)
 .text.SysCtlADCSpeedGet
                0x0000000000000000       0x10 ../../TivaWare/driverlib/gcc/libdriver.a(sysctl.o)
 .text.SysCtlGPIOAHBEnable
                0x0000000000000000       0x18 ../../TivaWare/driverlib/gcc/libdriver.a(sysctl.o)
 .text.SysCtlGPIOAHBDisable
                0x0000000000000000       0x1c ../../TivaWare/driverlib/gcc/libdriver.a(sysctl.o)
 .text.SysCtlUSBPLLEnable
                0x0000000000000000       0x10 ../../TivaWare/driverlib/gcc/libdriver.a(sysctl.o)
 .text.SysCtlUSBPLLDisable
                0x0000000000000000       0x10 ../../TivaWare/driverlib/gcc/libdriver.a(sysctl.o)
 COMMON         0x0000000000000000       0x14 ../../TivaWare/driverlib/gcc/libdriver.a(sysctl.o)
 .text          0x0000000000000000        0x0 ../../TivaWare/driverlib/gcc/libdriver.a(systick.o)
 .data          0x0000000000000000        0x0 ../../TivaWare/driverlib/gcc/libdriver.a(systick.o)
 .bss           0x0000000000000000        0x0 ../../TivaWare/driverlib/gcc/libdriver.a(systick.o)
 .text.SysTickDisable
                0x0000000000000000       0x10 ../../TivaWare/driverlib/gcc/libdriver.a(systick.o)
 .text.SysTickIntRegister
                0x0000000000000000       0x1c ../../TivaWare/driverlib/gcc/libdriver.a(systick.o)
 .text.SysTickIntUnregister
                0x0000000000000000       0x14 ../../TivaWare/driverlib/gcc/libdriver.a(systick.o)
 .text.SysTickIntDisable
                0x0000000000000000       0x10 ../../TivaWare/driverlib/gcc/libdriver.a(systick.o)
 .text.SysTickPeriodGet
                0x0000000000000000        0xc ../../TivaWare/driverlib/gcc/libdriver.a(systick.o)
 .text.SysTickValueGet
                0x0000000000000000        0xc ../../TivaWare/driverlib/gcc/libdriver.a(systick.o)
 .text          0x0000000000000000        0x0 ../../TivaWare/driverlib/gcc/libdriver.a(timer.o)
 .data          0x0000000000000000        0x0 ../../TivaWare/driverlib/gcc/libdriver.a(timer.o)
 .bss           0x0000000000000000        0x0 ../../TivaWare/driverlib/gcc/libdriver.a(timer.o)
 .text.TimerIntNumberGet
                0x0000000000000000       0x2c ../../TivaWare/driverlib/gcc/libdriver.a(timer.o)
 .text.TimerDisable
                0x0000000000000000       0x10 ../../TivaWare/driverlib/gcc/libdriver.a(timer.o)
 .text.TimerControlLevel
                0x0000000000000000       0x1c ../../TivaWare/driverlib/gcc/libdriver.a(timer.o)
 .text.TimerControlTrigger
                0x0000000000000000       0x1c ../../TivaWare/driverlib/gcc/libdriver.a(timer.o)
 .text.TimerControlEvent
                0x0000000000000000       0x14 ../../TivaWare/driverlib/gcc/libdriver.a(timer.o)
 .text.TimerControlStall
                0x0000000000000000       0x1c ../../TivaWare/driverlib/gcc/libdriver.a(timer.o)
 .text.TimerControlWaitOnTrigger
                0x0000000000000000       0x2e ../../TivaWare/driverlib/gcc/libdriver.a(timer.o)
 .text.TimerRTCEnable
                0x0000000000000000        0xa ../../TivaWare/driverlib/gcc/libdriver.a(timer.o)
 .text.TimerRTCDisable
                0x0000000000000000        0xa ../../TivaWare/driverlib/gcc/libdriver.a(timer.o)
 .text.TimerPrescaleSet
                0x0000000000000000       0x12 ../../TivaWare/driverlib/gcc/libdriver.a(timer.o)
 .text.TimerPrescaleGet
                0x0000000000000000        0xa ../../TivaWare/driverlib/gcc/libdriver.a(timer.o)
 .text.TimerPrescaleMatchSet
                0x0000000000000000       0x12 ../../TivaWare/driverlib/gcc/libdriver.a(timer.o)
 .text.TimerPrescaleMatchGet
                0x0000000000000000        0xa ../../TivaWare/driverlib/gcc/libdriver.a(timer.o)
 .text.TimerLoadGet
                0x0000000000000000        0xa ../../TivaWare/driverlib/gcc/libdriver.a(timer.o)
 .text.TimerLoadSet64
                0x0000000000000000        0x6 ../../TivaWare/driverlib/gcc/libdriver.a(timer.o)
 .text.TimerLoadGet64
                0x0000000000000000       0x14 ../../TivaWare/driverlib/gcc/libdriver.a(timer.o)
 .text.TimerValueGet
                0x0000000000000000        0xa ../../TivaWare/driverlib/gcc/libdriver.a(timer.o)
 .text.TimerValueGet64
                0x0000000000000000       0x14 ../../TivaWare/driverlib/gcc/libdriver.a(timer.o)
 .text.TimerMatchSet
                0x0000000000000000       0x12 ../../TivaWare/driverlib/gcc/libdriver.a(timer.o)
 .text.TimerMatchGet
                0x0000000000000000        0xa ../../TivaWare/driverlib/gcc/libdriver.a(timer.o)
 .text.TimerMatchSet64
                0x0000000000000000        0x6 ../../TivaWare/driverlib/gcc/libdriver.a(timer.o)
 .text.TimerMatchGet64
                0x0000000000000000       0x14 ../../TivaWare/driverlib/gcc/libdriver.a(timer.o)
 .text.TimerIntRegister
                0x0000000000000000       0x1a ../../TivaWare/driverlib/gcc/libdriver.a(timer.o)
 .text.TimerIntUnregister
                0x0000000000000000       0x16 ../../TivaWare/driverlib/gcc/libdriver.a(timer.o)
 .text.TimerIntDisable
                0x0000000000000000        0xa ../../TivaWare/driverlib/gcc/libdriver.a(timer.o)
 .text.TimerIntStatus
                0x0000000000000000        0xa ../../TivaWare/driverlib/gcc/libdriver.a(timer.o)
 .text.TimerSynchronize
                0x0000000000000000        0x4 ../../TivaWare/driverlib/gcc/libdriver.a(timer.o)
 .rodata.g_ppui32TimerIntMap
                0x0000000000000000       0x60 ../../TivaWare/driverlib/gcc/libdriver.a(timer.o)
 .text          0x0000000000000000        0x0 ../../TivaWare/driverlib/gcc/libdriver.a(cpu.o)
 .data          0x0000000000000000        0x0 ../../TivaWare/driverlib/gcc/libdriver.a(cpu.o)
 .bss           0x0000000000000000        0x0 ../../TivaWare/driverlib/gcc/libdriver.a(cpu.o)
 .text.CPUcpsid
                0x0000000000000000        0x8 ../../TivaWare/driverlib/gcc/libdriver.a(cpu.o)
 .text.CPUprimask
                0x0000000000000000        0x6 ../../TivaWare/driverlib/gcc/libdriver.a(cpu.o)
 .text.CPUwfi   0x0000000000000000        0x4 ../../TivaWare/driverlib/gcc/libdriver.a(cpu.o)
 .text.CPUbasepriSet
                0x0000000000000000        0x6 ../../TivaWare/driverlib/gcc/libdriver.a(cpu.o)
 .text.CPUbasepriGet
                0x0000000000000000        0x6 ../../TivaWare/driverlib/gcc/libdriver.a(cpu.o)

Memory Configuration

Name             Origin             Length             Attributes
FLASH            0x0000000000000000 0x0000000000040000 xr
SRAM             0x0000000020000000 0x0000000000008000 xrw
*default*        0x0000000000000000 0xffffffffffffffff

Linker script and memory map


.text           0x0000000000000000     0x11c4
                0x0000000000000000                _text = .
 *(.isr_vector)
 .isr_vector    0x0000000000000000      0x26c src/startup.o
                0x0000000000000000                g_pfnVectors
 *(.text*)
 .text.UARTStdioConfig
                0x000000000000026c       0x60 src/uartstdio.o
                0x000000000000026c                UARTStdioConfig
 .text.UARTwrite
                0x00000000000002cc       0x44 src/uartstdio.o
                0x00000000000002cc                UARTwrite
 .text.UARTvprintf
                0x0000000000000310      0x1ac src/uartstdio.o
                0x0000000000000310                UARTvprintf
 .text.UARTprintf
                0x00000000000004bc       0x1a src/uartstdio.o
                0x00000000000004bc                UARTprintf
 *fill*         0x00000000000004d6        0x2 
 .text.DebugOut
                0x00000000000004d8       0x50 src/main.o
                0x00000000000004d8                DebugOut
 .text.Timer0AIntHandler
                0x0000000000000528       0x1c src/main.o
                0x0000000000000528                Timer0AIntHandler
 .text.SysTickIntHandler
                0x0000000000000544       0x10 src/main.o
                0x0000000000000544                SysTickIntHandler
 .text.readThermocouple
                0x0000000000000554       0xbc src/main.o
                0x0000000000000554                readThermocouple
 .text.ControlOven
                0x0000000000000610        0x4 src/main.o
                0x0000000000000610                ControlOven
 .text.startup.main
                0x0000000000000614      0x184 src/main.o
                0x0000000000000614                main
 .text.NmiSR    0x0000000000000798        0x2 src/startup.o
 .text.FaultISR
                0x000000000000079a        0x2 src/startup.o
 .text.IntDefaultHandler
                0x000000000000079c        0x2 src/startup.o
 *fill*         0x000000000000079e        0x2 
 .text.ResetISR
                0x00000000000007a0       0x58 src/startup.o
                0x00000000000007a0                ResetISR
 .text          0x00000000000007f8      0x370 /usr/bin/../lib/gcc/arm-none-eabi/4.8.1/thumb/cortex-m4/float-abi-hard/fpuv4-sp-d16/libgcc.a(_arm_addsubdf3.o)
                0x00000000000007f8                __aeabi_drsub
                0x0000000000000800                __aeabi_dsub
                0x0000000000000800                __subdf3
                0x0000000000000804                __adddf3
                0x0000000000000804                __aeabi_dadd
                0x0000000000000a7c                __aeabi_ui2d
                0x0000000000000a7c                __floatunsidf
                0x0000000000000a9c                __floatsidf
                0x0000000000000a9c                __aeabi_i2d
                0x0000000000000ac0                __extendsfdf2
                0x0000000000000ac0                __aeabi_f2d
                0x0000000000000afc                __aeabi_ul2d
                0x0000000000000afc                __floatundidf
                0x0000000000000b0c                __floatdidf
                0x0000000000000b0c                __aeabi_l2d
 .text.FPUEnable
                0x0000000000000b68       0x10 ../../TivaWare/driverlib/gcc/libdriver.a(fpu.o)
                0x0000000000000b68                FPUEnable
 .text.FPULazyStackingEnable
                0x0000000000000b78       0x10 ../../TivaWare/driverlib/gcc/libdriver.a(fpu.o)
                0x0000000000000b78                FPULazyStackingEnable
 .text.GPIODirModeSet
                0x0000000000000b88       0x2e ../../TivaWare/driverlib/gcc/libdriver.a(gpio.o)
                0x0000000000000b88                GPIODirModeSet
 .text.GPIOPadConfigSet
                0x0000000000000bb6       0xbc ../../TivaWare/driverlib/gcc/libdriver.a(gpio.o)
                0x0000000000000bb6                GPIOPadConfigSet
 .text.GPIOPinRead
                0x0000000000000c72        0x6 ../../TivaWare/driverlib/gcc/libdriver.a(gpio.o)
                0x0000000000000c72                GPIOPinRead
 .text.GPIOPinWrite
                0x0000000000000c78        0x6 ../../TivaWare/driverlib/gcc/libdriver.a(gpio.o)
                0x0000000000000c78                GPIOPinWrite
 .text.GPIOPinTypeGPIOOutput
                0x0000000000000c7e       0x1c ../../TivaWare/driverlib/gcc/libdriver.a(gpio.o)
                0x0000000000000c7e                GPIOPinTypeGPIOOutput
 .text.GPIOPinTypeSSI
                0x0000000000000c9a       0x1c ../../TivaWare/driverlib/gcc/libdriver.a(gpio.o)
                0x0000000000000c9a                GPIOPinTypeSSI
 .text.GPIOPinTypeUART
                0x0000000000000cb6       0x1c ../../TivaWare/driverlib/gcc/libdriver.a(gpio.o)
                0x0000000000000cb6                GPIOPinTypeUART
 *fill*         0x0000000000000cd2        0x2 
 .text.GPIOPinConfigure
                0x0000000000000cd4       0x48 ../../TivaWare/driverlib/gcc/libdriver.a(gpio.o)
                0x0000000000000cd4                GPIOPinConfigure
 .text.IntMasterEnable
                0x0000000000000d1c        0xe ../../TivaWare/driverlib/gcc/libdriver.a(interrupt.o)
                0x0000000000000d1c                IntMasterEnable
 *fill*         0x0000000000000d2a        0x2 
 .text.IntEnable
                0x0000000000000d2c       0x60 ../../TivaWare/driverlib/gcc/libdriver.a(interrupt.o)
                0x0000000000000d2c                IntEnable
 .text.SSIConfigSetExpClk
                0x0000000000000d8c       0x46 ../../TivaWare/driverlib/gcc/libdriver.a(ssi.o)
                0x0000000000000d8c                SSIConfigSetExpClk
 .text.SSIEnable
                0x0000000000000dd2        0xa ../../TivaWare/driverlib/gcc/libdriver.a(ssi.o)
                0x0000000000000dd2                SSIEnable
 .text.SSIDataPut
                0x0000000000000ddc        0xa ../../TivaWare/driverlib/gcc/libdriver.a(ssi.o)
                0x0000000000000ddc                SSIDataPut
 .text.SSIDataGet
                0x0000000000000de6        0xc ../../TivaWare/driverlib/gcc/libdriver.a(ssi.o)
                0x0000000000000de6                SSIDataGet
 *fill*         0x0000000000000df2        0x2 
 .text.SysCtlPeripheralEnable
                0x0000000000000df4       0x24 ../../TivaWare/driverlib/gcc/libdriver.a(sysctl.o)
                0x0000000000000df4                SysCtlPeripheralEnable
 .text.SysCtlDelay
                0x0000000000000e18        0x8 ../../TivaWare/driverlib/gcc/libdriver.a(sysctl.o)
                0x0000000000000e18                SysCtlDelay
 .text.SysCtlClockSet
                0x0000000000000e20      0x128 ../../TivaWare/driverlib/gcc/libdriver.a(sysctl.o)
                0x0000000000000e20                SysCtlClockSet
 .text.SysCtlClockGet
                0x0000000000000f48       0xc0 ../../TivaWare/driverlib/gcc/libdriver.a(sysctl.o)
                0x0000000000000f48                SysCtlClockGet
 .text.SysTickEnable
                0x0000000000001008       0x10 ../../TivaWare/driverlib/gcc/libdriver.a(systick.o)
                0x0000000000001008                SysTickEnable
 .text.SysTickIntEnable
                0x0000000000001018       0x10 ../../TivaWare/driverlib/gcc/libdriver.a(systick.o)
                0x0000000000001018                SysTickIntEnable
 .text.SysTickPeriodSet
                0x0000000000001028        0xc ../../TivaWare/driverlib/gcc/libdriver.a(systick.o)
                0x0000000000001028                SysTickPeriodSet
 .text.TimerEnable
                0x0000000000001034        0xe ../../TivaWare/driverlib/gcc/libdriver.a(timer.o)
                0x0000000000001034                TimerEnable
 .text.TimerConfigure
                0x0000000000001042       0x24 ../../TivaWare/driverlib/gcc/libdriver.a(timer.o)
                0x0000000000001042                TimerConfigure
 .text.TimerLoadSet
                0x0000000000001066       0x12 ../../TivaWare/driverlib/gcc/libdriver.a(timer.o)
                0x0000000000001066                TimerLoadSet
 .text.TimerIntEnable
                0x0000000000001078        0x8 ../../TivaWare/driverlib/gcc/libdriver.a(timer.o)
                0x0000000000001078                TimerIntEnable
 .text.TimerIntClear
                0x0000000000001080        0x4 ../../TivaWare/driverlib/gcc/libdriver.a(timer.o)
                0x0000000000001080                TimerIntClear
 .text.CPUcpsie
                0x0000000000001084        0x8 ../../TivaWare/driverlib/gcc/libdriver.a(cpu.o)
                0x0000000000001084                CPUcpsie
 *(.rodata*)
 .rodata.g_ui32UARTBase
                0x000000000000108c        0xc src/uartstdio.o
 .rodata.str1.1
                0x0000000000001098       0x1d src/uartstdio.o
                                         0x20 (size before relaxing)
 *fill*         0x00000000000010b5        0x3 
 .rodata.g_ui32UARTPeriph
                0x00000000000010b8        0xc src/uartstdio.o
 .rodata.str1.1
                0x00000000000010c4        0x5 src/main.o
 *fill*         0x00000000000010c9        0x3 
 .rodata.g_pui32GPIOBaseAddrs
                0x00000000000010cc       0x78 ../../TivaWare/driverlib/gcc/libdriver.a(gpio.o)
 .rodata.g_pui32EnRegs
                0x0000000000001144       0x14 ../../TivaWare/driverlib/gcc/libdriver.a(interrupt.o)
 .rodata.g_pui32Xtals
                0x0000000000001158       0x6c ../../TivaWare/driverlib/gcc/libdriver.a(sysctl.o)
                0x00000000000011c4                _etext = .

.glue_7         0x00000000000011c4        0x0
 .glue_7        0x0000000000000000        0x0 linker stubs

.glue_7t        0x00000000000011c4        0x0
 .glue_7t       0x0000000000000000        0x0 linker stubs

.vfp11_veneer   0x00000000000011c4        0x0
 .vfp11_veneer  0x0000000000000000        0x0 linker stubs

.v4_bx          0x00000000000011c4        0x0
 .v4_bx         0x0000000000000000        0x0 linker stubs

.iplt           0x00000000000011c4        0x0
 .iplt          0x0000000000000000        0x0 src/uartstdio.o

.rel.dyn        0x00000000000011c4        0x0
 .rel.iplt      0x0000000000000000        0x0 src/uartstdio.o

.data           0x0000000020000000        0x0 load address 0x00000000000011c4
                0x0000000020000000                _data = .
 *(vtable)
 *(.data*)
                0x0000000020000000                _edata = .

.igot.plt       0x0000000020000000        0x0
 .igot.plt      0x0000000000000000        0x0 src/uartstdio.o

.bss            0x0000000020000000      0x11c
                0x0000000020000000                _bss = .
 *(.bss*)
 .bss.g_ui32Base
                0x0000000020000000        0x4 src/uartstdio.o
 .bss.debugCtr  0x0000000020000004        0x1 src/main.o
 *fill*         0x0000000020000005        0x3 
 .bss.thermocouple
                0x0000000020000008        0x4 src/main.o
 .bss.Timer0AHandler
                0x000000002000000c        0x4 src/main.o
                0x000000002000000c                Timer0AHandler
 .bss.internal_temp
                0x0000000020000010        0x4 src/main.o
 .bss.SysTickHandler
                0x0000000020000014        0x4 src/main.o
                0x0000000020000014                SysTickHandler
 .bss.thermocouple_temp
                0x0000000020000018        0x4 src/main.o
 .bss.pui32Stack
                0x000000002000001c      0x100 src/startup.o
 *(COMMON)
                0x000000002000011c                _ebss = .
LOAD src/uartstdio.o
LOAD src/main.o
LOAD src/startup.o
LOAD /usr/bin/../arm-none-eabi/lib/thumb/cortex-m4/float-abi-hard/fpuv4-sp-d16/libm.a
LOAD /usr/bin/../arm-none-eabi/lib/thumb/cortex-m4/float-abi-hard/fpuv4-sp-d16/libc.a
LOAD /usr/bin/../lib/gcc/arm-none-eabi/4.8.1/thumb/cortex-m4/float-abi-hard/fpuv4-sp-d16/libgcc.a
LOAD ../../TivaWare/driverlib/gcc/libdriver.a
OUTPUT(bin/main.out elf32-littlearm)

.debug_info     0x0000000000000000      0xf60
 .debug_info    0x0000000000000000      0x457 src/uartstdio.o
 .debug_info    0x0000000000000457      0x8b7 src/main.o
 .debug_info    0x0000000000000d0e      0x174 src/startup.o
 .debug_info    0x0000000000000e82       0xde /usr/bin/../lib/gcc/arm-none-eabi/4.8.1/thumb/cortex-m4/float-abi-hard/fpuv4-sp-d16/libgcc.a(_arm_addsubdf3.o)

.debug_abbrev   0x0000000000000000      0x46d
 .debug_abbrev  0x0000000000000000      0x19f src/uartstdio.o
 .debug_abbrev  0x000000000000019f      0x1c9 src/main.o
 .debug_abbrev  0x0000000000000368       0xf1 src/startup.o
 .debug_abbrev  0x0000000000000459       0x14 /usr/bin/../lib/gcc/arm-none-eabi/4.8.1/thumb/cortex-m4/float-abi-hard/fpuv4-sp-d16/libgcc.a(_arm_addsubdf3.o)

.debug_loc      0x0000000000000000      0x566
 .debug_loc     0x0000000000000000      0x537 src/uartstdio.o
 .debug_loc     0x0000000000000537       0x2f src/startup.o

.debug_aranges  0x0000000000000000       0xe8
 .debug_aranges
                0x0000000000000000       0x48 src/uartstdio.o
 .debug_aranges
                0x0000000000000048       0x48 src/main.o
 .debug_aranges
                0x0000000000000090       0x38 src/startup.o
 .debug_aranges
                0x00000000000000c8       0x20 /usr/bin/../lib/gcc/arm-none-eabi/4.8.1/thumb/cortex-m4/float-abi-hard/fpuv4-sp-d16/libgcc.a(_arm_addsubdf3.o)

.debug_ranges   0x0000000000000000       0x98
 .debug_ranges  0x0000000000000000       0x38 src/uartstdio.o
 .debug_ranges  0x0000000000000038       0x38 src/main.o
 .debug_ranges  0x0000000000000070       0x28 src/startup.o

.debug_line     0x0000000000000000      0x681
 .debug_line    0x0000000000000000      0x23f src/uartstdio.o
 .debug_line    0x000000000000023f      0x19e src/main.o
 .debug_line    0x00000000000003dd       0xa9 src/startup.o
 .debug_line    0x0000000000000486      0x1fb /usr/bin/../lib/gcc/arm-none-eabi/4.8.1/thumb/cortex-m4/float-abi-hard/fpuv4-sp-d16/libgcc.a(_arm_addsubdf3.o)

.debug_str      0x0000000000000000      0x52e
 .debug_str     0x0000000000000000      0x27d src/uartstdio.o
                                        0x2d6 (size before relaxing)
 .debug_str     0x000000000000027d      0x23a src/main.o
                                        0x3d4 (size before relaxing)
 .debug_str     0x00000000000004b7       0x77 src/startup.o
                                        0x1ed (size before relaxing)

.comment        0x0000000000000000       0x22
 .comment       0x0000000000000000       0x22 src/uartstdio.o
                                         0x23 (size before relaxing)
 .comment       0x0000000000000000       0x23 src/main.o
 .comment       0x0000000000000000       0x23 src/startup.o
 .comment       0x0000000000000000       0x23 ../../TivaWare/driverlib/gcc/libdriver.a(fpu.o)
 .comment       0x0000000000000000       0x23 ../../TivaWare/driverlib/gcc/libdriver.a(gpio.o)
 .comment       0x0000000000000000       0x23 ../../TivaWare/driverlib/gcc/libdriver.a(interrupt.o)
 .comment       0x0000000000000000       0x23 ../../TivaWare/driverlib/gcc/libdriver.a(ssi.o)
 .comment       0x0000000000000000       0x23 ../../TivaWare/driverlib/gcc/libdriver.a(sysctl.o)
 .comment       0x0000000000000000       0x23 ../../TivaWare/driverlib/gcc/libdriver.a(systick.o)
 .comment       0x0000000000000000       0x23 ../../TivaWare/driverlib/gcc/libdriver.a(timer.o)
 .comment       0x0000000000000000       0x23 ../../TivaWare/driverlib/gcc/libdriver.a(cpu.o)

.ARM.attributes
                0x0000000000000000       0x39
 .ARM.attributes
                0x0000000000000000       0x39 src/uartstdio.o
 .ARM.attributes
                0x0000000000000039       0x39 src/main.o
 .ARM.attributes
                0x0000000000000072       0x39 src/startup.o
 .ARM.attributes
                0x00000000000000ab       0x27 /usr/bin/../lib/gcc/arm-none-eabi/4.8.1/thumb/cortex-m4/float-abi-hard/fpuv4-sp-d16/libgcc.a(_arm_addsubdf3.o)
 .ARM.attributes
                0x00000000000000d2       0x37 ../../TivaWare/driverlib/gcc/libdriver.a(fpu.o)
 .ARM.attributes
                0x0000000000000109       0x37 ../../TivaWare/driverlib/gcc/libdriver.a(gpio.o)
 .ARM.attributes
                0x0000000000000140       0x37 ../../TivaWare/driverlib/gcc/libdriver.a(interrupt.o)
 .ARM.attributes
                0x0000000000000177       0x37 ../../TivaWare/driverlib/gcc/libdriver.a(ssi.o)
 .ARM.attributes
                0x00000000000001ae       0x37 ../../TivaWare/driverlib/gcc/libdriver.a(sysctl.o)
 .ARM.attributes
                0x00000000000001e5       0x37 ../../TivaWare/driverlib/gcc/libdriver.a(systick.o)
 .ARM.attributes
                0x000000000000021c       0x37 ../../TivaWare/driverlib/gcc/libdriver.a(timer.o)
 .ARM.attributes
                0x0000000000000253       0x37 ../../TivaWare/driverlib/gcc/libdriver.a(cpu.o)

.debug_frame    0x0000000000000000      0x1dc
 .debug_frame   0x0000000000000000       0xe0 src/uartstdio.o
 .debug_frame   0x00000000000000e0       0xa4 src/main.o
 .debug_frame   0x0000000000000184       0x58 src/startup.o

Cross Reference Table

Symbol                                            File
CPUbasepriGet                                     ../../TivaWare/driverlib/gcc/libdriver.a(cpu.o)
                                                  ../../TivaWare/driverlib/gcc/libdriver.a(interrupt.o)
CPUbasepriSet                                     ../../TivaWare/driverlib/gcc/libdriver.a(cpu.o)
                                                  ../../TivaWare/driverlib/gcc/libdriver.a(interrupt.o)
CPUcpsid                                          ../../TivaWare/driverlib/gcc/libdriver.a(cpu.o)
                                                  ../../TivaWare/driverlib/gcc/libdriver.a(interrupt.o)
CPUcpsie                                          ../../TivaWare/driverlib/gcc/libdriver.a(cpu.o)
                                                  ../../TivaWare/driverlib/gcc/libdriver.a(interrupt.o)
CPUprimask                                        ../../TivaWare/driverlib/gcc/libdriver.a(cpu.o)
CPUwfi                                            ../../TivaWare/driverlib/gcc/libdriver.a(cpu.o)
                                                  ../../TivaWare/driverlib/gcc/libdriver.a(sysctl.o)
ControlOven                                       src/main.o
DebugOut                                          src/main.o
FPUDisable                                        ../../TivaWare/driverlib/gcc/libdriver.a(fpu.o)
FPUEnable                                         ../../TivaWare/driverlib/gcc/libdriver.a(fpu.o)
                                                  src/main.o
FPUFlushToZeroModeSet                             ../../TivaWare/driverlib/gcc/libdriver.a(fpu.o)
FPUHalfPrecisionModeSet                           ../../TivaWare/driverlib/gcc/libdriver.a(fpu.o)
FPULazyStackingEnable                             ../../TivaWare/driverlib/gcc/libdriver.a(fpu.o)
                                                  src/main.o
FPUNaNModeSet                                     ../../TivaWare/driverlib/gcc/libdriver.a(fpu.o)
FPURoundingModeSet                                ../../TivaWare/driverlib/gcc/libdriver.a(fpu.o)
FPUStackingDisable                                ../../TivaWare/driverlib/gcc/libdriver.a(fpu.o)
FPUStackingEnable                                 ../../TivaWare/driverlib/gcc/libdriver.a(fpu.o)
GPIOADCTriggerDisable                             ../../TivaWare/driverlib/gcc/libdriver.a(gpio.o)
GPIOADCTriggerEnable                              ../../TivaWare/driverlib/gcc/libdriver.a(gpio.o)
GPIODMATriggerDisable                             ../../TivaWare/driverlib/gcc/libdriver.a(gpio.o)
GPIODMATriggerEnable                              ../../TivaWare/driverlib/gcc/libdriver.a(gpio.o)
GPIODirModeGet                                    ../../TivaWare/driverlib/gcc/libdriver.a(gpio.o)
GPIODirModeSet                                    ../../TivaWare/driverlib/gcc/libdriver.a(gpio.o)
GPIOIntClear                                      ../../TivaWare/driverlib/gcc/libdriver.a(gpio.o)
GPIOIntDisable                                    ../../TivaWare/driverlib/gcc/libdriver.a(gpio.o)
GPIOIntEnable                                     ../../TivaWare/driverlib/gcc/libdriver.a(gpio.o)
GPIOIntRegister                                   ../../TivaWare/driverlib/gcc/libdriver.a(gpio.o)
GPIOIntStatus                                     ../../TivaWare/driverlib/gcc/libdriver.a(gpio.o)
GPIOIntTypeGet                                    ../../TivaWare/driverlib/gcc/libdriver.a(gpio.o)
GPIOIntTypeSet                                    ../../TivaWare/driverlib/gcc/libdriver.a(gpio.o)
GPIOIntUnregister                                 ../../TivaWare/driverlib/gcc/libdriver.a(gpio.o)
GPIOPadConfigGet                                  ../../TivaWare/driverlib/gcc/libdriver.a(gpio.o)
GPIOPadConfigSet                                  ../../TivaWare/driverlib/gcc/libdriver.a(gpio.o)
GPIOPinConfigure                                  ../../TivaWare/driverlib/gcc/libdriver.a(gpio.o)
                                                  src/main.o
GPIOPinRead                                       ../../TivaWare/driverlib/gcc/libdriver.a(gpio.o)
                                                  src/main.o
GPIOPinTypeADC                                    ../../TivaWare/driverlib/gcc/libdriver.a(gpio.o)
GPIOPinTypeCAN                                    ../../TivaWare/driverlib/gcc/libdriver.a(gpio.o)
GPIOPinTypeComparator                             ../../TivaWare/driverlib/gcc/libdriver.a(gpio.o)
GPIOPinTypeEPI                                    ../../TivaWare/driverlib/gcc/libdriver.a(gpio.o)
GPIOPinTypeEthernetLED                            ../../TivaWare/driverlib/gcc/libdriver.a(gpio.o)
GPIOPinTypeEthernetMII                            ../../TivaWare/driverlib/gcc/libdriver.a(gpio.o)
GPIOPinTypeFan                                    ../../TivaWare/driverlib/gcc/libdriver.a(gpio.o)
GPIOPinTypeGPIOInput                              ../../TivaWare/driverlib/gcc/libdriver.a(gpio.o)
GPIOPinTypeGPIOOutput                             ../../TivaWare/driverlib/gcc/libdriver.a(gpio.o)
                                                  src/main.o
GPIOPinTypeGPIOOutputOD                           ../../TivaWare/driverlib/gcc/libdriver.a(gpio.o)
GPIOPinTypeI2C                                    ../../TivaWare/driverlib/gcc/libdriver.a(gpio.o)
GPIOPinTypeI2CSCL                                 ../../TivaWare/driverlib/gcc/libdriver.a(gpio.o)
GPIOPinTypeI2S                                    ../../TivaWare/driverlib/gcc/libdriver.a(gpio.o)
GPIOPinTypeLPC                                    ../../TivaWare/driverlib/gcc/libdriver.a(gpio.o)
GPIOPinTypePECIRx                                 ../../TivaWare/driverlib/gcc/libdriver.a(gpio.o)
GPIOPinTypePECITx                                 ../../TivaWare/driverlib/gcc/libdriver.a(gpio.o)
GPIOPinTypePWM                                    ../../TivaWare/driverlib/gcc/libdriver.a(gpio.o)
GPIOPinTypeQEI                                    ../../TivaWare/driverlib/gcc/libdriver.a(gpio.o)
GPIOPinTypeSSI                                    ../../TivaWare/driverlib/gcc/libdriver.a(gpio.o)
                                                  src/main.o
GPIOPinTypeTimer                                  ../../TivaWare/driverlib/gcc/libdriver.a(gpio.o)
GPIOPinTypeUART                                   ../../TivaWare/driverlib/gcc/libdriver.a(gpio.o)
                                                  src/main.o
GPIOPinTypeUSBAnalog                              ../../TivaWare/driverlib/gcc/libdriver.a(gpio.o)
GPIOPinTypeUSBDigital                             ../../TivaWare/driverlib/gcc/libdriver.a(gpio.o)
GPIOPinWrite                                      ../../TivaWare/driverlib/gcc/libdriver.a(gpio.o)
                                                  src/main.o
IntDisable                                        ../../TivaWare/driverlib/gcc/libdriver.a(interrupt.o)
                                                  ../../TivaWare/driverlib/gcc/libdriver.a(timer.o)
                                                  ../../TivaWare/driverlib/gcc/libdriver.a(sysctl.o)
                                                  ../../TivaWare/driverlib/gcc/libdriver.a(ssi.o)
                                                  ../../TivaWare/driverlib/gcc/libdriver.a(gpio.o)
IntEnable                                         ../../TivaWare/driverlib/gcc/libdriver.a(interrupt.o)
                                                  ../../TivaWare/driverlib/gcc/libdriver.a(timer.o)
                                                  ../../TivaWare/driverlib/gcc/libdriver.a(sysctl.o)
                                                  ../../TivaWare/driverlib/gcc/libdriver.a(ssi.o)
                                                  ../../TivaWare/driverlib/gcc/libdriver.a(gpio.o)
                                                  src/main.o
IntIsEnabled                                      ../../TivaWare/driverlib/gcc/libdriver.a(interrupt.o)
IntMasterDisable                                  ../../TivaWare/driverlib/gcc/libdriver.a(interrupt.o)
IntMasterEnable                                   ../../TivaWare/driverlib/gcc/libdriver.a(interrupt.o)
                                                  src/main.o
IntPendClear                                      ../../TivaWare/driverlib/gcc/libdriver.a(interrupt.o)
IntPendSet                                        ../../TivaWare/driverlib/gcc/libdriver.a(interrupt.o)
IntPriorityGet                                    ../../TivaWare/driverlib/gcc/libdriver.a(interrupt.o)
IntPriorityGroupingGet                            ../../TivaWare/driverlib/gcc/libdriver.a(interrupt.o)
IntPriorityGroupingSet                            ../../TivaWare/driverlib/gcc/libdriver.a(interrupt.o)
IntPriorityMaskGet                                ../../TivaWare/driverlib/gcc/libdriver.a(interrupt.o)
IntPriorityMaskSet                                ../../TivaWare/driverlib/gcc/libdriver.a(interrupt.o)
IntPrioritySet                                    ../../TivaWare/driverlib/gcc/libdriver.a(interrupt.o)
IntRegister                                       ../../TivaWare/driverlib/gcc/libdriver.a(interrupt.o)
                                                  ../../TivaWare/driverlib/gcc/libdriver.a(timer.o)
                                                  ../../TivaWare/driverlib/gcc/libdriver.a(systick.o)
                                                  ../../TivaWare/driverlib/gcc/libdriver.a(sysctl.o)
                                                  ../../TivaWare/driverlib/gcc/libdriver.a(ssi.o)
                                                  ../../TivaWare/driverlib/gcc/libdriver.a(gpio.o)
IntTrigger                                        ../../TivaWare/driverlib/gcc/libdriver.a(interrupt.o)
IntUnregister                                     ../../TivaWare/driverlib/gcc/libdriver.a(interrupt.o)
                                                  ../../TivaWare/driverlib/gcc/libdriver.a(timer.o)
                                                  ../../TivaWare/driverlib/gcc/libdriver.a(systick.o)
                                                  ../../TivaWare/driverlib/gcc/libdriver.a(sysctl.o)
                                                  ../../TivaWare/driverlib/gcc/libdriver.a(ssi.o)
                                                  ../../TivaWare/driverlib/gcc/libdriver.a(gpio.o)
ResetISR                                          src/startup.o
SSIBusy                                           ../../TivaWare/driverlib/gcc/libdriver.a(ssi.o)
SSIClockSourceGet                                 ../../TivaWare/driverlib/gcc/libdriver.a(ssi.o)
SSIClockSourceSet                                 ../../TivaWare/driverlib/gcc/libdriver.a(ssi.o)
SSIConfigSetExpClk                                ../../TivaWare/driverlib/gcc/libdriver.a(ssi.o)
                                                  src/main.o
SSIDMADisable                                     ../../TivaWare/driverlib/gcc/libdriver.a(ssi.o)
SSIDMAEnable                                      ../../TivaWare/driverlib/gcc/libdriver.a(ssi.o)
SSIDataGet                                        ../../TivaWare/driverlib/gcc/libdriver.a(ssi.o)
                                                  src/main.o
SSIDataGetNonBlocking                             ../../TivaWare/driverlib/gcc/libdriver.a(ssi.o)
SSIDataPut                                        ../../TivaWare/driverlib/gcc/libdriver.a(ssi.o)
                                                  src/main.o
SSIDataPutNonBlocking                             ../../TivaWare/driverlib/gcc/libdriver.a(ssi.o)
SSIDisable                                        ../../TivaWare/driverlib/gcc/libdriver.a(ssi.o)
SSIEnable                                         ../../TivaWare/driverlib/gcc/libdriver.a(ssi.o)
                                                  src/main.o
SSIIntClear                                       ../../TivaWare/driverlib/gcc/libdriver.a(ssi.o)
SSIIntDisable                                     ../../TivaWare/driverlib/gcc/libdriver.a(ssi.o)
SSIIntEnable                                      ../../TivaWare/driverlib/gcc/libdriver.a(ssi.o)
SSIIntRegister                                    ../../TivaWare/driverlib/gcc/libdriver.a(ssi.o)
SSIIntStatus                                      ../../TivaWare/driverlib/gcc/libdriver.a(ssi.o)
SSIIntUnregister                                  ../../TivaWare/driverlib/gcc/libdriver.a(ssi.o)
SysCtlADCSpeedGet                                 ../../TivaWare/driverlib/gcc/libdriver.a(sysctl.o)
SysCtlADCSpeedSet                                 ../../TivaWare/driverlib/gcc/libdriver.a(sysctl.o)
SysCtlClockGet                                    ../../TivaWare/driverlib/gcc/libdriver.a(sysctl.o)
                                                  src/main.o
SysCtlClockSet                                    ../../TivaWare/driverlib/gcc/libdriver.a(sysctl.o)
                                                  src/main.o
SysCtlDeepSleep                                   ../../TivaWare/driverlib/gcc/libdriver.a(sysctl.o)
SysCtlDeepSleepClockSet                           ../../TivaWare/driverlib/gcc/libdriver.a(sysctl.o)
SysCtlDelay                                       ../../TivaWare/driverlib/gcc/libdriver.a(sysctl.o)
                                                  src/main.o
SysCtlFlashSizeGet                                ../../TivaWare/driverlib/gcc/libdriver.a(sysctl.o)
SysCtlGPIOAHBDisable                              ../../TivaWare/driverlib/gcc/libdriver.a(sysctl.o)
SysCtlGPIOAHBEnable                               ../../TivaWare/driverlib/gcc/libdriver.a(sysctl.o)
SysCtlIntClear                                    ../../TivaWare/driverlib/gcc/libdriver.a(sysctl.o)
SysCtlIntDisable                                  ../../TivaWare/driverlib/gcc/libdriver.a(sysctl.o)
SysCtlIntEnable                                   ../../TivaWare/driverlib/gcc/libdriver.a(sysctl.o)
SysCtlIntRegister                                 ../../TivaWare/driverlib/gcc/libdriver.a(sysctl.o)
SysCtlIntStatus                                   ../../TivaWare/driverlib/gcc/libdriver.a(sysctl.o)
SysCtlIntUnregister                               ../../TivaWare/driverlib/gcc/libdriver.a(sysctl.o)
SysCtlMOSCConfigSet                               ../../TivaWare/driverlib/gcc/libdriver.a(sysctl.o)
SysCtlPIOSCCalibrate                              ../../TivaWare/driverlib/gcc/libdriver.a(sysctl.o)
SysCtlPWMClockGet                                 ../../TivaWare/driverlib/gcc/libdriver.a(sysctl.o)
SysCtlPWMClockSet                                 ../../TivaWare/driverlib/gcc/libdriver.a(sysctl.o)
SysCtlPeripheralClockGating                       ../../TivaWare/driverlib/gcc/libdriver.a(sysctl.o)
SysCtlPeripheralDeepSleepDisable                  ../../TivaWare/driverlib/gcc/libdriver.a(sysctl.o)
SysCtlPeripheralDeepSleepEnable                   ../../TivaWare/driverlib/gcc/libdriver.a(sysctl.o)
SysCtlPeripheralDisable                           ../../TivaWare/driverlib/gcc/libdriver.a(sysctl.o)
SysCtlPeripheralEnable                            ../../TivaWare/driverlib/gcc/libdriver.a(sysctl.o)
                                                  src/main.o
SysCtlPeripheralPowerOff                          ../../TivaWare/driverlib/gcc/libdriver.a(sysctl.o)
SysCtlPeripheralPowerOn                           ../../TivaWare/driverlib/gcc/libdriver.a(sysctl.o)
SysCtlPeripheralPresent                           ../../TivaWare/driverlib/gcc/libdriver.a(sysctl.o)
SysCtlPeripheralReady                             ../../TivaWare/driverlib/gcc/libdriver.a(sysctl.o)
SysCtlPeripheralReset                             ../../TivaWare/driverlib/gcc/libdriver.a(sysctl.o)
SysCtlPeripheralSleepDisable                      ../../TivaWare/driverlib/gcc/libdriver.a(sysctl.o)
SysCtlPeripheralSleepEnable                       ../../TivaWare/driverlib/gcc/libdriver.a(sysctl.o)
SysCtlReset                                       ../../TivaWare/driverlib/gcc/libdriver.a(sysctl.o)
SysCtlResetCauseClear                             ../../TivaWare/driverlib/gcc/libdriver.a(sysctl.o)
SysCtlResetCauseGet                               ../../TivaWare/driverlib/gcc/libdriver.a(sysctl.o)
SysCtlSRAMSizeGet                                 ../../TivaWare/driverlib/gcc/libdriver.a(sysctl.o)
SysCtlSleep                                       ../../TivaWare/driverlib/gcc/libdriver.a(sysctl.o)
SysCtlUSBPLLDisable                               ../../TivaWare/driverlib/gcc/libdriver.a(sysctl.o)
SysCtlUSBPLLEnable                                ../../TivaWare/driverlib/gcc/libdriver.a(sysctl.o)
SysTickDisable                                    ../../TivaWare/driverlib/gcc/libdriver.a(systick.o)
SysTickEnable                                     ../../TivaWare/driverlib/gcc/libdriver.a(systick.o)
                                                  src/main.o
SysTickHandler                                    src/main.o
SysTickIntDisable                                 ../../TivaWare/driverlib/gcc/libdriver.a(systick.o)
SysTickIntEnable                                  ../../TivaWare/driverlib/gcc/libdriver.a(systick.o)
                                                  src/main.o
SysTickIntHandler                                 src/main.o
                                                  src/startup.o
SysTickIntRegister                                ../../TivaWare/driverlib/gcc/libdriver.a(systick.o)
SysTickIntUnregister                              ../../TivaWare/driverlib/gcc/libdriver.a(systick.o)
SysTickPeriodGet                                  ../../TivaWare/driverlib/gcc/libdriver.a(systick.o)
SysTickPeriodSet                                  ../../TivaWare/driverlib/gcc/libdriver.a(systick.o)
                                                  src/main.o
SysTickValueGet                                   ../../TivaWare/driverlib/gcc/libdriver.a(systick.o)
Timer0AHandler                                    src/main.o
Timer0AIntHandler                                 src/main.o
                                                  src/startup.o
TimerConfigure                                    ../../TivaWare/driverlib/gcc/libdriver.a(timer.o)
                                                  src/main.o
TimerControlEvent                                 ../../TivaWare/driverlib/gcc/libdriver.a(timer.o)
TimerControlLevel                                 ../../TivaWare/driverlib/gcc/libdriver.a(timer.o)
TimerControlStall                                 ../../TivaWare/driverlib/gcc/libdriver.a(timer.o)
TimerControlTrigger                               ../../TivaWare/driverlib/gcc/libdriver.a(timer.o)
TimerControlWaitOnTrigger                         ../../TivaWare/driverlib/gcc/libdriver.a(timer.o)
TimerDisable                                      ../../TivaWare/driverlib/gcc/libdriver.a(timer.o)
TimerEnable                                       ../../TivaWare/driverlib/gcc/libdriver.a(timer.o)
                                                  src/main.o
TimerIntClear                                     ../../TivaWare/driverlib/gcc/libdriver.a(timer.o)
                                                  src/main.o
TimerIntDisable                                   ../../TivaWare/driverlib/gcc/libdriver.a(timer.o)
TimerIntEnable                                    ../../TivaWare/driverlib/gcc/libdriver.a(timer.o)
                                                  src/main.o
TimerIntRegister                                  ../../TivaWare/driverlib/gcc/libdriver.a(timer.o)
TimerIntStatus                                    ../../TivaWare/driverlib/gcc/libdriver.a(timer.o)
TimerIntUnregister                                ../../TivaWare/driverlib/gcc/libdriver.a(timer.o)
TimerLoadGet                                      ../../TivaWare/driverlib/gcc/libdriver.a(timer.o)
TimerLoadGet64                                    ../../TivaWare/driverlib/gcc/libdriver.a(timer.o)
TimerLoadSet                                      ../../TivaWare/driverlib/gcc/libdriver.a(timer.o)
                                                  src/main.o
TimerLoadSet64                                    ../../TivaWare/driverlib/gcc/libdriver.a(timer.o)
TimerMatchGet                                     ../../TivaWare/driverlib/gcc/libdriver.a(timer.o)
TimerMatchGet64                                   ../../TivaWare/driverlib/gcc/libdriver.a(timer.o)
TimerMatchSet                                     ../../TivaWare/driverlib/gcc/libdriver.a(timer.o)
TimerMatchSet64                                   ../../TivaWare/driverlib/gcc/libdriver.a(timer.o)
TimerPrescaleGet                                  ../../TivaWare/driverlib/gcc/libdriver.a(timer.o)
TimerPrescaleMatchGet                             ../../TivaWare/driverlib/gcc/libdriver.a(timer.o)
TimerPrescaleMatchSet                             ../../TivaWare/driverlib/gcc/libdriver.a(timer.o)
TimerPrescaleSet                                  ../../TivaWare/driverlib/gcc/libdriver.a(timer.o)
TimerRTCDisable                                   ../../TivaWare/driverlib/gcc/libdriver.a(timer.o)
TimerRTCEnable                                    ../../TivaWare/driverlib/gcc/libdriver.a(timer.o)
TimerSynchronize                                  ../../TivaWare/driverlib/gcc/libdriver.a(timer.o)
TimerValueGet                                     ../../TivaWare/driverlib/gcc/libdriver.a(timer.o)
TimerValueGet64                                   ../../TivaWare/driverlib/gcc/libdriver.a(timer.o)
UARTStdioConfig                                   src/uartstdio.o
                                                  src/main.o
UARTgetc                                          src/uartstdio.o
UARTgets                                          src/uartstdio.o
UARTprintf                                        src/uartstdio.o
                                                  src/main.o
UARTvprintf                                       src/uartstdio.o
UARTwrite                                         src/uartstdio.o
__adddf3                                          /usr/bin/../lib/gcc/arm-none-eabi/4.8.1/thumb/cortex-m4/float-abi-hard/fpuv4-sp-d16/libgcc.a(_arm_addsubdf3.o)
__aeabi_dadd                                      /usr/bin/../lib/gcc/arm-none-eabi/4.8.1/thumb/cortex-m4/float-abi-hard/fpuv4-sp-d16/libgcc.a(_arm_addsubdf3.o)
__aeabi_drsub                                     /usr/bin/../lib/gcc/arm-none-eabi/4.8.1/thumb/cortex-m4/float-abi-hard/fpuv4-sp-d16/libgcc.a(_arm_addsubdf3.o)
__aeabi_dsub                                      /usr/bin/../lib/gcc/arm-none-eabi/4.8.1/thumb/cortex-m4/float-abi-hard/fpuv4-sp-d16/libgcc.a(_arm_addsubdf3.o)
__aeabi_f2d                                       /usr/bin/../lib/gcc/arm-none-eabi/4.8.1/thumb/cortex-m4/float-abi-hard/fpuv4-sp-d16/libgcc.a(_arm_addsubdf3.o)
                                                  src/main.o
__aeabi_i2d                                       /usr/bin/../lib/gcc/arm-none-eabi/4.8.1/thumb/cortex-m4/float-abi-hard/fpuv4-sp-d16/libgcc.a(_arm_addsubdf3.o)
__aeabi_l2d                                       /usr/bin/../lib/gcc/arm-none-eabi/4.8.1/thumb/cortex-m4/float-abi-hard/fpuv4-sp-d16/libgcc.a(_arm_addsubdf3.o)
__aeabi_ui2d                                      /usr/bin/../lib/gcc/arm-none-eabi/4.8.1/thumb/cortex-m4/float-abi-hard/fpuv4-sp-d16/libgcc.a(_arm_addsubdf3.o)
__aeabi_ul2d                                      /usr/bin/../lib/gcc/arm-none-eabi/4.8.1/thumb/cortex-m4/float-abi-hard/fpuv4-sp-d16/libgcc.a(_arm_addsubdf3.o)
__extendsfdf2                                     /usr/bin/../lib/gcc/arm-none-eabi/4.8.1/thumb/cortex-m4/float-abi-hard/fpuv4-sp-d16/libgcc.a(_arm_addsubdf3.o)
__floatdidf                                       /usr/bin/../lib/gcc/arm-none-eabi/4.8.1/thumb/cortex-m4/float-abi-hard/fpuv4-sp-d16/libgcc.a(_arm_addsubdf3.o)
__floatsidf                                       /usr/bin/../lib/gcc/arm-none-eabi/4.8.1/thumb/cortex-m4/float-abi-hard/fpuv4-sp-d16/libgcc.a(_arm_addsubdf3.o)
__floatundidf                                     /usr/bin/../lib/gcc/arm-none-eabi/4.8.1/thumb/cortex-m4/float-abi-hard/fpuv4-sp-d16/libgcc.a(_arm_addsubdf3.o)
__floatunsidf                                     /usr/bin/../lib/gcc/arm-none-eabi/4.8.1/thumb/cortex-m4/float-abi-hard/fpuv4-sp-d16/libgcc.a(_arm_addsubdf3.o)
__subdf3                                          /usr/bin/../lib/gcc/arm-none-eabi/4.8.1/thumb/cortex-m4/float-abi-hard/fpuv4-sp-d16/libgcc.a(_arm_addsubdf3.o)
_bss                                              src/startup.o
_data                                             src/startup.o
_ebss                                             src/startup.o
_edata                                            src/startup.o
_etext                                            src/startup.o
bNewPLL                                           ../../TivaWare/driverlib/gcc/libdriver.a(sysctl.o)
g_pfnVectors                                      src/startup.o
main                                              src/main.o
                                                  src/startup.o
readThermocouple                                  src/main.o
ui32Osc                                           ../../TivaWare/driverlib/gcc/libdriver.a(sysctl.o)
ui32OscSelect                                     ../../TivaWare/driverlib/gcc/libdriver.a(sysctl.o)
ui32RSClkConfig                                   ../../TivaWare/driverlib/gcc/libdriver.a(sysctl.o)
ui32SysDiv                                        ../../TivaWare/driverlib/gcc/libdriver.a(sysctl.o)
