Archive member included because of file (symbol)

/usr/bin/../arm-none-eabi/lib/thumb/cortex-m4/float-abi-hard/fpuv4-sp-d16/libm.a(lib_a-s_cos.o)
                              src/main.o (cos)
/usr/bin/../arm-none-eabi/lib/thumb/cortex-m4/float-abi-hard/fpuv4-sp-d16/libm.a(lib_a-w_exp.o)
                              src/main.o (exp)
/usr/bin/../arm-none-eabi/lib/thumb/cortex-m4/float-abi-hard/fpuv4-sp-d16/libm.a(lib_a-e_exp.o)
                              /usr/bin/../arm-none-eabi/lib/thumb/cortex-m4/float-abi-hard/fpuv4-sp-d16/libm.a(lib_a-w_exp.o) (__ieee754_exp)
/usr/bin/../arm-none-eabi/lib/thumb/cortex-m4/float-abi-hard/fpuv4-sp-d16/libm.a(lib_a-e_rem_pio2.o)
                              /usr/bin/../arm-none-eabi/lib/thumb/cortex-m4/float-abi-hard/fpuv4-sp-d16/libm.a(lib_a-s_cos.o) (__ieee754_rem_pio2)
/usr/bin/../arm-none-eabi/lib/thumb/cortex-m4/float-abi-hard/fpuv4-sp-d16/libm.a(lib_a-k_cos.o)
                              /usr/bin/../arm-none-eabi/lib/thumb/cortex-m4/float-abi-hard/fpuv4-sp-d16/libm.a(lib_a-s_cos.o) (__kernel_cos)
/usr/bin/../arm-none-eabi/lib/thumb/cortex-m4/float-abi-hard/fpuv4-sp-d16/libm.a(lib_a-k_rem_pio2.o)
                              /usr/bin/../arm-none-eabi/lib/thumb/cortex-m4/float-abi-hard/fpuv4-sp-d16/libm.a(lib_a-e_rem_pio2.o) (__kernel_rem_pio2)
/usr/bin/../arm-none-eabi/lib/thumb/cortex-m4/float-abi-hard/fpuv4-sp-d16/libm.a(lib_a-k_sin.o)
                              /usr/bin/../arm-none-eabi/lib/thumb/cortex-m4/float-abi-hard/fpuv4-sp-d16/libm.a(lib_a-s_cos.o) (__kernel_sin)
/usr/bin/../arm-none-eabi/lib/thumb/cortex-m4/float-abi-hard/fpuv4-sp-d16/libm.a(lib_a-s_fabs.o)
                              /usr/bin/../arm-none-eabi/lib/thumb/cortex-m4/float-abi-hard/fpuv4-sp-d16/libm.a(lib_a-e_rem_pio2.o) (fabs)
/usr/bin/../arm-none-eabi/lib/thumb/cortex-m4/float-abi-hard/fpuv4-sp-d16/libm.a(lib_a-s_finite.o)
                              /usr/bin/../arm-none-eabi/lib/thumb/cortex-m4/float-abi-hard/fpuv4-sp-d16/libm.a(lib_a-w_exp.o) (finite)
/usr/bin/../arm-none-eabi/lib/thumb/cortex-m4/float-abi-hard/fpuv4-sp-d16/libm.a(lib_a-s_floor.o)
                              /usr/bin/../arm-none-eabi/lib/thumb/cortex-m4/float-abi-hard/fpuv4-sp-d16/libm.a(lib_a-k_rem_pio2.o) (floor)
/usr/bin/../arm-none-eabi/lib/thumb/cortex-m4/float-abi-hard/fpuv4-sp-d16/libm.a(lib_a-s_lib_ver.o)
                              /usr/bin/../arm-none-eabi/lib/thumb/cortex-m4/float-abi-hard/fpuv4-sp-d16/libm.a(lib_a-w_exp.o) (__fdlib_version)
/usr/bin/../arm-none-eabi/lib/thumb/cortex-m4/float-abi-hard/fpuv4-sp-d16/libm.a(lib_a-s_matherr.o)
                              /usr/bin/../arm-none-eabi/lib/thumb/cortex-m4/float-abi-hard/fpuv4-sp-d16/libm.a(lib_a-w_exp.o) (matherr)
/usr/bin/../arm-none-eabi/lib/thumb/cortex-m4/float-abi-hard/fpuv4-sp-d16/libm.a(lib_a-s_scalbn.o)
                              /usr/bin/../arm-none-eabi/lib/thumb/cortex-m4/float-abi-hard/fpuv4-sp-d16/libm.a(lib_a-k_rem_pio2.o) (scalbn)
/usr/bin/../arm-none-eabi/lib/thumb/cortex-m4/float-abi-hard/fpuv4-sp-d16/libm.a(lib_a-s_copysign.o)
                              /usr/bin/../arm-none-eabi/lib/thumb/cortex-m4/float-abi-hard/fpuv4-sp-d16/libm.a(lib_a-s_scalbn.o) (copysign)
/usr/bin/../arm-none-eabi/lib/thumb/cortex-m4/float-abi-hard/fpuv4-sp-d16/libc.a(lib_a-errno.o)
                              /usr/bin/../arm-none-eabi/lib/thumb/cortex-m4/float-abi-hard/fpuv4-sp-d16/libm.a(lib_a-w_exp.o) (__errno)
/usr/bin/../arm-none-eabi/lib/thumb/cortex-m4/float-abi-hard/fpuv4-sp-d16/libc.a(lib_a-impure.o)
                              /usr/bin/../arm-none-eabi/lib/thumb/cortex-m4/float-abi-hard/fpuv4-sp-d16/libc.a(lib_a-errno.o) (_impure_ptr)
/usr/bin/../lib/gcc/arm-none-eabi/4.8.1/thumb/cortex-m4/float-abi-hard/fpuv4-sp-d16/libgcc.a(_arm_addsubdf3.o)
                              src/main.o (__aeabi_dsub)
/usr/bin/../lib/gcc/arm-none-eabi/4.8.1/thumb/cortex-m4/float-abi-hard/fpuv4-sp-d16/libgcc.a(_arm_muldivdf3.o)
                              src/main.o (__aeabi_dmul)
/usr/bin/../lib/gcc/arm-none-eabi/4.8.1/thumb/cortex-m4/float-abi-hard/fpuv4-sp-d16/libgcc.a(_arm_cmpdf2.o)
                              /usr/bin/../arm-none-eabi/lib/thumb/cortex-m4/float-abi-hard/fpuv4-sp-d16/libm.a(lib_a-e_rem_pio2.o) (__aeabi_dcmpeq)
/usr/bin/../lib/gcc/arm-none-eabi/4.8.1/thumb/cortex-m4/float-abi-hard/fpuv4-sp-d16/libgcc.a(_arm_fixdfsi.o)
                              /usr/bin/../arm-none-eabi/lib/thumb/cortex-m4/float-abi-hard/fpuv4-sp-d16/libm.a(lib_a-e_exp.o) (__aeabi_d2iz)
/usr/bin/../lib/gcc/arm-none-eabi/4.8.1/thumb/cortex-m4/float-abi-hard/fpuv4-sp-d16/libgcc.a(_arm_fixunsdfsi.o)
                              src/main.o (__aeabi_d2uiz)
../../TivaWare/driverlib/gcc/libdriver.a(fpu.o)
                              src/main.o (FPUEnable)
../../TivaWare/driverlib/gcc/libdriver.a(gpio.o)
                              src/main.o (GPIOPinTypeTimer)
../../TivaWare/driverlib/gcc/libdriver.a(interrupt.o)
[...]
Memory Configuration

Name             Origin             Length             Attributes
FLASH            0x0000000000000000 0x0000000000040000 xr
SRAM             0x0000000020000000 0x0000000000008000 xrw
*default*        0x0000000000000000 0xffffffffffffffff

Linker script and memory map

                0x0000000000001000                _stack_size = 0x1000

.text           0x0000000000000000     0x2c00
                0x0000000000000000                _text = .
 *(.isr_vector)
 .isr_vector    0x0000000000000000      0x26c src/startup.o
                0x0000000000000000                g_pfnVectors
 *(.text*)
 *fill*         0x000000000000026c        0x4 
 .text.SysTickIntHandler
                0x0000000000000270       0x88 src/main.o
                0x0000000000000270                SysTickIntHandler
 .text.startup.main
                0x00000000000002f8       0x88 src/main.o
                0x00000000000002f8                main
 .text.NmiSR    0x0000000000000380        0x2 src/startup.o
 .text.FaultISR
                0x0000000000000382        0x2 src/startup.o
 .text.IntDefaultHandler
                0x0000000000000384        0x2 src/startup.o
 *fill*         0x0000000000000386        0x2 
 .text.ResetISR
                0x0000000000000388       0x48 src/startup.o
                0x0000000000000388                ResetISR
 .text          0x00000000000003d0       0xb8 /usr/bin/../arm-none-eabi/lib/thumb/cortex-m4/float-abi-hard/fpuv4-sp-d16/libm.a(lib_a-s_cos.o)
                0x00000000000003d0                cos
 .text          0x0000000000000488      0x118 /usr/bin/../arm-none-eabi/lib/thumb/cortex-m4/float-abi-hard/fpuv4-sp-d16/libm.a(lib_a-w_exp.o)
                0x0000000000000488                exp
 .text          0x00000000000005a0      0x340 /usr/bin/../arm-none-eabi/lib/thumb/cortex-m4/float-abi-hard/fpuv4-sp-d16/libm.a(lib_a-e_exp.o)
                0x00000000000005a0                __ieee754_exp
 .text          0x00000000000008e0      0x478 /usr/bin/../arm-none-eabi/lib/thumb/cortex-m4/float-abi-hard/fpuv4-sp-d16/libm.a(lib_a-e_rem_pio2.o)
                0x00000000000008e0                __ieee754_rem_pio2
 .text          0x0000000000000d58      0x288 /usr/bin/../arm-none-eabi/lib/thumb/cortex-m4/float-abi-hard/fpuv4-sp-d16/libm.a(lib_a-k_cos.o)
                0x0000000000000d58                __kernel_cos
 .text          0x0000000000000fe0      0x7b8 /usr/bin/../arm-none-eabi/lib/thumb/cortex-m4/float-abi-hard/fpuv4-sp-d16/libm.a(lib_a-k_rem_pio2.o)
                0x0000000000000fe0                __kernel_rem_pio2
 .text          0x0000000000001798      0x180 /usr/bin/../arm-none-eabi/lib/thumb/cortex-m4/float-abi-hard/fpuv4-sp-d16/libm.a(lib_a-k_sin.o)
                0x0000000000001798                __kernel_sin
 .text          0x0000000000001918       0x14 /usr/bin/../arm-none-eabi/lib/thumb/cortex-m4/float-abi-hard/fpuv4-sp-d16/libm.a(lib_a-s_fabs.o)
                0x0000000000001918                fabs
 .text          0x000000000000192c       0x10 /usr/bin/../arm-none-eabi/lib/thumb/cortex-m4/float-abi-hard/fpuv4-sp-d16/libm.a(lib_a-s_finite.o)
                0x000000000000192c                finite
 *fill*         0x000000000000193c        0x4 
 .text          0x0000000000001940      0x130 /usr/bin/../arm-none-eabi/lib/thumb/cortex-m4/float-abi-hard/fpuv4-sp-d16/libm.a(lib_a-s_floor.o)
                0x0000000000001940                floor
 .text          0x0000000000001a70        0x4 /usr/bin/../arm-none-eabi/lib/thumb/cortex-m4/float-abi-hard/fpuv4-sp-d16/libm.a(lib_a-s_matherr.o)
                0x0000000000001a70                matherr
 *fill*         0x0000000000001a74        0x4 
 .text          0x0000000000001a78      0x110 /usr/bin/../arm-none-eabi/lib/thumb/cortex-m4/float-abi-hard/fpuv4-sp-d16/libm.a(lib_a-s_scalbn.o)
                0x0000000000001a78                scalbn
 .text          0x0000000000001b88       0x24 /usr/bin/../arm-none-eabi/lib/thumb/cortex-m4/float-abi-hard/fpuv4-sp-d16/libm.a(lib_a-s_copysign.o)
                0x0000000000001b88                copysign
 .text          0x0000000000001bac        0xc /usr/bin/../arm-none-eabi/lib/thumb/cortex-m4/float-abi-hard/fpuv4-sp-d16/libc.a(lib_a-errno.o)
                0x0000000000001bac                __errno
 .text          0x0000000000001bb8      0x370 /usr/bin/../lib/gcc/arm-none-eabi/4.8.1/thumb/cortex-m4/float-abi-hard/fpuv4-sp-d16/libgcc.a(_arm_addsubdf3.o)
                0x0000000000001bb8                __aeabi_drsub
                0x0000000000001bc0                __aeabi_dsub
                0x0000000000001bc0                __subdf3
                0x0000000000001bc4                __adddf3
                0x0000000000001bc4                __aeabi_dadd
                0x0000000000001e3c                __aeabi_ui2d
                0x0000000000001e3c                __floatunsidf
                0x0000000000001e5c                __floatsidf
                0x0000000000001e5c                __aeabi_i2d
                0x0000000000001e80                __extendsfdf2
                0x0000000000001e80                __aeabi_f2d
                0x0000000000001ebc                __aeabi_ul2d
                0x0000000000001ebc                __floatundidf
                0x0000000000001ecc                __floatdidf
                0x0000000000001ecc                __aeabi_l2d
 .text          0x0000000000001f28      0x424 /usr/bin/../lib/gcc/arm-none-eabi/4.8.1/thumb/cortex-m4/float-abi-hard/fpuv4-sp-d16/libgcc.a(_arm_muldivdf3.o)
                0x0000000000001f28                __aeabi_dmul
                0x0000000000001f28                __muldf3
                0x000000000000217c                __aeabi_ddiv
                0x000000000000217c                __divdf3
 .text          0x000000000000234c      0x110 /usr/bin/../lib/gcc/arm-none-eabi/4.8.1/thumb/cortex-m4/float-abi-hard/fpuv4-sp-d16/libgcc.a(_arm_cmpdf2.o)
                0x000000000000234c                __gtdf2
                0x000000000000234c                __gedf2
                0x0000000000002354                __ltdf2
                0x0000000000002354                __ledf2
                0x000000000000235c                __cmpdf2
                0x000000000000235c                __eqdf2
                0x000000000000235c                __nedf2
                0x00000000000023d8                __aeabi_cdrcmple
                0x00000000000023e8                __aeabi_cdcmple
                0x00000000000023e8                __aeabi_cdcmpeq
                0x00000000000023f8                __aeabi_dcmpeq
                0x000000000000240c                __aeabi_dcmplt
                0x0000000000002420                __aeabi_dcmple
                0x0000000000002434                __aeabi_dcmpge
                0x0000000000002448                __aeabi_dcmpgt
 .text          0x000000000000245c       0x50 /usr/bin/../lib/gcc/arm-none-eabi/4.8.1/thumb/cortex-m4/float-abi-hard/fpuv4-sp-d16/libgcc.a(_arm_fixdfsi.o)
                0x000000000000245c                __fixdfsi
                0x000000000000245c                __aeabi_d2iz
 .text          0x00000000000024ac       0x40 /usr/bin/../lib/gcc/arm-none-eabi/4.8.1/thumb/cortex-m4/float-abi-hard/fpuv4-sp-d16/libgcc.a(_arm_fixunsdfsi.o)
                0x00000000000024ac                __fixunsdfsi
                0x00000000000024ac                __aeabi_d2uiz
 .text.FPUEnable
                0x00000000000024ec       0x10 ../../TivaWare/driverlib/gcc/libdriver.a(fpu.o)
                0x00000000000024ec                FPUEnable
 .text.FPULazyStackingEnable
                0x00000000000024fc       0x10 ../../TivaWare/driverlib/gcc/libdriver.a(fpu.o)
                0x00000000000024fc                FPULazyStackingEnable
 .text.GPIODirModeSet
                0x000000000000250c       0x2e ../../TivaWare/driverlib/gcc/libdriver.a(gpio.o)
                0x000000000000250c                GPIODirModeSet
 .text.GPIOPadConfigSet
                0x000000000000253a       0xbc ../../TivaWare/driverlib/gcc/libdriver.a(gpio.o)
                0x000000000000253a                GPIOPadConfigSet
 .text.GPIOPinTypeTimer
                0x00000000000025f6       0x1c ../../TivaWare/driverlib/gcc/libdriver.a(gpio.o)
                0x00000000000025f6                GPIOPinTypeTimer
 *fill*         0x0000000000002612        0x2 
 .text.GPIOPinConfigure
                0x0000000000002614       0x48 ../../TivaWare/driverlib/gcc/libdriver.a(gpio.o)
                0x0000000000002614                GPIOPinConfigure
 .text.IntMasterEnable
                0x000000000000265c        0xe ../../TivaWare/driverlib/gcc/libdriver.a(interrupt.o)
                0x000000000000265c                IntMasterEnable
 *fill*         0x000000000000266a        0x2 
 .text.SysCtlPeripheralEnable
                0x000000000000266c       0x24 ../../TivaWare/driverlib/gcc/libdriver.a(sysctl.o)
                0x000000000000266c                SysCtlPeripheralEnable
 .text.SysCtlDelay
                0x0000000000002690        0x8 ../../TivaWare/driverlib/gcc/libdriver.a(sysctl.o)
                0x0000000000002690                SysCtlDelay
 .text.SysCtlClockSet
                0x0000000000002698      0x128 ../../TivaWare/driverlib/gcc/libdriver.a(sysctl.o)
                0x0000000000002698                SysCtlClockSet
 .text.SysCtlClockGet
                0x00000000000027c0       0xc0 ../../TivaWare/driverlib/gcc/libdriver.a(sysctl.o)
                0x00000000000027c0                SysCtlClockGet
 .text.SysTickEnable
                0x0000000000002880       0x10 ../../TivaWare/driverlib/gcc/libdriver.a(systick.o)
                0x0000000000002880                SysTickEnable
 .text.SysTickIntEnable
                0x0000000000002890       0x10 ../../TivaWare/driverlib/gcc/libdriver.a(systick.o)
                0x0000000000002890                SysTickIntEnable
 .text.SysTickPeriodSet
                0x00000000000028a0        0xc ../../TivaWare/driverlib/gcc/libdriver.a(systick.o)
                0x00000000000028a0                SysTickPeriodSet
 .text.TimerEnable
                0x00000000000028ac        0xe ../../TivaWare/driverlib/gcc/libdriver.a(timer.o)
                0x00000000000028ac                TimerEnable
 .text.TimerConfigure
                0x00000000000028ba       0x24 ../../TivaWare/driverlib/gcc/libdriver.a(timer.o)
                0x00000000000028ba                TimerConfigure
 .text.TimerLoadSet
                0x00000000000028de       0x12 ../../TivaWare/driverlib/gcc/libdriver.a(timer.o)
                0x00000000000028de                TimerLoadSet
 .text.TimerMatchSet
                0x00000000000028f0       0x12 ../../TivaWare/driverlib/gcc/libdriver.a(timer.o)
                0x00000000000028f0                TimerMatchSet
 .text.CPUcpsie
                0x0000000000002902        0x8 ../../TivaWare/driverlib/gcc/libdriver.a(cpu.o)
                0x0000000000002902                CPUcpsie
 *(.rodata*)
 *fill*         0x000000000000290a        0x2 
 .rodata.str1.4
                0x000000000000290c        0x4 /usr/bin/../arm-none-eabi/lib/thumb/cortex-m4/float-abi-hard/fpuv4-sp-d16/libm.a(lib_a-w_exp.o)
 .rodata        0x0000000000002910       0x30 /usr/bin/../arm-none-eabi/lib/thumb/cortex-m4/float-abi-hard/fpuv4-sp-d16/libm.a(lib_a-e_exp.o)
 .rodata        0x0000000000002940      0x188 /usr/bin/../arm-none-eabi/lib/thumb/cortex-m4/float-abi-hard/fpuv4-sp-d16/libm.a(lib_a-e_rem_pio2.o)
 .rodata        0x0000000000002ac8       0x50 /usr/bin/../arm-none-eabi/lib/thumb/cortex-m4/float-abi-hard/fpuv4-sp-d16/libm.a(lib_a-k_rem_pio2.o)
 .rodata.str1.4
                0x0000000000002b18        0x4 /usr/bin/../arm-none-eabi/lib/thumb/cortex-m4/float-abi-hard/fpuv4-sp-d16/libc.a(lib_a-impure.o)
 .rodata.g_pui32GPIOBaseAddrs
                0x0000000000002b1c       0x78 ../../TivaWare/driverlib/gcc/libdriver.a(gpio.o)
 .rodata.g_pui32Xtals
                0x0000000000002b94       0x6c ../../TivaWare/driverlib/gcc/libdriver.a(sysctl.o)
                0x0000000000002c00                _etext = .

.glue_7         0x0000000000002c00        0x0
 .glue_7        0x0000000000000000        0x0 linker stubs

.glue_7t        0x0000000000002c00        0x0
 .glue_7t       0x0000000000000000        0x0 linker stubs

.vfp11_veneer   0x0000000000002c00        0x0
 .vfp11_veneer  0x0000000000000000        0x0 linker stubs

.v4_bx          0x0000000000002c00        0x0
 .v4_bx         0x0000000000000000        0x0 linker stubs

.iplt           0x0000000000002c00        0x0
 .iplt          0x0000000000000000        0x0 src/syscalls.o

.rel.dyn        0x0000000000002c00        0x0
 .rel.iplt      0x0000000000000000        0x0 src/syscalls.o

.data           0x0000000020000000      0x438 load address 0x0000000000002c00
                0x0000000020000000                _data = .
 *(vtable)
 *(.data*)
 .data          0x0000000020000000        0x1 /usr/bin/../arm-none-eabi/lib/thumb/cortex-m4/float-abi-hard/fpuv4-sp-d16/libm.a(lib_a-s_lib_ver.o)
                0x0000000020000000                __fdlib_version
 *fill*         0x0000000020000001        0x7 
 .data          0x0000000020000008      0x430 /usr/bin/../arm-none-eabi/lib/thumb/cortex-m4/float-abi-hard/fpuv4-sp-d16/libc.a(lib_a-impure.o)
                0x0000000020000008                _impure_ptr
                0x0000000020000438                _edata = .

.igot.plt       0x0000000020000438        0x0 load address 0x0000000000003038
 .igot.plt      0x0000000000000000        0x0 src/syscalls.o

.bss            0x0000000020000438        0x4
                0x0000000020000438                _bss = .
 *(.bss*)
 .bss.x         0x0000000020000438        0x4 src/main.o
 *(COMMON)
                0x000000002000043c                _ebss = .
                0x000000002000043c                _heap_bottom = .
                0x0000000020007000                _heap_top = ((ORIGIN (SRAM) + 0x8000) - _stack_size)
                0x0000000020007000                _stack_bottom = _heap_top
                0x0000000020008000                _stack_top = (ORIGIN (SRAM) + 0x8000)
LOAD src/syscalls.o
LOAD src/main.o
LOAD src/startup.o
LOAD /usr/bin/../arm-none-eabi/lib/thumb/cortex-m4/float-abi-hard/fpuv4-sp-d16/libm.a
LOAD /usr/bin/../arm-none-eabi/lib/thumb/cortex-m4/float-abi-hard/fpuv4-sp-d16/libc.a
LOAD /usr/bin/../lib/gcc/arm-none-eabi/4.8.1/thumb/cortex-m4/float-abi-hard/fpuv4-sp-d16/libgcc.a
LOAD ../../TivaWare/driverlib/gcc/libdriver.a
OUTPUT(bin/main.out elf32-littlearm)

.debug_info     0x0000000000000000     0x375d
 .debug_info    0x0000000000000000      0x36e src/main.o
 .debug_info    0x000000000000036e      0x115 src/startup.o
 .debug_info    0x0000000000000483      0x23f /usr/bin/../arm-none-eabi/lib/thumb/cortex-m4/float-abi-hard/fpuv4-sp-d16/libm.a(lib_a-s_cos.o)
 .debug_info    0x00000000000006c2      0x249 /usr/bin/../arm-none-eabi/lib/thumb/cortex-m4/float-abi-hard/fpuv4-sp-d16/libm.a(lib_a-w_exp.o)
 .debug_info    0x000000000000090b      0x348 /usr/bin/../arm-none-eabi/lib/thumb/cortex-m4/float-abi-hard/fpuv4-sp-d16/libm.a(lib_a-e_exp.o)
 .debug_info    0x0000000000000c53      0x400 /usr/bin/../arm-none-eabi/lib/thumb/cortex-m4/float-abi-hard/fpuv4-sp-d16/libm.a(lib_a-e_rem_pio2.o)
 .debug_info    0x0000000000001053      0x220 /usr/bin/../arm-none-eabi/lib/thumb/cortex-m4/float-abi-hard/fpuv4-sp-d16/libm.a(lib_a-k_cos.o)
 .debug_info    0x0000000000001273      0x3b8 /usr/bin/../arm-none-eabi/lib/thumb/cortex-m4/float-abi-hard/fpuv4-sp-d16/libm.a(lib_a-k_rem_pio2.o)
 .debug_info    0x000000000000162b      0x198 /usr/bin/../arm-none-eabi/lib/thumb/cortex-m4/float-abi-hard/fpuv4-sp-d16/libm.a(lib_a-k_sin.o)
 .debug_info    0x00000000000017c3      0x155 /usr/bin/../arm-none-eabi/lib/thumb/cortex-m4/float-abi-hard/fpuv4-sp-d16/libm.a(lib_a-s_fabs.o)
 .debug_info    0x0000000000001918      0x148 /usr/bin/../arm-none-eabi/lib/thumb/cortex-m4/float-abi-hard/fpuv4-sp-d16/libm.a(lib_a-s_finite.o)
 .debug_info    0x0000000000001a60      0x1a9 /usr/bin/../arm-none-eabi/lib/thumb/cortex-m4/float-abi-hard/fpuv4-sp-d16/libm.a(lib_a-s_floor.o)
 .debug_info    0x0000000000001c09       0xbe /usr/bin/../arm-none-eabi/lib/thumb/cortex-m4/float-abi-hard/fpuv4-sp-d16/libm.a(lib_a-s_lib_ver.o)
 .debug_info    0x0000000000001cc7      0x129 /usr/bin/../arm-none-eabi/lib/thumb/cortex-m4/float-abi-hard/fpuv4-sp-d16/libm.a(lib_a-s_matherr.o)
 .debug_info    0x0000000000001df0      0x269 /usr/bin/../arm-none-eabi/lib/thumb/cortex-m4/float-abi-hard/fpuv4-sp-d16/libm.a(lib_a-s_scalbn.o)
 .debug_info    0x0000000000002059      0x191 /usr/bin/../arm-none-eabi/lib/thumb/cortex-m4/float-abi-hard/fpuv4-sp-d16/libm.a(lib_a-s_copysign.o)
 .debug_info    0x00000000000021ea      0x889 /usr/bin/../arm-none-eabi/lib/thumb/cortex-m4/float-abi-hard/fpuv4-sp-d16/libc.a(lib_a-errno.o)
 .debug_info    0x0000000000002a73      0x894 /usr/bin/../arm-none-eabi/lib/thumb/cortex-m4/float-abi-hard/fpuv4-sp-d16/libc.a(lib_a-impure.o)
 .debug_info    0x0000000000003307       0xde /usr/bin/../lib/gcc/arm-none-eabi/4.8.1/thumb/cortex-m4/float-abi-hard/fpuv4-sp-d16/libgcc.a(_arm_addsubdf3.o)
 .debug_info    0x00000000000033e5       0xde /usr/bin/../lib/gcc/arm-none-eabi/4.8.1/thumb/cortex-m4/float-abi-hard/fpuv4-sp-d16/libgcc.a(_arm_muldivdf3.o)
 .debug_info    0x00000000000034c3       0xde /usr/bin/../lib/gcc/arm-none-eabi/4.8.1/thumb/cortex-m4/float-abi-hard/fpuv4-sp-d16/libgcc.a(_arm_cmpdf2.o)
 .debug_info    0x00000000000035a1       0xde /usr/bin/../lib/gcc/arm-none-eabi/4.8.1/thumb/cortex-m4/float-abi-hard/fpuv4-sp-d16/libgcc.a(_arm_fixdfsi.o)
 .debug_info    0x000000000000367f       0xde /usr/bin/../lib/gcc/arm-none-eabi/4.8.1/thumb/cortex-m4/float-abi-hard/fpuv4-sp-d16/libgcc.a(_arm_fixunsdfsi.o)

.debug_abbrev   0x0000000000000000     0x1339
 .debug_abbrev  0x0000000000000000      0x124 src/main.o
 .debug_abbrev  0x0000000000000124       0xd5 src/startup.o
 .debug_abbrev  0x00000000000001f9      0x15a /usr/bin/../arm-none-eabi/lib/thumb/cortex-m4/float-abi-hard/fpuv4-sp-d16/libm.a(lib_a-s_cos.o)
 .debug_abbrev  0x0000000000000353      0x150 /usr/bin/../arm-none-eabi/lib/thumb/cortex-m4/float-abi-hard/fpuv4-sp-d16/libm.a(lib_a-w_exp.o)
 .debug_abbrev  0x00000000000004a3      0x133 /usr/bin/../arm-none-eabi/lib/thumb/cortex-m4/float-abi-hard/fpuv4-sp-d16/libm.a(lib_a-e_exp.o)
 .debug_abbrev  0x00000000000005d6      0x186 /usr/bin/../arm-none-eabi/lib/thumb/cortex-m4/float-abi-hard/fpuv4-sp-d16/libm.a(lib_a-e_rem_pio2.o)
 .debug_abbrev  0x000000000000075c       0xe2 /usr/bin/../arm-none-eabi/lib/thumb/cortex-m4/float-abi-hard/fpuv4-sp-d16/libm.a(lib_a-k_cos.o)
 .debug_abbrev  0x000000000000083e      0x158 /usr/bin/../arm-none-eabi/lib/thumb/cortex-m4/float-abi-hard/fpuv4-sp-d16/libm.a(lib_a-k_rem_pio2.o)
 .debug_abbrev  0x0000000000000996       0xa3 /usr/bin/../arm-none-eabi/lib/thumb/cortex-m4/float-abi-hard/fpuv4-sp-d16/libm.a(lib_a-k_sin.o)
 .debug_abbrev  0x0000000000000a39       0xd5 /usr/bin/../arm-none-eabi/lib/thumb/cortex-m4/float-abi-hard/fpuv4-sp-d16/libm.a(lib_a-s_fabs.o)
 .debug_abbrev  0x0000000000000b0e       0xca /usr/bin/../arm-none-eabi/lib/thumb/cortex-m4/float-abi-hard/fpuv4-sp-d16/libm.a(lib_a-s_finite.o)
 .debug_abbrev  0x0000000000000bd8       0xe9 /usr/bin/../arm-none-eabi/lib/thumb/cortex-m4/float-abi-hard/fpuv4-sp-d16/libm.a(lib_a-s_floor.o)
 .debug_abbrev  0x0000000000000cc1       0x4f /usr/bin/../arm-none-eabi/lib/thumb/cortex-m4/float-abi-hard/fpuv4-sp-d16/libm.a(lib_a-s_lib_ver.o)
 .debug_abbrev  0x0000000000000d10       0x9a /usr/bin/../arm-none-eabi/lib/thumb/cortex-m4/float-abi-hard/fpuv4-sp-d16/libm.a(lib_a-s_matherr.o)
 .debug_abbrev  0x0000000000000daa      0x138 /usr/bin/../arm-none-eabi/lib/thumb/cortex-m4/float-abi-hard/fpuv4-sp-d16/libm.a(lib_a-s_scalbn.o)
 .debug_abbrev  0x0000000000000ee2       0xe4 /usr/bin/../arm-none-eabi/lib/thumb/cortex-m4/float-abi-hard/fpuv4-sp-d16/libm.a(lib_a-s_copysign.o)
 .debug_abbrev  0x0000000000000fc6      0x18f /usr/bin/../arm-none-eabi/lib/thumb/cortex-m4/float-abi-hard/fpuv4-sp-d16/libc.a(lib_a-errno.o)
 .debug_abbrev  0x0000000000001155      0x180 /usr/bin/../arm-none-eabi/lib/thumb/cortex-m4/float-abi-hard/fpuv4-sp-d16/libc.a(lib_a-impure.o)
 .debug_abbrev  0x00000000000012d5       0x14 /usr/bin/../lib/gcc/arm-none-eabi/4.8.1/thumb/cortex-m4/float-abi-hard/fpuv4-sp-d16/libgcc.a(_arm_addsubdf3.o)
 .debug_abbrev  0x00000000000012e9       0x14 /usr/bin/../lib/gcc/arm-none-eabi/4.8.1/thumb/cortex-m4/float-abi-hard/fpuv4-sp-d16/libgcc.a(_arm_muldivdf3.o)
 .debug_abbrev  0x00000000000012fd       0x14 /usr/bin/../lib/gcc/arm-none-eabi/4.8.1/thumb/cortex-m4/float-abi-hard/fpuv4-sp-d16/libgcc.a(_arm_cmpdf2.o)
 .debug_abbrev  0x0000000000001311       0x14 /usr/bin/../lib/gcc/arm-none-eabi/4.8.1/thumb/cortex-m4/float-abi-hard/fpuv4-sp-d16/libgcc.a(_arm_fixdfsi.o)
 .debug_abbrev  0x0000000000001325       0x14 /usr/bin/../lib/gcc/arm-none-eabi/4.8.1/thumb/cortex-m4/float-abi-hard/fpuv4-sp-d16/libgcc.a(_arm_fixunsdfsi.o)

.debug_aranges  0x0000000000000000      0x2f0
 .debug_aranges
                0x0000000000000000       0x28 src/main.o
 .debug_aranges
                0x0000000000000028       0x38 src/startup.o
 .debug_aranges
                0x0000000000000060       0x20 /usr/bin/../arm-none-eabi/lib/thumb/cortex-m4/float-abi-hard/fpuv4-sp-d16/libm.a(lib_a-s_cos.o)
 .debug_aranges
                0x0000000000000080       0x20 /usr/bin/../arm-none-eabi/lib/thumb/cortex-m4/float-abi-hard/fpuv4-sp-d16/libm.a(lib_a-w_exp.o)
 .debug_aranges
                0x00000000000000a0       0x20 /usr/bin/../arm-none-eabi/lib/thumb/cortex-m4/float-abi-hard/fpuv4-sp-d16/libm.a(lib_a-e_exp.o)
 .debug_aranges
                0x00000000000000c0       0x20 /usr/bin/../arm-none-eabi/lib/thumb/cortex-m4/float-abi-hard/fpuv4-sp-d16/libm.a(lib_a-e_rem_pio2.o)
 .debug_aranges
                0x00000000000000e0       0x20 /usr/bin/../arm-none-eabi/lib/thumb/cortex-m4/float-abi-hard/fpuv4-sp-d16/libm.a(lib_a-k_cos.o)
 .debug_aranges
                0x0000000000000100       0x20 /usr/bin/../arm-none-eabi/lib/thumb/cortex-m4/float-abi-hard/fpuv4-sp-d16/libm.a(lib_a-k_rem_pio2.o)
 .debug_aranges
                0x0000000000000120       0x20 /usr/bin/../arm-none-eabi/lib/thumb/cortex-m4/float-abi-hard/fpuv4-sp-d16/libm.a(lib_a-k_sin.o)
 .debug_aranges
                0x0000000000000140       0x20 /usr/bin/../arm-none-eabi/lib/thumb/cortex-m4/float-abi-hard/fpuv4-sp-d16/libm.a(lib_a-s_fabs.o)
 .debug_aranges
                0x0000000000000160       0x20 /usr/bin/../arm-none-eabi/lib/thumb/cortex-m4/float-abi-hard/fpuv4-sp-d16/libm.a(lib_a-s_finite.o)
 .debug_aranges
                0x0000000000000180       0x20 /usr/bin/../arm-none-eabi/lib/thumb/cortex-m4/float-abi-hard/fpuv4-sp-d16/libm.a(lib_a-s_floor.o)
 .debug_aranges
                0x00000000000001a0       0x18 /usr/bin/../arm-none-eabi/lib/thumb/cortex-m4/float-abi-hard/fpuv4-sp-d16/libm.a(lib_a-s_lib_ver.o)
 .debug_aranges
                0x00000000000001b8       0x20 /usr/bin/../arm-none-eabi/lib/thumb/cortex-m4/float-abi-hard/fpuv4-sp-d16/libm.a(lib_a-s_matherr.o)
 .debug_aranges
                0x00000000000001d8       0x20 /usr/bin/../arm-none-eabi/lib/thumb/cortex-m4/float-abi-hard/fpuv4-sp-d16/libm.a(lib_a-s_scalbn.o)
 .debug_aranges
                0x00000000000001f8       0x20 /usr/bin/../arm-none-eabi/lib/thumb/cortex-m4/float-abi-hard/fpuv4-sp-d16/libm.a(lib_a-s_copysign.o)
 .debug_aranges
                0x0000000000000218       0x20 /usr/bin/../arm-none-eabi/lib/thumb/cortex-m4/float-abi-hard/fpuv4-sp-d16/libc.a(lib_a-errno.o)
 .debug_aranges
                0x0000000000000238       0x18 /usr/bin/../arm-none-eabi/lib/thumb/cortex-m4/float-abi-hard/fpuv4-sp-d16/libc.a(lib_a-impure.o)
 .debug_aranges
                0x0000000000000250       0x20 /usr/bin/../lib/gcc/arm-none-eabi/4.8.1/thumb/cortex-m4/float-abi-hard/fpuv4-sp-d16/libgcc.a(_arm_addsubdf3.o)
 .debug_aranges
                0x0000000000000270       0x20 /usr/bin/../lib/gcc/arm-none-eabi/4.8.1/thumb/cortex-m4/float-abi-hard/fpuv4-sp-d16/libgcc.a(_arm_muldivdf3.o)
 .debug_aranges
                0x0000000000000290       0x20 /usr/bin/../lib/gcc/arm-none-eabi/4.8.1/thumb/cortex-m4/float-abi-hard/fpuv4-sp-d16/libgcc.a(_arm_cmpdf2.o)
 .debug_aranges
                0x00000000000002b0       0x20 /usr/bin/../lib/gcc/arm-none-eabi/4.8.1/thumb/cortex-m4/float-abi-hard/fpuv4-sp-d16/libgcc.a(_arm_fixdfsi.o)
 .debug_aranges
                0x00000000000002d0       0x20 /usr/bin/../lib/gcc/arm-none-eabi/4.8.1/thumb/cortex-m4/float-abi-hard/fpuv4-sp-d16/libgcc.a(_arm_fixunsdfsi.o)

.debug_ranges   0x0000000000000000      0x118
 .debug_ranges  0x0000000000000000       0x18 src/main.o
 .debug_ranges  0x0000000000000018       0x28 src/startup.o
 .debug_ranges  0x0000000000000040       0x28 /usr/bin/../arm-none-eabi/lib/thumb/cortex-m4/float-abi-hard/fpuv4-sp-d16/libm.a(lib_a-e_exp.o)
 .debug_ranges  0x0000000000000068       0x38 /usr/bin/../arm-none-eabi/lib/thumb/cortex-m4/float-abi-hard/fpuv4-sp-d16/libm.a(lib_a-e_rem_pio2.o)
 .debug_ranges  0x00000000000000a0       0x30 /usr/bin/../arm-none-eabi/lib/thumb/cortex-m4/float-abi-hard/fpuv4-sp-d16/libm.a(lib_a-s_floor.o)
 .debug_ranges  0x00000000000000d0       0x48 /usr/bin/../arm-none-eabi/lib/thumb/cortex-m4/float-abi-hard/fpuv4-sp-d16/libm.a(lib_a-s_scalbn.o)

.debug_line     0x0000000000000000     0x1e79
 .debug_line    0x0000000000000000       0xec src/main.o
 .debug_line    0x00000000000000ec       0x7f src/startup.o
 .debug_line    0x000000000000016b      0x191 /usr/bin/../arm-none-eabi/lib/thumb/cortex-m4/float-abi-hard/fpuv4-sp-d16/libm.a(lib_a-s_cos.o)
 .debug_line    0x00000000000002fc      0x190 /usr/bin/../arm-none-eabi/lib/thumb/cortex-m4/float-abi-hard/fpuv4-sp-d16/libm.a(lib_a-w_exp.o)
 .debug_line    0x000000000000048c      0x17e /usr/bin/../arm-none-eabi/lib/thumb/cortex-m4/float-abi-hard/fpuv4-sp-d16/libm.a(lib_a-e_exp.o)
 .debug_line    0x000000000000060a      0x215 /usr/bin/../arm-none-eabi/lib/thumb/cortex-m4/float-abi-hard/fpuv4-sp-d16/libm.a(lib_a-e_rem_pio2.o)
 .debug_line    0x000000000000081f      0x13f /usr/bin/../arm-none-eabi/lib/thumb/cortex-m4/float-abi-hard/fpuv4-sp-d16/libm.a(lib_a-k_cos.o)
 .debug_line    0x000000000000095e      0x32f /usr/bin/../arm-none-eabi/lib/thumb/cortex-m4/float-abi-hard/fpuv4-sp-d16/libm.a(lib_a-k_rem_pio2.o)
 .debug_line    0x0000000000000c8d       0xee /usr/bin/../arm-none-eabi/lib/thumb/cortex-m4/float-abi-hard/fpuv4-sp-d16/libm.a(lib_a-k_sin.o)
 .debug_line    0x0000000000000d7b      0x16e /usr/bin/../arm-none-eabi/lib/thumb/cortex-m4/float-abi-hard/fpuv4-sp-d16/libm.a(lib_a-s_fabs.o)
 .debug_line    0x0000000000000ee9      0x13b /usr/bin/../arm-none-eabi/lib/thumb/cortex-m4/float-abi-hard/fpuv4-sp-d16/libm.a(lib_a-s_finite.o)
 .debug_line    0x0000000000001024      0x1d0 /usr/bin/../arm-none-eabi/lib/thumb/cortex-m4/float-abi-hard/fpuv4-sp-d16/libm.a(lib_a-s_floor.o)
 .debug_line    0x00000000000011f4       0xb3 /usr/bin/../arm-none-eabi/lib/thumb/cortex-m4/float-abi-hard/fpuv4-sp-d16/libm.a(lib_a-s_lib_ver.o)
 .debug_line    0x00000000000012a7       0xc4 /usr/bin/../arm-none-eabi/lib/thumb/cortex-m4/float-abi-hard/fpuv4-sp-d16/libm.a(lib_a-s_matherr.o)
 .debug_line    0x000000000000136b      0x161 /usr/bin/../arm-none-eabi/lib/thumb/cortex-m4/float-abi-hard/fpuv4-sp-d16/libm.a(lib_a-s_scalbn.o)
 .debug_line    0x00000000000014cc      0x13f /usr/bin/../arm-none-eabi/lib/thumb/cortex-m4/float-abi-hard/fpuv4-sp-d16/libm.a(lib_a-s_copysign.o)
 .debug_line    0x000000000000160b      0x13e /usr/bin/../arm-none-eabi/lib/thumb/cortex-m4/float-abi-hard/fpuv4-sp-d16/libc.a(lib_a-errno.o)
 .debug_line    0x0000000000001749      0x123 /usr/bin/../arm-none-eabi/lib/thumb/cortex-m4/float-abi-hard/fpuv4-sp-d16/libc.a(lib_a-impure.o)
 .debug_line    0x000000000000186c      0x1fb /usr/bin/../lib/gcc/arm-none-eabi/4.8.1/thumb/cortex-m4/float-abi-hard/fpuv4-sp-d16/libgcc.a(_arm_addsubdf3.o)
 .debug_line    0x0000000000001a67      0x21c /usr/bin/../lib/gcc/arm-none-eabi/4.8.1/thumb/cortex-m4/float-abi-hard/fpuv4-sp-d16/libgcc.a(_arm_muldivdf3.o)
 .debug_line    0x0000000000001c83      0x102 /usr/bin/../lib/gcc/arm-none-eabi/4.8.1/thumb/cortex-m4/float-abi-hard/fpuv4-sp-d16/libgcc.a(_arm_cmpdf2.o)
 .debug_line    0x0000000000001d85       0x7c /usr/bin/../lib/gcc/arm-none-eabi/4.8.1/thumb/cortex-m4/float-abi-hard/fpuv4-sp-d16/libgcc.a(_arm_fixdfsi.o)
 .debug_line    0x0000000000001e01       0x78 /usr/bin/../lib/gcc/arm-none-eabi/4.8.1/thumb/cortex-m4/float-abi-hard/fpuv4-sp-d16/libgcc.a(_arm_fixunsdfsi.o)

.debug_str      0x0000000000000000      0xf89
 .debug_str     0x0000000000000000      0x263 src/main.o
                                        0x2ac (size before relaxing)
 .debug_str     0x0000000000000263       0x6d src/startup.o
                                        0x16e (size before relaxing)
 .debug_str     0x00000000000002d0      0x1ba /usr/bin/../arm-none-eabi/lib/thumb/cortex-m4/float-abi-hard/fpuv4-sp-d16/libm.a(lib_a-s_cos.o)
                                        0x26b (size before relaxing)
 .debug_str     0x000000000000048a       0xec /usr/bin/../arm-none-eabi/lib/thumb/cortex-m4/float-abi-hard/fpuv4-sp-d16/libm.a(lib_a-w_exp.o)
                                        0x2be (size before relaxing)
 .debug_str     0x0000000000000576       0x64 /usr/bin/../arm-none-eabi/lib/thumb/cortex-m4/float-abi-hard/fpuv4-sp-d16/libm.a(lib_a-e_exp.o)
                                        0x28f (size before relaxing)
 .debug_str     0x00000000000005da       0xaf /usr/bin/../arm-none-eabi/lib/thumb/cortex-m4/float-abi-hard/fpuv4-sp-d16/libm.a(lib_a-e_rem_pio2.o)
                                        0x2d6 (size before relaxing)
 .debug_str     0x0000000000000689       0x39 /usr/bin/../arm-none-eabi/lib/thumb/cortex-m4/float-abi-hard/fpuv4-sp-d16/libm.a(lib_a-k_cos.o)
                                        0x24b (size before relaxing)
 .debug_str     0x00000000000006c2       0x75 /usr/bin/../arm-none-eabi/lib/thumb/cortex-m4/float-abi-hard/fpuv4-sp-d16/libm.a(lib_a-k_rem_pio2.o)
                                        0x269 (size before relaxing)
 .debug_str     0x0000000000000737       0x34 /usr/bin/../arm-none-eabi/lib/thumb/cortex-m4/float-abi-hard/fpuv4-sp-d16/libm.a(lib_a-k_sin.o)
                                        0x21d (size before relaxing)
 .debug_str     0x000000000000076b       0x35 /usr/bin/../arm-none-eabi/lib/thumb/cortex-m4/float-abi-hard/fpuv4-sp-d16/libm.a(lib_a-s_fabs.o)
                                        0x244 (size before relaxing)
 .debug_str     0x00000000000007a0       0xc7 /usr/bin/../arm-none-eabi/lib/thumb/cortex-m4/float-abi-hard/fpuv4-sp-d16/libm.a(lib_a-s_finite.o)
                                        0x24c (size before relaxing)
 .debug_str     0x0000000000000867       0xd8 /usr/bin/../arm-none-eabi/lib/thumb/cortex-m4/float-abi-hard/fpuv4-sp-d16/libm.a(lib_a-s_floor.o)
                                        0x261 (size before relaxing)
 .debug_str     0x000000000000093f       0x3a /usr/bin/../arm-none-eabi/lib/thumb/cortex-m4/float-abi-hard/fpuv4-sp-d16/libm.a(lib_a-s_lib_ver.o)
                                        0x264 (size before relaxing)
 .debug_str     0x0000000000000979       0x3a /usr/bin/../arm-none-eabi/lib/thumb/cortex-m4/float-abi-hard/fpuv4-sp-d16/libm.a(lib_a-s_matherr.o)
                                        0x236 (size before relaxing)
 .debug_str     0x00000000000009b3       0x54 /usr/bin/../arm-none-eabi/lib/thumb/cortex-m4/float-abi-hard/fpuv4-sp-d16/libm.a(lib_a-s_scalbn.o)
                                        0x276 (size before relaxing)
 .debug_str     0x0000000000000a07       0x3b /usr/bin/../arm-none-eabi/lib/thumb/cortex-m4/float-abi-hard/fpuv4-sp-d16/libm.a(lib_a-s_copysign.o)
                                        0x24b (size before relaxing)
 .debug_str     0x0000000000000a42      0x465 /usr/bin/../arm-none-eabi/lib/thumb/cortex-m4/float-abi-hard/fpuv4-sp-d16/libc.a(lib_a-errno.o)
                                        0x5b4 (size before relaxing)
 .debug_str     0x0000000000000ea7       0xe2 /usr/bin/../arm-none-eabi/lib/thumb/cortex-m4/float-abi-hard/fpuv4-sp-d16/libc.a(lib_a-impure.o)
                                        0x5cc (size before relaxing)

.comment        0x0000000000000000       0x22
 .comment       0x0000000000000000       0x22 src/main.o
                                         0x23 (size before relaxing)
 .comment       0x0000000000000000       0x23 src/startup.o
 .comment       0x0000000000000000       0x23 /usr/bin/../arm-none-eabi/lib/thumb/cortex-m4/float-abi-hard/fpuv4-sp-d16/libm.a(lib_a-s_cos.o)
 .comment       0x0000000000000000       0x23 /usr/bin/../arm-none-eabi/lib/thumb/cortex-m4/float-abi-hard/fpuv4-sp-d16/libm.a(lib_a-w_exp.o)
 .comment       0x0000000000000000       0x23 /usr/bin/../arm-none-eabi/lib/thumb/cortex-m4/float-abi-hard/fpuv4-sp-d16/libm.a(lib_a-e_exp.o)
 .comment       0x0000000000000000       0x23 /usr/bin/../arm-none-eabi/lib/thumb/cortex-m4/float-abi-hard/fpuv4-sp-d16/libm.a(lib_a-e_rem_pio2.o)
 .comment       0x0000000000000000       0x23 /usr/bin/../arm-none-eabi/lib/thumb/cortex-m4/float-abi-hard/fpuv4-sp-d16/libm.a(lib_a-k_cos.o)
 .comment       0x0000000000000000       0x23 /usr/bin/../arm-none-eabi/lib/thumb/cortex-m4/float-abi-hard/fpuv4-sp-d16/libm.a(lib_a-k_rem_pio2.o)
 .comment       0x0000000000000000       0x23 /usr/bin/../arm-none-eabi/lib/thumb/cortex-m4/float-abi-hard/fpuv4-sp-d16/libm.a(lib_a-k_sin.o)
 .comment       0x0000000000000000       0x23 /usr/bin/../arm-none-eabi/lib/thumb/cortex-m4/float-abi-hard/fpuv4-sp-d16/libm.a(lib_a-s_fabs.o)
 .comment       0x0000000000000000       0x23 /usr/bin/../arm-none-eabi/lib/thumb/cortex-m4/float-abi-hard/fpuv4-sp-d16/libm.a(lib_a-s_finite.o)
 .comment       0x0000000000000000       0x23 /usr/bin/../arm-none-eabi/lib/thumb/cortex-m4/float-abi-hard/fpuv4-sp-d16/libm.a(lib_a-s_floor.o)
 .comment       0x0000000000000000       0x23 /usr/bin/../arm-none-eabi/lib/thumb/cortex-m4/float-abi-hard/fpuv4-sp-d16/libm.a(lib_a-s_lib_ver.o)
 .comment       0x0000000000000000       0x23 /usr/bin/../arm-none-eabi/lib/thumb/cortex-m4/float-abi-hard/fpuv4-sp-d16/libm.a(lib_a-s_matherr.o)
 .comment       0x0000000000000000       0x23 /usr/bin/../arm-none-eabi/lib/thumb/cortex-m4/float-abi-hard/fpuv4-sp-d16/libm.a(lib_a-s_scalbn.o)
 .comment       0x0000000000000000       0x23 /usr/bin/../arm-none-eabi/lib/thumb/cortex-m4/float-abi-hard/fpuv4-sp-d16/libm.a(lib_a-s_copysign.o)
 .comment       0x0000000000000000       0x23 /usr/bin/../arm-none-eabi/lib/thumb/cortex-m4/float-abi-hard/fpuv4-sp-d16/libc.a(lib_a-errno.o)
 .comment       0x0000000000000000       0x23 /usr/bin/../arm-none-eabi/lib/thumb/cortex-m4/float-abi-hard/fpuv4-sp-d16/libc.a(lib_a-impure.o)
 .comment       0x0000000000000000       0x23 ../../TivaWare/driverlib/gcc/libdriver.a(fpu.o)
 .comment       0x0000000000000000       0x23 ../../TivaWare/driverlib/gcc/libdriver.a(gpio.o)
 .comment       0x0000000000000000       0x23 ../../TivaWare/driverlib/gcc/libdriver.a(interrupt.o)
 .comment       0x0000000000000000       0x23 ../../TivaWare/driverlib/gcc/libdriver.a(sysctl.o)
 .comment       0x0000000000000000       0x23 ../../TivaWare/driverlib/gcc/libdriver.a(systick.o)
 .comment       0x0000000000000000       0x23 ../../TivaWare/driverlib/gcc/libdriver.a(timer.o)
 .comment       0x0000000000000000       0x23 ../../TivaWare/driverlib/gcc/libdriver.a(cpu.o)

.ARM.attributes
                0x0000000000000000       0x39
 .ARM.attributes
                0x0000000000000000       0x39 src/main.o
 .ARM.attributes
                0x0000000000000039       0x39 src/startup.o
 .ARM.attributes
                0x0000000000000072       0x39 /usr/bin/../arm-none-eabi/lib/thumb/cortex-m4/float-abi-hard/fpuv4-sp-d16/libm.a(lib_a-s_cos.o)
 .ARM.attributes
                0x00000000000000ab       0x39 /usr/bin/../arm-none-eabi/lib/thumb/cortex-m4/float-abi-hard/fpuv4-sp-d16/libm.a(lib_a-w_exp.o)
 .ARM.attributes
                0x00000000000000e4       0x39 /usr/bin/../arm-none-eabi/lib/thumb/cortex-m4/float-abi-hard/fpuv4-sp-d16/libm.a(lib_a-e_exp.o)
 .ARM.attributes
                0x000000000000011d       0x39 /usr/bin/../arm-none-eabi/lib/thumb/cortex-m4/float-abi-hard/fpuv4-sp-d16/libm.a(lib_a-e_rem_pio2.o)
 .ARM.attributes
                0x0000000000000156       0x39 /usr/bin/../arm-none-eabi/lib/thumb/cortex-m4/float-abi-hard/fpuv4-sp-d16/libm.a(lib_a-k_cos.o)
 .ARM.attributes
                0x000000000000018f       0x39 /usr/bin/../arm-none-eabi/lib/thumb/cortex-m4/float-abi-hard/fpuv4-sp-d16/libm.a(lib_a-k_rem_pio2.o)
 .ARM.attributes
                0x00000000000001c8       0x39 /usr/bin/../arm-none-eabi/lib/thumb/cortex-m4/float-abi-hard/fpuv4-sp-d16/libm.a(lib_a-k_sin.o)
 .ARM.attributes
                0x0000000000000201       0x39 /usr/bin/../arm-none-eabi/lib/thumb/cortex-m4/float-abi-hard/fpuv4-sp-d16/libm.a(lib_a-s_fabs.o)
 .ARM.attributes
                0x000000000000023a       0x39 /usr/bin/../arm-none-eabi/lib/thumb/cortex-m4/float-abi-hard/fpuv4-sp-d16/libm.a(lib_a-s_finite.o)
 .ARM.attributes
                0x0000000000000273       0x39 /usr/bin/../arm-none-eabi/lib/thumb/cortex-m4/float-abi-hard/fpuv4-sp-d16/libm.a(lib_a-s_floor.o)
 .ARM.attributes
                0x00000000000002ac       0x39 /usr/bin/../arm-none-eabi/lib/thumb/cortex-m4/float-abi-hard/fpuv4-sp-d16/libm.a(lib_a-s_lib_ver.o)
 .ARM.attributes
                0x00000000000002e5       0x39 /usr/bin/../arm-none-eabi/lib/thumb/cortex-m4/float-abi-hard/fpuv4-sp-d16/libm.a(lib_a-s_matherr.o)
 .ARM.attributes
                0x000000000000031e       0x39 /usr/bin/../arm-none-eabi/lib/thumb/cortex-m4/float-abi-hard/fpuv4-sp-d16/libm.a(lib_a-s_scalbn.o)
 .ARM.attributes
                0x0000000000000357       0x39 /usr/bin/../arm-none-eabi/lib/thumb/cortex-m4/float-abi-hard/fpuv4-sp-d16/libm.a(lib_a-s_copysign.o)
 .ARM.attributes
                0x0000000000000390       0x39 /usr/bin/../arm-none-eabi/lib/thumb/cortex-m4/float-abi-hard/fpuv4-sp-d16/libc.a(lib_a-errno.o)
 .ARM.attributes
                0x00000000000003c9       0x39 /usr/bin/../arm-none-eabi/lib/thumb/cortex-m4/float-abi-hard/fpuv4-sp-d16/libc.a(lib_a-impure.o)
 .ARM.attributes
                0x0000000000000402       0x27 /usr/bin/../lib/gcc/arm-none-eabi/4.8.1/thumb/cortex-m4/float-abi-hard/fpuv4-sp-d16/libgcc.a(_arm_addsubdf3.o)
 .ARM.attributes
                0x0000000000000429       0x27 /usr/bin/../lib/gcc/arm-none-eabi/4.8.1/thumb/cortex-m4/float-abi-hard/fpuv4-sp-d16/libgcc.a(_arm_muldivdf3.o)
 .ARM.attributes
                0x0000000000000450       0x27 /usr/bin/../lib/gcc/arm-none-eabi/4.8.1/thumb/cortex-m4/float-abi-hard/fpuv4-sp-d16/libgcc.a(_arm_cmpdf2.o)
 .ARM.attributes
                0x0000000000000477       0x27 /usr/bin/../lib/gcc/arm-none-eabi/4.8.1/thumb/cortex-m4/float-abi-hard/fpuv4-sp-d16/libgcc.a(_arm_fixdfsi.o)
 .ARM.attributes
                0x000000000000049e       0x27 /usr/bin/../lib/gcc/arm-none-eabi/4.8.1/thumb/cortex-m4/float-abi-hard/fpuv4-sp-d16/libgcc.a(_arm_fixunsdfsi.o)
 .ARM.attributes
                0x00000000000004c5       0x39 ../../TivaWare/driverlib/gcc/libdriver.a(fpu.o)
 .ARM.attributes
                0x00000000000004fe       0x39 ../../TivaWare/driverlib/gcc/libdriver.a(gpio.o)
 .ARM.attributes
                0x0000000000000537       0x39 ../../TivaWare/driverlib/gcc/libdriver.a(interrupt.o)
 .ARM.attributes
                0x0000000000000570       0x39 ../../TivaWare/driverlib/gcc/libdriver.a(sysctl.o)
 .ARM.attributes
                0x00000000000005a9       0x39 ../../TivaWare/driverlib/gcc/libdriver.a(systick.o)
 .ARM.attributes
                0x00000000000005e2       0x39 ../../TivaWare/driverlib/gcc/libdriver.a(timer.o)
 .ARM.attributes
                0x000000000000061b       0x39 ../../TivaWare/driverlib/gcc/libdriver.a(cpu.o)

.debug_frame    0x0000000000000000      0x330
 .debug_frame   0x0000000000000000       0x40 src/main.o
 .debug_frame   0x0000000000000040       0x58 src/startup.o
 .debug_frame   0x0000000000000098       0x28 /usr/bin/../arm-none-eabi/lib/thumb/cortex-m4/float-abi-hard/fpuv4-sp-d16/libm.a(lib_a-s_cos.o)
 .debug_frame   0x00000000000000c0       0x38 /usr/bin/../arm-none-eabi/lib/thumb/cortex-m4/float-abi-hard/fpuv4-sp-d16/libm.a(lib_a-w_exp.o)
 .debug_frame   0x00000000000000f8       0x38 /usr/bin/../arm-none-eabi/lib/thumb/cortex-m4/float-abi-hard/fpuv4-sp-d16/libm.a(lib_a-e_exp.o)
 .debug_frame   0x0000000000000130       0x38 /usr/bin/../arm-none-eabi/lib/thumb/cortex-m4/float-abi-hard/fpuv4-sp-d16/libm.a(lib_a-e_rem_pio2.o)
 .debug_frame   0x0000000000000168       0x40 /usr/bin/../arm-none-eabi/lib/thumb/cortex-m4/float-abi-hard/fpuv4-sp-d16/libm.a(lib_a-k_cos.o)
 .debug_frame   0x00000000000001a8       0x3c /usr/bin/../arm-none-eabi/lib/thumb/cortex-m4/float-abi-hard/fpuv4-sp-d16/libm.a(lib_a-k_rem_pio2.o)
 .debug_frame   0x00000000000001e4       0x40 /usr/bin/../arm-none-eabi/lib/thumb/cortex-m4/float-abi-hard/fpuv4-sp-d16/libm.a(lib_a-k_sin.o)
 .debug_frame   0x0000000000000224       0x20 /usr/bin/../arm-none-eabi/lib/thumb/cortex-m4/float-abi-hard/fpuv4-sp-d16/libm.a(lib_a-s_fabs.o)
 .debug_frame   0x0000000000000244       0x20 /usr/bin/../arm-none-eabi/lib/thumb/cortex-m4/float-abi-hard/fpuv4-sp-d16/libm.a(lib_a-s_finite.o)
 .debug_frame   0x0000000000000264       0x38 /usr/bin/../arm-none-eabi/lib/thumb/cortex-m4/float-abi-hard/fpuv4-sp-d16/libm.a(lib_a-s_floor.o)
 .debug_frame   0x000000000000029c       0x20 /usr/bin/../arm-none-eabi/lib/thumb/cortex-m4/float-abi-hard/fpuv4-sp-d16/libm.a(lib_a-s_matherr.o)
 .debug_frame   0x00000000000002bc       0x2c /usr/bin/../arm-none-eabi/lib/thumb/cortex-m4/float-abi-hard/fpuv4-sp-d16/libm.a(lib_a-s_scalbn.o)
 .debug_frame   0x00000000000002e8       0x28 /usr/bin/../arm-none-eabi/lib/thumb/cortex-m4/float-abi-hard/fpuv4-sp-d16/libm.a(lib_a-s_copysign.o)
 .debug_frame   0x0000000000000310       0x20 /usr/bin/../arm-none-eabi/lib/thumb/cortex-m4/float-abi-hard/fpuv4-sp-d16/libc.a(lib_a-errno.o)

.debug_loc      0x0000000000000000     0x1e11
 .debug_loc     0x0000000000000000       0x2f src/startup.o
 .debug_loc     0x000000000000002f       0xcd /usr/bin/../arm-none-eabi/lib/thumb/cortex-m4/float-abi-hard/fpuv4-sp-d16/libm.a(lib_a-s_cos.o)
 .debug_loc     0x00000000000000fc       0xd2 /usr/bin/../arm-none-eabi/lib/thumb/cortex-m4/float-abi-hard/fpuv4-sp-d16/libm.a(lib_a-w_exp.o)
 .debug_loc     0x00000000000001ce      0x3e1 /usr/bin/../arm-none-eabi/lib/thumb/cortex-m4/float-abi-hard/fpuv4-sp-d16/libm.a(lib_a-e_exp.o)
 .debug_loc     0x00000000000005af      0x671 /usr/bin/../arm-none-eabi/lib/thumb/cortex-m4/float-abi-hard/fpuv4-sp-d16/libm.a(lib_a-e_rem_pio2.o)
 .debug_loc     0x0000000000000c20      0x23f /usr/bin/../arm-none-eabi/lib/thumb/cortex-m4/float-abi-hard/fpuv4-sp-d16/libm.a(lib_a-k_cos.o)
 .debug_loc     0x0000000000000e5f      0x8fd /usr/bin/../arm-none-eabi/lib/thumb/cortex-m4/float-abi-hard/fpuv4-sp-d16/libm.a(lib_a-k_rem_pio2.o)
 .debug_loc     0x000000000000175c      0x185 /usr/bin/../arm-none-eabi/lib/thumb/cortex-m4/float-abi-hard/fpuv4-sp-d16/libm.a(lib_a-k_sin.o)
 .debug_loc     0x00000000000018e1       0x42 /usr/bin/../arm-none-eabi/lib/thumb/cortex-m4/float-abi-hard/fpuv4-sp-d16/libm.a(lib_a-s_fabs.o)
 .debug_loc     0x0000000000001923      0x1a7 /usr/bin/../arm-none-eabi/lib/thumb/cortex-m4/float-abi-hard/fpuv4-sp-d16/libm.a(lib_a-s_floor.o)
 .debug_loc     0x0000000000001aca       0x21 /usr/bin/../arm-none-eabi/lib/thumb/cortex-m4/float-abi-hard/fpuv4-sp-d16/libm.a(lib_a-s_matherr.o)
 .debug_loc     0x0000000000001aeb      0x28e /usr/bin/../arm-none-eabi/lib/thumb/cortex-m4/float-abi-hard/fpuv4-sp-d16/libm.a(lib_a-s_scalbn.o)
 .debug_loc     0x0000000000001d79       0x98 /usr/bin/../arm-none-eabi/lib/thumb/cortex-m4/float-abi-hard/fpuv4-sp-d16/libm.a(lib_a-s_copysign.o)

Cross Reference Table

Symbol                                            File
CPUbasepriGet                                     ../../TivaWare/driverlib/gcc/libdriver.a(cpu.o)
                                                  ../../TivaWare/driverlib/gcc/libdriver.a(interrupt.o)
CPUbasepriSet                                     ../../TivaWare/driverlib/gcc/libdriver.a(cpu.o)
                                                  ../../TivaWare/driverlib/gcc/libdriver.a(interrupt.o)
CPUcpsid                                          ../../TivaWare/driverlib/gcc/libdriver.a(cpu.o)
                                                  ../../TivaWare/driverlib/gcc/libdriver.a(interrupt.o)
CPUcpsie                                          ../../TivaWare/driverlib/gcc/libdriver.a(cpu.o)
                                                  ../../TivaWare/driverlib/gcc/libdriver.a(interrupt.o)
CPUprimask                                        ../../TivaWare/driverlib/gcc/libdriver.a(cpu.o)
CPUwfi                                            ../../TivaWare/driverlib/gcc/libdriver.a(cpu.o)
                                                  ../../TivaWare/driverlib/gcc/libdriver.a(sysctl.o)
FPUDisable                                        ../../TivaWare/driverlib/gcc/libdriver.a(fpu.o)
FPUEnable                                         ../../TivaWare/driverlib/gcc/libdriver.a(fpu.o)
                                                  src/main.o
FPUFlushToZeroModeSet                             ../../TivaWare/driverlib/gcc/libdriver.a(fpu.o)
FPUHalfPrecisionModeSet                           ../../TivaWare/driverlib/gcc/libdriver.a(fpu.o)
FPULazyStackingEnable                             ../../TivaWare/driverlib/gcc/libdriver.a(fpu.o)
                                                  src/main.o
FPUNaNModeSet                                     ../../TivaWare/driverlib/gcc/libdriver.a(fpu.o)
FPURoundingModeSet                                ../../TivaWare/driverlib/gcc/libdriver.a(fpu.o)
FPUStackingDisable                                ../../TivaWare/driverlib/gcc/libdriver.a(fpu.o)
FPUStackingEnable                                 ../../TivaWare/driverlib/gcc/libdriver.a(fpu.o)
GPIOADCTriggerDisable                             ../../TivaWare/driverlib/gcc/libdriver.a(gpio.o)
GPIOADCTriggerEnable                              ../../TivaWare/driverlib/gcc/libdriver.a(gpio.o)
GPIODMATriggerDisable                             ../../TivaWare/driverlib/gcc/libdriver.a(gpio.o)
GPIODMATriggerEnable                              ../../TivaWare/driverlib/gcc/libdriver.a(gpio.o)
GPIODirModeGet                                    ../../TivaWare/driverlib/gcc/libdriver.a(gpio.o)
GPIODirModeSet                                    ../../TivaWare/driverlib/gcc/libdriver.a(gpio.o)
GPIOIntClear                                      ../../TivaWare/driverlib/gcc/libdriver.a(gpio.o)
GPIOIntDisable                                    ../../TivaWare/driverlib/gcc/libdriver.a(gpio.o)
GPIOIntEnable                                     ../../TivaWare/driverlib/gcc/libdriver.a(gpio.o)
GPIOIntRegister                                   ../../TivaWare/driverlib/gcc/libdriver.a(gpio.o)
GPIOIntStatus                                     ../../TivaWare/driverlib/gcc/libdriver.a(gpio.o)
GPIOIntTypeGet                                    ../../TivaWare/driverlib/gcc/libdriver.a(gpio.o)
GPIOIntTypeSet                                    ../../TivaWare/driverlib/gcc/libdriver.a(gpio.o)
GPIOIntUnregister                                 ../../TivaWare/driverlib/gcc/libdriver.a(gpio.o)
GPIOPadConfigGet                                  ../../TivaWare/driverlib/gcc/libdriver.a(gpio.o)
GPIOPadConfigSet                                  ../../TivaWare/driverlib/gcc/libdriver.a(gpio.o)
GPIOPinConfigure                                  ../../TivaWare/driverlib/gcc/libdriver.a(gpio.o)
                                                  src/main.o
GPIOPinRead                                       ../../TivaWare/driverlib/gcc/libdriver.a(gpio.o)
GPIOPinTypeADC                                    ../../TivaWare/driverlib/gcc/libdriver.a(gpio.o)
GPIOPinTypeCAN                                    ../../TivaWare/driverlib/gcc/libdriver.a(gpio.o)
GPIOPinTypeComparator                             ../../TivaWare/driverlib/gcc/libdriver.a(gpio.o)
GPIOPinTypeEPI                                    ../../TivaWare/driverlib/gcc/libdriver.a(gpio.o)
GPIOPinTypeEthernetLED                            ../../TivaWare/driverlib/gcc/libdriver.a(gpio.o)
GPIOPinTypeEthernetMII                            ../../TivaWare/driverlib/gcc/libdriver.a(gpio.o)
GPIOPinTypeFan                                    ../../TivaWare/driverlib/gcc/libdriver.a(gpio.o)
GPIOPinTypeGPIOInput                              ../../TivaWare/driverlib/gcc/libdriver.a(gpio.o)
GPIOPinTypeGPIOOutput                             ../../TivaWare/driverlib/gcc/libdriver.a(gpio.o)
GPIOPinTypeGPIOOutputOD                           ../../TivaWare/driverlib/gcc/libdriver.a(gpio.o)
GPIOPinTypeI2C                                    ../../TivaWare/driverlib/gcc/libdriver.a(gpio.o)
GPIOPinTypeI2CSCL                                 ../../TivaWare/driverlib/gcc/libdriver.a(gpio.o)
GPIOPinTypeI2S                                    ../../TivaWare/driverlib/gcc/libdriver.a(gpio.o)
GPIOPinTypeLPC                                    ../../TivaWare/driverlib/gcc/libdriver.a(gpio.o)
GPIOPinTypePECIRx                                 ../../TivaWare/driverlib/gcc/libdriver.a(gpio.o)
GPIOPinTypePECITx                                 ../../TivaWare/driverlib/gcc/libdriver.a(gpio.o)
GPIOPinTypePWM                                    ../../TivaWare/driverlib/gcc/libdriver.a(gpio.o)
GPIOPinTypeQEI                                    ../../TivaWare/driverlib/gcc/libdriver.a(gpio.o)
GPIOPinTypeSSI                                    ../../TivaWare/driverlib/gcc/libdriver.a(gpio.o)
GPIOPinTypeTimer                                  ../../TivaWare/driverlib/gcc/libdriver.a(gpio.o)
                                                  src/main.o
GPIOPinTypeUART                                   ../../TivaWare/driverlib/gcc/libdriver.a(gpio.o)
GPIOPinTypeUSBAnalog                              ../../TivaWare/driverlib/gcc/libdriver.a(gpio.o)
GPIOPinTypeUSBDigital                             ../../TivaWare/driverlib/gcc/libdriver.a(gpio.o)
GPIOPinWrite                                      ../../TivaWare/driverlib/gcc/libdriver.a(gpio.o)
IntDisable                                        ../../TivaWare/driverlib/gcc/libdriver.a(interrupt.o)
                                                  ../../TivaWare/driverlib/gcc/libdriver.a(timer.o)
                                                  ../../TivaWare/driverlib/gcc/libdriver.a(sysctl.o)
                                                  ../../TivaWare/driverlib/gcc/libdriver.a(gpio.o)
IntEnable                                         ../../TivaWare/driverlib/gcc/libdriver.a(interrupt.o)
                                                  ../../TivaWare/driverlib/gcc/libdriver.a(timer.o)
                                                  ../../TivaWare/driverlib/gcc/libdriver.a(sysctl.o)
                                                  ../../TivaWare/driverlib/gcc/libdriver.a(gpio.o)
IntIsEnabled                                      ../../TivaWare/driverlib/gcc/libdriver.a(interrupt.o)
IntMasterDisable                                  ../../TivaWare/driverlib/gcc/libdriver.a(interrupt.o)
IntMasterEnable                                   ../../TivaWare/driverlib/gcc/libdriver.a(interrupt.o)
                                                  src/main.o
IntPendClear                                      ../../TivaWare/driverlib/gcc/libdriver.a(interrupt.o)
IntPendSet                                        ../../TivaWare/driverlib/gcc/libdriver.a(interrupt.o)
IntPriorityGet                                    ../../TivaWare/driverlib/gcc/libdriver.a(interrupt.o)
IntPriorityGroupingGet                            ../../TivaWare/driverlib/gcc/libdriver.a(interrupt.o)
IntPriorityGroupingSet                            ../../TivaWare/driverlib/gcc/libdriver.a(interrupt.o)
IntPriorityMaskGet                                ../../TivaWare/driverlib/gcc/libdriver.a(interrupt.o)
IntPriorityMaskSet                                ../../TivaWare/driverlib/gcc/libdriver.a(interrupt.o)
IntPrioritySet                                    ../../TivaWare/driverlib/gcc/libdriver.a(interrupt.o)
IntRegister                                       ../../TivaWare/driverlib/gcc/libdriver.a(interrupt.o)
                                                  ../../TivaWare/driverlib/gcc/libdriver.a(timer.o)
                                                  ../../TivaWare/driverlib/gcc/libdriver.a(systick.o)
                                                  ../../TivaWare/driverlib/gcc/libdriver.a(sysctl.o)
                                                  ../../TivaWare/driverlib/gcc/libdriver.a(gpio.o)
IntTrigger                                        ../../TivaWare/driverlib/gcc/libdriver.a(interrupt.o)
IntUnregister                                     ../../TivaWare/driverlib/gcc/libdriver.a(interrupt.o)
                                                  ../../TivaWare/driverlib/gcc/libdriver.a(timer.o)
                                                  ../../TivaWare/driverlib/gcc/libdriver.a(systick.o)
                                                  ../../TivaWare/driverlib/gcc/libdriver.a(sysctl.o)
                                                  ../../TivaWare/driverlib/gcc/libdriver.a(gpio.o)
ResetISR                                          src/startup.o
SysCtlADCSpeedGet                                 ../../TivaWare/driverlib/gcc/libdriver.a(sysctl.o)
SysCtlADCSpeedSet                                 ../../TivaWare/driverlib/gcc/libdriver.a(sysctl.o)
SysCtlClockGet                                    ../../TivaWare/driverlib/gcc/libdriver.a(sysctl.o)
                                                  src/main.o
SysCtlClockSet                                    ../../TivaWare/driverlib/gcc/libdriver.a(sysctl.o)
                                                  src/main.o
SysCtlDeepSleep                                   ../../TivaWare/driverlib/gcc/libdriver.a(sysctl.o)
SysCtlDeepSleepClockSet                           ../../TivaWare/driverlib/gcc/libdriver.a(sysctl.o)
SysCtlDelay                                       ../../TivaWare/driverlib/gcc/libdriver.a(sysctl.o)
SysCtlFlashSizeGet                                ../../TivaWare/driverlib/gcc/libdriver.a(sysctl.o)
SysCtlGPIOAHBDisable                              ../../TivaWare/driverlib/gcc/libdriver.a(sysctl.o)
SysCtlGPIOAHBEnable                               ../../TivaWare/driverlib/gcc/libdriver.a(sysctl.o)
SysCtlIntClear                                    ../../TivaWare/driverlib/gcc/libdriver.a(sysctl.o)
SysCtlIntDisable                                  ../../TivaWare/driverlib/gcc/libdriver.a(sysctl.o)
SysCtlIntEnable                                   ../../TivaWare/driverlib/gcc/libdriver.a(sysctl.o)
SysCtlIntRegister                                 ../../TivaWare/driverlib/gcc/libdriver.a(sysctl.o)
SysCtlIntStatus                                   ../../TivaWare/driverlib/gcc/libdriver.a(sysctl.o)
SysCtlIntUnregister                               ../../TivaWare/driverlib/gcc/libdriver.a(sysctl.o)
SysCtlMOSCConfigSet                               ../../TivaWare/driverlib/gcc/libdriver.a(sysctl.o)
SysCtlPIOSCCalibrate                              ../../TivaWare/driverlib/gcc/libdriver.a(sysctl.o)
SysCtlPWMClockGet                                 ../../TivaWare/driverlib/gcc/libdriver.a(sysctl.o)
SysCtlPWMClockSet                                 ../../TivaWare/driverlib/gcc/libdriver.a(sysctl.o)
SysCtlPeripheralClockGating                       ../../TivaWare/driverlib/gcc/libdriver.a(sysctl.o)
SysCtlPeripheralDeepSleepDisable                  ../../TivaWare/driverlib/gcc/libdriver.a(sysctl.o)
SysCtlPeripheralDeepSleepEnable                   ../../TivaWare/driverlib/gcc/libdriver.a(sysctl.o)
SysCtlPeripheralDisable                           ../../TivaWare/driverlib/gcc/libdriver.a(sysctl.o)
SysCtlPeripheralEnable                            ../../TivaWare/driverlib/gcc/libdriver.a(sysctl.o)
                                                  src/main.o
SysCtlPeripheralPowerOff                          ../../TivaWare/driverlib/gcc/libdriver.a(sysctl.o)
SysCtlPeripheralPowerOn                           ../../TivaWare/driverlib/gcc/libdriver.a(sysctl.o)
SysCtlPeripheralPresent                           ../../TivaWare/driverlib/gcc/libdriver.a(sysctl.o)
SysCtlPeripheralReady                             ../../TivaWare/driverlib/gcc/libdriver.a(sysctl.o)
SysCtlPeripheralReset                             ../../TivaWare/driverlib/gcc/libdriver.a(sysctl.o)
SysCtlPeripheralSleepDisable                      ../../TivaWare/driverlib/gcc/libdriver.a(sysctl.o)
SysCtlPeripheralSleepEnable                       ../../TivaWare/driverlib/gcc/libdriver.a(sysctl.o)
SysCtlReset                                       ../../TivaWare/driverlib/gcc/libdriver.a(sysctl.o)
SysCtlResetCauseClear                             ../../TivaWare/driverlib/gcc/libdriver.a(sysctl.o)
SysCtlResetCauseGet                               ../../TivaWare/driverlib/gcc/libdriver.a(sysctl.o)
SysCtlSRAMSizeGet                                 ../../TivaWare/driverlib/gcc/libdriver.a(sysctl.o)
SysCtlSleep                                       ../../TivaWare/driverlib/gcc/libdriver.a(sysctl.o)
SysCtlUSBPLLDisable                               ../../TivaWare/driverlib/gcc/libdriver.a(sysctl.o)
SysCtlUSBPLLEnable                                ../../TivaWare/driverlib/gcc/libdriver.a(sysctl.o)
SysTickDisable                                    ../../TivaWare/driverlib/gcc/libdriver.a(systick.o)
SysTickEnable                                     ../../TivaWare/driverlib/gcc/libdriver.a(systick.o)
                                                  src/main.o
SysTickIntDisable                                 ../../TivaWare/driverlib/gcc/libdriver.a(systick.o)
SysTickIntEnable                                  ../../TivaWare/driverlib/gcc/libdriver.a(systick.o)
                                                  src/main.o
SysTickIntHandler                                 src/main.o
                                                  src/startup.o
SysTickIntRegister                                ../../TivaWare/driverlib/gcc/libdriver.a(systick.o)
SysTickIntUnregister                              ../../TivaWare/driverlib/gcc/libdriver.a(systick.o)
SysTickPeriodGet                                  ../../TivaWare/driverlib/gcc/libdriver.a(systick.o)
SysTickPeriodSet                                  ../../TivaWare/driverlib/gcc/libdriver.a(systick.o)
                                                  src/main.o
SysTickValueGet                                   ../../TivaWare/driverlib/gcc/libdriver.a(systick.o)
TimerConfigure                                    ../../TivaWare/driverlib/gcc/libdriver.a(timer.o)
                                                  src/main.o
TimerControlEvent                                 ../../TivaWare/driverlib/gcc/libdriver.a(timer.o)
TimerControlLevel                                 ../../TivaWare/driverlib/gcc/libdriver.a(timer.o)
TimerControlStall                                 ../../TivaWare/driverlib/gcc/libdriver.a(timer.o)
TimerControlTrigger                               ../../TivaWare/driverlib/gcc/libdriver.a(timer.o)
TimerControlWaitOnTrigger                         ../../TivaWare/driverlib/gcc/libdriver.a(timer.o)
TimerDisable                                      ../../TivaWare/driverlib/gcc/libdriver.a(timer.o)
TimerEnable                                       ../../TivaWare/driverlib/gcc/libdriver.a(timer.o)
                                                  src/main.o
TimerIntClear                                     ../../TivaWare/driverlib/gcc/libdriver.a(timer.o)
TimerIntDisable                                   ../../TivaWare/driverlib/gcc/libdriver.a(timer.o)
TimerIntEnable                                    ../../TivaWare/driverlib/gcc/libdriver.a(timer.o)
TimerIntRegister                                  ../../TivaWare/driverlib/gcc/libdriver.a(timer.o)
TimerIntStatus                                    ../../TivaWare/driverlib/gcc/libdriver.a(timer.o)
TimerIntUnregister                                ../../TivaWare/driverlib/gcc/libdriver.a(timer.o)
TimerLoadGet                                      ../../TivaWare/driverlib/gcc/libdriver.a(timer.o)
TimerLoadGet64                                    ../../TivaWare/driverlib/gcc/libdriver.a(timer.o)
TimerLoadSet                                      ../../TivaWare/driverlib/gcc/libdriver.a(timer.o)
                                                  src/main.o
TimerLoadSet64                                    ../../TivaWare/driverlib/gcc/libdriver.a(timer.o)
TimerMatchGet                                     ../../TivaWare/driverlib/gcc/libdriver.a(timer.o)
TimerMatchGet64                                   ../../TivaWare/driverlib/gcc/libdriver.a(timer.o)
TimerMatchSet                                     ../../TivaWare/driverlib/gcc/libdriver.a(timer.o)
                                                  src/main.o
TimerMatchSet64                                   ../../TivaWare/driverlib/gcc/libdriver.a(timer.o)
TimerPrescaleGet                                  ../../TivaWare/driverlib/gcc/libdriver.a(timer.o)
TimerPrescaleMatchGet                             ../../TivaWare/driverlib/gcc/libdriver.a(timer.o)
TimerPrescaleMatchSet                             ../../TivaWare/driverlib/gcc/libdriver.a(timer.o)
TimerPrescaleSet                                  ../../TivaWare/driverlib/gcc/libdriver.a(timer.o)
TimerRTCDisable                                   ../../TivaWare/driverlib/gcc/libdriver.a(timer.o)
TimerRTCEnable                                    ../../TivaWare/driverlib/gcc/libdriver.a(timer.o)
TimerSynchronize                                  ../../TivaWare/driverlib/gcc/libdriver.a(timer.o)
TimerValueGet                                     ../../TivaWare/driverlib/gcc/libdriver.a(timer.o)
TimerValueGet64                                   ../../TivaWare/driverlib/gcc/libdriver.a(timer.o)
__adddf3                                          /usr/bin/../lib/gcc/arm-none-eabi/4.8.1/thumb/cortex-m4/float-abi-hard/fpuv4-sp-d16/libgcc.a(_arm_addsubdf3.o)
__aeabi_cdcmpeq                                   /usr/bin/../lib/gcc/arm-none-eabi/4.8.1/thumb/cortex-m4/float-abi-hard/fpuv4-sp-d16/libgcc.a(_arm_cmpdf2.o)
__aeabi_cdcmple                                   /usr/bin/../lib/gcc/arm-none-eabi/4.8.1/thumb/cortex-m4/float-abi-hard/fpuv4-sp-d16/libgcc.a(_arm_cmpdf2.o)
__aeabi_cdrcmple                                  /usr/bin/../lib/gcc/arm-none-eabi/4.8.1/thumb/cortex-m4/float-abi-hard/fpuv4-sp-d16/libgcc.a(_arm_cmpdf2.o)
__aeabi_d2iz                                      /usr/bin/../lib/gcc/arm-none-eabi/4.8.1/thumb/cortex-m4/float-abi-hard/fpuv4-sp-d16/libgcc.a(_arm_fixdfsi.o)
                                                  /usr/bin/../arm-none-eabi/lib/thumb/cortex-m4/float-abi-hard/fpuv4-sp-d16/libm.a(lib_a-k_sin.o)
                                                  /usr/bin/../arm-none-eabi/lib/thumb/cortex-m4/float-abi-hard/fpuv4-sp-d16/libm.a(lib_a-k_rem_pio2.o)
                                                  /usr/bin/../arm-none-eabi/lib/thumb/cortex-m4/float-abi-hard/fpuv4-sp-d16/libm.a(lib_a-k_cos.o)
                                                  /usr/bin/../arm-none-eabi/lib/thumb/cortex-m4/float-abi-hard/fpuv4-sp-d16/libm.a(lib_a-e_rem_pio2.o)
                                                  /usr/bin/../arm-none-eabi/lib/thumb/cortex-m4/float-abi-hard/fpuv4-sp-d16/libm.a(lib_a-e_exp.o)
__aeabi_d2uiz                                     /usr/bin/../lib/gcc/arm-none-eabi/4.8.1/thumb/cortex-m4/float-abi-hard/fpuv4-sp-d16/libgcc.a(_arm_fixunsdfsi.o)
                                                  src/main.o
__aeabi_dadd                                      /usr/bin/../lib/gcc/arm-none-eabi/4.8.1/thumb/cortex-m4/float-abi-hard/fpuv4-sp-d16/libgcc.a(_arm_addsubdf3.o)
                                                  /usr/bin/../arm-none-eabi/lib/thumb/cortex-m4/float-abi-hard/fpuv4-sp-d16/libm.a(lib_a-s_scalbn.o)
                                                  /usr/bin/../arm-none-eabi/lib/thumb/cortex-m4/float-abi-hard/fpuv4-sp-d16/libm.a(lib_a-s_floor.o)
                                                  /usr/bin/../arm-none-eabi/lib/thumb/cortex-m4/float-abi-hard/fpuv4-sp-d16/libm.a(lib_a-k_sin.o)
                                                  /usr/bin/../arm-none-eabi/lib/thumb/cortex-m4/float-abi-hard/fpuv4-sp-d16/libm.a(lib_a-k_rem_pio2.o)
                                                  /usr/bin/../arm-none-eabi/lib/thumb/cortex-m4/float-abi-hard/fpuv4-sp-d16/libm.a(lib_a-k_cos.o)
                                                  /usr/bin/../arm-none-eabi/lib/thumb/cortex-m4/float-abi-hard/fpuv4-sp-d16/libm.a(lib_a-e_rem_pio2.o)
                                                  /usr/bin/../arm-none-eabi/lib/thumb/cortex-m4/float-abi-hard/fpuv4-sp-d16/libm.a(lib_a-e_exp.o)
__aeabi_dcmpeq                                    /usr/bin/../lib/gcc/arm-none-eabi/4.8.1/thumb/cortex-m4/float-abi-hard/fpuv4-sp-d16/libgcc.a(_arm_cmpdf2.o)
                                                  /usr/bin/../arm-none-eabi/lib/thumb/cortex-m4/float-abi-hard/fpuv4-sp-d16/libm.a(lib_a-k_rem_pio2.o)
                                                  /usr/bin/../arm-none-eabi/lib/thumb/cortex-m4/float-abi-hard/fpuv4-sp-d16/libm.a(lib_a-e_rem_pio2.o)
__aeabi_dcmpge                                    /usr/bin/../lib/gcc/arm-none-eabi/4.8.1/thumb/cortex-m4/float-abi-hard/fpuv4-sp-d16/libgcc.a(_arm_cmpdf2.o)
                                                  /usr/bin/../arm-none-eabi/lib/thumb/cortex-m4/float-abi-hard/fpuv4-sp-d16/libm.a(lib_a-k_rem_pio2.o)
__aeabi_dcmpgt                                    /usr/bin/../lib/gcc/arm-none-eabi/4.8.1/thumb/cortex-m4/float-abi-hard/fpuv4-sp-d16/libgcc.a(_arm_cmpdf2.o)
                                                  /usr/bin/../arm-none-eabi/lib/thumb/cortex-m4/float-abi-hard/fpuv4-sp-d16/libm.a(lib_a-s_floor.o)
                                                  /usr/bin/../arm-none-eabi/lib/thumb/cortex-m4/float-abi-hard/fpuv4-sp-d16/libm.a(lib_a-e_exp.o)
                                                  /usr/bin/../arm-none-eabi/lib/thumb/cortex-m4/float-abi-hard/fpuv4-sp-d16/libm.a(lib_a-w_exp.o)
__aeabi_dcmple                                    /usr/bin/../lib/gcc/arm-none-eabi/4.8.1/thumb/cortex-m4/float-abi-hard/fpuv4-sp-d16/libgcc.a(_arm_cmpdf2.o)
__aeabi_dcmplt                                    /usr/bin/../lib/gcc/arm-none-eabi/4.8.1/thumb/cortex-m4/float-abi-hard/fpuv4-sp-d16/libgcc.a(_arm_cmpdf2.o)
                                                  /usr/bin/../arm-none-eabi/lib/thumb/cortex-m4/float-abi-hard/fpuv4-sp-d16/libm.a(lib_a-e_exp.o)
                                                  /usr/bin/../arm-none-eabi/lib/thumb/cortex-m4/float-abi-hard/fpuv4-sp-d16/libm.a(lib_a-w_exp.o)
__aeabi_ddiv                                      /usr/bin/../lib/gcc/arm-none-eabi/4.8.1/thumb/cortex-m4/float-abi-hard/fpuv4-sp-d16/libgcc.a(_arm_muldivdf3.o)
                                                  /usr/bin/../arm-none-eabi/lib/thumb/cortex-m4/float-abi-hard/fpuv4-sp-d16/libm.a(lib_a-e_exp.o)
                                                  src/main.o
__aeabi_dmul                                      /usr/bin/../lib/gcc/arm-none-eabi/4.8.1/thumb/cortex-m4/float-abi-hard/fpuv4-sp-d16/libgcc.a(_arm_muldivdf3.o)
                                                  /usr/bin/../arm-none-eabi/lib/thumb/cortex-m4/float-abi-hard/fpuv4-sp-d16/libm.a(lib_a-s_scalbn.o)
                                                  /usr/bin/../arm-none-eabi/lib/thumb/cortex-m4/float-abi-hard/fpuv4-sp-d16/libm.a(lib_a-k_sin.o)
                                                  /usr/bin/../arm-none-eabi/lib/thumb/cortex-m4/float-abi-hard/fpuv4-sp-d16/libm.a(lib_a-k_rem_pio2.o)
                                                  /usr/bin/../arm-none-eabi/lib/thumb/cortex-m4/float-abi-hard/fpuv4-sp-d16/libm.a(lib_a-k_cos.o)
                                                  /usr/bin/../arm-none-eabi/lib/thumb/cortex-m4/float-abi-hard/fpuv4-sp-d16/libm.a(lib_a-e_rem_pio2.o)
                                                  /usr/bin/../arm-none-eabi/lib/thumb/cortex-m4/float-abi-hard/fpuv4-sp-d16/libm.a(lib_a-e_exp.o)
                                                  src/main.o
__aeabi_drsub                                     /usr/bin/../lib/gcc/arm-none-eabi/4.8.1/thumb/cortex-m4/float-abi-hard/fpuv4-sp-d16/libgcc.a(_arm_addsubdf3.o)
__aeabi_dsub                                      /usr/bin/../lib/gcc/arm-none-eabi/4.8.1/thumb/cortex-m4/float-abi-hard/fpuv4-sp-d16/libgcc.a(_arm_addsubdf3.o)
                                                  /usr/bin/../arm-none-eabi/lib/thumb/cortex-m4/float-abi-hard/fpuv4-sp-d16/libm.a(lib_a-k_sin.o)
                                                  /usr/bin/../arm-none-eabi/lib/thumb/cortex-m4/float-abi-hard/fpuv4-sp-d16/libm.a(lib_a-k_rem_pio2.o)
                                                  /usr/bin/../arm-none-eabi/lib/thumb/cortex-m4/float-abi-hard/fpuv4-sp-d16/libm.a(lib_a-k_cos.o)
                                                  /usr/bin/../arm-none-eabi/lib/thumb/cortex-m4/float-abi-hard/fpuv4-sp-d16/libm.a(lib_a-e_rem_pio2.o)
                                                  /usr/bin/../arm-none-eabi/lib/thumb/cortex-m4/float-abi-hard/fpuv4-sp-d16/libm.a(lib_a-e_exp.o)
                                                  /usr/bin/../arm-none-eabi/lib/thumb/cortex-m4/float-abi-hard/fpuv4-sp-d16/libm.a(lib_a-s_cos.o)
                                                  src/main.o
__aeabi_f2d                                       /usr/bin/../lib/gcc/arm-none-eabi/4.8.1/thumb/cortex-m4/float-abi-hard/fpuv4-sp-d16/libgcc.a(_arm_addsubdf3.o)
                                                  src/main.o
__aeabi_i2d                                       /usr/bin/../lib/gcc/arm-none-eabi/4.8.1/thumb/cortex-m4/float-abi-hard/fpuv4-sp-d16/libgcc.a(_arm_addsubdf3.o)
                                                  /usr/bin/../arm-none-eabi/lib/thumb/cortex-m4/float-abi-hard/fpuv4-sp-d16/libm.a(lib_a-k_rem_pio2.o)
                                                  /usr/bin/../arm-none-eabi/lib/thumb/cortex-m4/float-abi-hard/fpuv4-sp-d16/libm.a(lib_a-e_rem_pio2.o)
                                                  /usr/bin/../arm-none-eabi/lib/thumb/cortex-m4/float-abi-hard/fpuv4-sp-d16/libm.a(lib_a-e_exp.o)
__aeabi_l2d                                       /usr/bin/../lib/gcc/arm-none-eabi/4.8.1/thumb/cortex-m4/float-abi-hard/fpuv4-sp-d16/libgcc.a(_arm_addsubdf3.o)
__aeabi_ui2d                                      /usr/bin/../lib/gcc/arm-none-eabi/4.8.1/thumb/cortex-m4/float-abi-hard/fpuv4-sp-d16/libgcc.a(_arm_addsubdf3.o)
__aeabi_ul2d                                      /usr/bin/../lib/gcc/arm-none-eabi/4.8.1/thumb/cortex-m4/float-abi-hard/fpuv4-sp-d16/libgcc.a(_arm_addsubdf3.o)
__cmpdf2                                          /usr/bin/../lib/gcc/arm-none-eabi/4.8.1/thumb/cortex-m4/float-abi-hard/fpuv4-sp-d16/libgcc.a(_arm_cmpdf2.o)
__divdf3                                          /usr/bin/../lib/gcc/arm-none-eabi/4.8.1/thumb/cortex-m4/float-abi-hard/fpuv4-sp-d16/libgcc.a(_arm_muldivdf3.o)
__eqdf2                                           /usr/bin/../lib/gcc/arm-none-eabi/4.8.1/thumb/cortex-m4/float-abi-hard/fpuv4-sp-d16/libgcc.a(_arm_cmpdf2.o)
__errno                                           /usr/bin/../arm-none-eabi/lib/thumb/cortex-m4/float-abi-hard/fpuv4-sp-d16/libc.a(lib_a-errno.o)
                                                  /usr/bin/../arm-none-eabi/lib/thumb/cortex-m4/float-abi-hard/fpuv4-sp-d16/libm.a(lib_a-w_exp.o)
__extendsfdf2                                     /usr/bin/../lib/gcc/arm-none-eabi/4.8.1/thumb/cortex-m4/float-abi-hard/fpuv4-sp-d16/libgcc.a(_arm_addsubdf3.o)
__fdlib_version                                   /usr/bin/../arm-none-eabi/lib/thumb/cortex-m4/float-abi-hard/fpuv4-sp-d16/libm.a(lib_a-s_lib_ver.o)
                                                  /usr/bin/../arm-none-eabi/lib/thumb/cortex-m4/float-abi-hard/fpuv4-sp-d16/libm.a(lib_a-w_exp.o)
__fixdfsi                                         /usr/bin/../lib/gcc/arm-none-eabi/4.8.1/thumb/cortex-m4/float-abi-hard/fpuv4-sp-d16/libgcc.a(_arm_fixdfsi.o)
__fixunsdfsi                                      /usr/bin/../lib/gcc/arm-none-eabi/4.8.1/thumb/cortex-m4/float-abi-hard/fpuv4-sp-d16/libgcc.a(_arm_fixunsdfsi.o)
__floatdidf                                       /usr/bin/../lib/gcc/arm-none-eabi/4.8.1/thumb/cortex-m4/float-abi-hard/fpuv4-sp-d16/libgcc.a(_arm_addsubdf3.o)
__floatsidf                                       /usr/bin/../lib/gcc/arm-none-eabi/4.8.1/thumb/cortex-m4/float-abi-hard/fpuv4-sp-d16/libgcc.a(_arm_addsubdf3.o)
__floatundidf                                     /usr/bin/../lib/gcc/arm-none-eabi/4.8.1/thumb/cortex-m4/float-abi-hard/fpuv4-sp-d16/libgcc.a(_arm_addsubdf3.o)
__floatunsidf                                     /usr/bin/../lib/gcc/arm-none-eabi/4.8.1/thumb/cortex-m4/float-abi-hard/fpuv4-sp-d16/libgcc.a(_arm_addsubdf3.o)
__gedf2                                           /usr/bin/../lib/gcc/arm-none-eabi/4.8.1/thumb/cortex-m4/float-abi-hard/fpuv4-sp-d16/libgcc.a(_arm_cmpdf2.o)
__gtdf2                                           /usr/bin/../lib/gcc/arm-none-eabi/4.8.1/thumb/cortex-m4/float-abi-hard/fpuv4-sp-d16/libgcc.a(_arm_cmpdf2.o)
__ieee754_exp                                     /usr/bin/../arm-none-eabi/lib/thumb/cortex-m4/float-abi-hard/fpuv4-sp-d16/libm.a(lib_a-e_exp.o)
                                                  /usr/bin/../arm-none-eabi/lib/thumb/cortex-m4/float-abi-hard/fpuv4-sp-d16/libm.a(lib_a-w_exp.o)
__ieee754_rem_pio2                                /usr/bin/../arm-none-eabi/lib/thumb/cortex-m4/float-abi-hard/fpuv4-sp-d16/libm.a(lib_a-e_rem_pio2.o)
                                                  /usr/bin/../arm-none-eabi/lib/thumb/cortex-m4/float-abi-hard/fpuv4-sp-d16/libm.a(lib_a-s_cos.o)
__kernel_cos                                      /usr/bin/../arm-none-eabi/lib/thumb/cortex-m4/float-abi-hard/fpuv4-sp-d16/libm.a(lib_a-k_cos.o)
                                                  /usr/bin/../arm-none-eabi/lib/thumb/cortex-m4/float-abi-hard/fpuv4-sp-d16/libm.a(lib_a-s_cos.o)
__kernel_rem_pio2                                 /usr/bin/../arm-none-eabi/lib/thumb/cortex-m4/float-abi-hard/fpuv4-sp-d16/libm.a(lib_a-k_rem_pio2.o)
                                                  /usr/bin/../arm-none-eabi/lib/thumb/cortex-m4/float-abi-hard/fpuv4-sp-d16/libm.a(lib_a-e_rem_pio2.o)
__kernel_sin                                      /usr/bin/../arm-none-eabi/lib/thumb/cortex-m4/float-abi-hard/fpuv4-sp-d16/libm.a(lib_a-k_sin.o)
                                                  /usr/bin/../arm-none-eabi/lib/thumb/cortex-m4/float-abi-hard/fpuv4-sp-d16/libm.a(lib_a-s_cos.o)
__ledf2                                           /usr/bin/../lib/gcc/arm-none-eabi/4.8.1/thumb/cortex-m4/float-abi-hard/fpuv4-sp-d16/libgcc.a(_arm_cmpdf2.o)
__ltdf2                                           /usr/bin/../lib/gcc/arm-none-eabi/4.8.1/thumb/cortex-m4/float-abi-hard/fpuv4-sp-d16/libgcc.a(_arm_cmpdf2.o)
__muldf3                                          /usr/bin/../lib/gcc/arm-none-eabi/4.8.1/thumb/cortex-m4/float-abi-hard/fpuv4-sp-d16/libgcc.a(_arm_muldivdf3.o)
__nedf2                                           /usr/bin/../lib/gcc/arm-none-eabi/4.8.1/thumb/cortex-m4/float-abi-hard/fpuv4-sp-d16/libgcc.a(_arm_cmpdf2.o)
__subdf3                                          /usr/bin/../lib/gcc/arm-none-eabi/4.8.1/thumb/cortex-m4/float-abi-hard/fpuv4-sp-d16/libgcc.a(_arm_addsubdf3.o)
_bss                                              src/startup.o
_close                                            src/syscalls.o
_data                                             src/startup.o
_ebss                                             src/startup.o
_edata                                            src/startup.o
_etext                                            src/startup.o
_fstat                                            src/syscalls.o
_global_impure_ptr                                /usr/bin/../arm-none-eabi/lib/thumb/cortex-m4/float-abi-hard/fpuv4-sp-d16/libc.a(lib_a-impure.o)
_heap_bottom                                      src/syscalls.o
_heap_top                                         src/syscalls.o
_impure_ptr                                       /usr/bin/../arm-none-eabi/lib/thumb/cortex-m4/float-abi-hard/fpuv4-sp-d16/libc.a(lib_a-impure.o)
                                                  /usr/bin/../arm-none-eabi/lib/thumb/cortex-m4/float-abi-hard/fpuv4-sp-d16/libc.a(lib_a-errno.o)
_isatty                                           src/syscalls.o
_lseek                                            src/syscalls.o
_open                                             src/syscalls.o
_read                                             src/syscalls.o
_sbrk                                             src/syscalls.o
_stack_top                                        src/startup.o
_write                                            src/syscalls.o
bNewPLL                                           ../../TivaWare/driverlib/gcc/libdriver.a(sysctl.o)
copysign                                          /usr/bin/../arm-none-eabi/lib/thumb/cortex-m4/float-abi-hard/fpuv4-sp-d16/libm.a(lib_a-s_copysign.o)
                                                  /usr/bin/../arm-none-eabi/lib/thumb/cortex-m4/float-abi-hard/fpuv4-sp-d16/libm.a(lib_a-s_scalbn.o)
cos                                               /usr/bin/../arm-none-eabi/lib/thumb/cortex-m4/float-abi-hard/fpuv4-sp-d16/libm.a(lib_a-s_cos.o)
                                                  src/main.o
exp                                               /usr/bin/../arm-none-eabi/lib/thumb/cortex-m4/float-abi-hard/fpuv4-sp-d16/libm.a(lib_a-w_exp.o)
                                                  src/main.o
fabs                                              /usr/bin/../arm-none-eabi/lib/thumb/cortex-m4/float-abi-hard/fpuv4-sp-d16/libm.a(lib_a-s_fabs.o)
                                                  /usr/bin/../arm-none-eabi/lib/thumb/cortex-m4/float-abi-hard/fpuv4-sp-d16/libm.a(lib_a-e_rem_pio2.o)
finite                                            /usr/bin/../arm-none-eabi/lib/thumb/cortex-m4/float-abi-hard/fpuv4-sp-d16/libm.a(lib_a-s_finite.o)
                                                  /usr/bin/../arm-none-eabi/lib/thumb/cortex-m4/float-abi-hard/fpuv4-sp-d16/libm.a(lib_a-w_exp.o)
floor                                             /usr/bin/../arm-none-eabi/lib/thumb/cortex-m4/float-abi-hard/fpuv4-sp-d16/libm.a(lib_a-s_floor.o)
                                                  /usr/bin/../arm-none-eabi/lib/thumb/cortex-m4/float-abi-hard/fpuv4-sp-d16/libm.a(lib_a-k_rem_pio2.o)
g_pfnVectors                                      src/startup.o
heap_end                                          src/syscalls.o
main                                              src/main.o
                                                  src/startup.o
matherr                                           /usr/bin/../arm-none-eabi/lib/thumb/cortex-m4/float-abi-hard/fpuv4-sp-d16/libm.a(lib_a-s_matherr.o)
                                                  /usr/bin/../arm-none-eabi/lib/thumb/cortex-m4/float-abi-hard/fpuv4-sp-d16/libm.a(lib_a-w_exp.o)
scalbn                                            /usr/bin/../arm-none-eabi/lib/thumb/cortex-m4/float-abi-hard/fpuv4-sp-d16/libm.a(lib_a-s_scalbn.o)
                                                  /usr/bin/../arm-none-eabi/lib/thumb/cortex-m4/float-abi-hard/fpuv4-sp-d16/libm.a(lib_a-k_rem_pio2.o)
ui32Osc                                           ../../TivaWare/driverlib/gcc/libdriver.a(sysctl.o)
ui32OscSelect                                     ../../TivaWare/driverlib/gcc/libdriver.a(sysctl.o)
ui32RSClkConfig                                   ../../TivaWare/driverlib/gcc/libdriver.a(sysctl.o)
ui32SysDiv                                        ../../TivaWare/driverlib/gcc/libdriver.a(sysctl.o)
