Archive member included because of file (symbol)

../../TivaWare/driverlib/gcc/libdriver.a(gpio.o)
                              src/main.o (GPIOPinTypeUART)
../../TivaWare/driverlib/gcc/libdriver.a(interrupt.o)
                              ../../TivaWare/driverlib/gcc/libdriver.a(gpio.o) (IntRegister)
../../TivaWare/driverlib/gcc/libdriver.a(sysctl.o)
                              src/main.o (SysCtlPeripheralEnable)
../../TivaWare/driverlib/gcc/libdriver.a(cpu.o)
                              ../../TivaWare/driverlib/gcc/libdriver.a(interrupt.o) (CPUcpsid)

Allocating common symbols
Common symbol       size              file

bNewPLL             0x1               ../../TivaWare/driverlib/gcc/libdriver.a(sysctl.o)
ui32RSClkConfig     0x4               ../../TivaWare/driverlib/gcc/libdriver.a(sysctl.o)
ui32Osc             0x4               ../../TivaWare/driverlib/gcc/libdriver.a(sysctl.o)
ui32SysDiv          0x4               ../../TivaWare/driverlib/gcc/libdriver.a(sysctl.o)
ui32OscSelect       0x4               ../../TivaWare/driverlib/gcc/libdriver.a(sysctl.o)

Discarded input sections

 .text          0x0000000000000000        0x0 src/main.o
 .data          0x0000000000000000        0x0 src/main.o
 .bss           0x0000000000000000        0x0 src/main.o
 .text.GetSP    0x0000000000000000        0x4 src/main.o
 .text          0x0000000000000000        0x0 src/startup.o
 .data          0x0000000000000000        0x0 src/startup.o
 .bss           0x0000000000000000        0x0 src/startup.o
 .text          0x0000000000000000        0x0 ../../TivaWare/driverlib/gcc/libdriver.a(gpio.o)
 .data          0x0000000000000000        0x0 ../../TivaWare/driverlib/gcc/libdriver.a(gpio.o)
 .bss           0x0000000000000000        0x0 ../../TivaWare/driverlib/gcc/libdriver.a(gpio.o)
 .text.GPIODirModeGet
                0x0000000000000000       0x24 ../../TivaWare/driverlib/gcc/libdriver.a(gpio.o)
 .text.GPIOIntTypeSet
                0x0000000000000000       0x5a ../../TivaWare/driverlib/gcc/libdriver.a(gpio.o)
 .text.GPIOIntTypeGet
                0x0000000000000000       0x4a ../../TivaWare/driverlib/gcc/libdriver.a(gpio.o)
 .text.GPIOPadConfigGet
                0x0000000000000000       0x7e ../../TivaWare/driverlib/gcc/libdriver.a(gpio.o)
 .text.GPIOIntEnable
                0x0000000000000000        0xc ../../TivaWare/driverlib/gcc/libdriver.a(gpio.o)
 .text.GPIOIntDisable
                0x0000000000000000        0xe ../../TivaWare/driverlib/gcc/libdriver.a(gpio.o)
 .text.GPIOIntStatus
                0x0000000000000000        0xe ../../TivaWare/driverlib/gcc/libdriver.a(gpio.o)
 .text.GPIOIntClear
                0x0000000000000000        0x6 ../../TivaWare/driverlib/gcc/libdriver.a(gpio.o)
 .text.GPIOIntRegister
                0x0000000000000000       0x30 ../../TivaWare/driverlib/gcc/libdriver.a(gpio.o)
 .text.GPIOIntUnregister
                0x0000000000000000       0x30 ../../TivaWare/driverlib/gcc/libdriver.a(gpio.o)
 .text.GPIOPinRead
                0x0000000000000000        0x6 ../../TivaWare/driverlib/gcc/libdriver.a(gpio.o)
 .text.GPIOPinWrite
                0x0000000000000000        0x6 ../../TivaWare/driverlib/gcc/libdriver.a(gpio.o)
 .text.GPIOPinTypeADC
                0x0000000000000000       0x1c ../../TivaWare/driverlib/gcc/libdriver.a(gpio.o)
 .text.GPIOPinTypeCAN
                0x0000000000000000       0x1c ../../TivaWare/driverlib/gcc/libdriver.a(gpio.o)
 .text.GPIOPinTypeComparator
                0x0000000000000000       0x1c ../../TivaWare/driverlib/gcc/libdriver.a(gpio.o)
 .text.GPIOPinTypeEPI
                0x0000000000000000       0x1c ../../TivaWare/driverlib/gcc/libdriver.a(gpio.o)
 .text.GPIOPinTypeEthernetLED
                0x0000000000000000       0x1c ../../TivaWare/driverlib/gcc/libdriver.a(gpio.o)
 .text.GPIOPinTypeEthernetMII
                0x0000000000000000       0x1c ../../TivaWare/driverlib/gcc/libdriver.a(gpio.o)
 .text.GPIOPinTypeFan
                0x0000000000000000       0x1c ../../TivaWare/driverlib/gcc/libdriver.a(gpio.o)
 .text.GPIOPinTypeGPIOInput
                0x0000000000000000       0x1c ../../TivaWare/driverlib/gcc/libdriver.a(gpio.o)
 .text.GPIOPinTypeGPIOOutput
                0x0000000000000000       0x1c ../../TivaWare/driverlib/gcc/libdriver.a(gpio.o)
 .text.GPIOPinTypeGPIOOutputOD
                0x0000000000000000       0x1c ../../TivaWare/driverlib/gcc/libdriver.a(gpio.o)
 .text.GPIOPinTypeI2C
                0x0000000000000000       0x1c ../../TivaWare/driverlib/gcc/libdriver.a(gpio.o)
 .text.GPIOPinTypeI2CSCL
                0x0000000000000000       0x1c ../../TivaWare/driverlib/gcc/libdriver.a(gpio.o)
 .text.GPIOPinTypeI2S
                0x0000000000000000       0x1c ../../TivaWare/driverlib/gcc/libdriver.a(gpio.o)
 .text.GPIOPinTypeLPC
                0x0000000000000000       0x1c ../../TivaWare/driverlib/gcc/libdriver.a(gpio.o)
 .text.GPIOPinTypePECIRx
                0x0000000000000000       0x1c ../../TivaWare/driverlib/gcc/libdriver.a(gpio.o)
 .text.GPIOPinTypePECITx
                0x0000000000000000       0x1c ../../TivaWare/driverlib/gcc/libdriver.a(gpio.o)
 .text.GPIOPinTypePWM
                0x0000000000000000       0x1c ../../TivaWare/driverlib/gcc/libdriver.a(gpio.o)
 .text.GPIOPinTypeQEI
                0x0000000000000000       0x1c ../../TivaWare/driverlib/gcc/libdriver.a(gpio.o)
 .text.GPIOPinTypeSSI
                0x0000000000000000       0x1c ../../TivaWare/driverlib/gcc/libdriver.a(gpio.o)
 .text.GPIOPinTypeTimer
                0x0000000000000000       0x1c ../../TivaWare/driverlib/gcc/libdriver.a(gpio.o)
 .text.GPIOPinTypeUSBAnalog
                0x0000000000000000       0x1c ../../TivaWare/driverlib/gcc/libdriver.a(gpio.o)
 .text.GPIOPinTypeUSBDigital
                0x0000000000000000       0x1c ../../TivaWare/driverlib/gcc/libdriver.a(gpio.o)
 .text.GPIOPinConfigure
                0x0000000000000000       0x48 ../../TivaWare/driverlib/gcc/libdriver.a(gpio.o)
 .text.GPIODMATriggerEnable
                0x0000000000000000        0xc ../../TivaWare/driverlib/gcc/libdriver.a(gpio.o)
 .text.GPIODMATriggerDisable
                0x0000000000000000        0xe ../../TivaWare/driverlib/gcc/libdriver.a(gpio.o)
 .text.GPIOADCTriggerEnable
                0x0000000000000000        0xc ../../TivaWare/driverlib/gcc/libdriver.a(gpio.o)
 .text.GPIOADCTriggerDisable
                0x0000000000000000        0xe ../../TivaWare/driverlib/gcc/libdriver.a(gpio.o)
 .rodata.g_pui32GPIOBaseAddrs
                0x0000000000000000       0x78 ../../TivaWare/driverlib/gcc/libdriver.a(gpio.o)
 .rodata.g_ppui32GPIOIntMapBlizzard
                0x0000000000000000       0xc0 ../../TivaWare/driverlib/gcc/libdriver.a(gpio.o)
 .text          0x0000000000000000        0x0 ../../TivaWare/driverlib/gcc/libdriver.a(interrupt.o)
 .data          0x0000000000000000        0x0 ../../TivaWare/driverlib/gcc/libdriver.a(interrupt.o)
 .bss           0x0000000000000000        0x0 ../../TivaWare/driverlib/gcc/libdriver.a(interrupt.o)
 .text.IntDefaultHandler
                0x0000000000000000        0x2 ../../TivaWare/driverlib/gcc/libdriver.a(interrupt.o)
 .text.IntMasterEnable
                0x0000000000000000        0xe ../../TivaWare/driverlib/gcc/libdriver.a(interrupt.o)
 .text.IntMasterDisable
                0x0000000000000000        0xe ../../TivaWare/driverlib/gcc/libdriver.a(interrupt.o)
 .text.IntRegister
                0x0000000000000000       0x30 ../../TivaWare/driverlib/gcc/libdriver.a(interrupt.o)
 .text.IntUnregister
                0x0000000000000000       0x14 ../../TivaWare/driverlib/gcc/libdriver.a(interrupt.o)
 .text.IntPriorityGroupingSet
                0x0000000000000000       0x1c ../../TivaWare/driverlib/gcc/libdriver.a(interrupt.o)
 .text.IntPriorityGroupingGet
                0x0000000000000000       0x24 ../../TivaWare/driverlib/gcc/libdriver.a(interrupt.o)
 .text.IntPrioritySet
                0x0000000000000000       0x28 ../../TivaWare/driverlib/gcc/libdriver.a(interrupt.o)
 .text.IntPriorityGet
                0x0000000000000000       0x1c ../../TivaWare/driverlib/gcc/libdriver.a(interrupt.o)
 .text.IntEnable
                0x0000000000000000       0x60 ../../TivaWare/driverlib/gcc/libdriver.a(interrupt.o)
 .text.IntDisable
                0x0000000000000000       0x60 ../../TivaWare/driverlib/gcc/libdriver.a(interrupt.o)
 .text.IntIsEnabled
                0x0000000000000000       0x64 ../../TivaWare/driverlib/gcc/libdriver.a(interrupt.o)
 .text.IntPendSet
                0x0000000000000000       0x50 ../../TivaWare/driverlib/gcc/libdriver.a(interrupt.o)
 .text.IntPendClear
                0x0000000000000000       0x40 ../../TivaWare/driverlib/gcc/libdriver.a(interrupt.o)
 .text.IntPriorityMaskSet
                0x0000000000000000        0x4 ../../TivaWare/driverlib/gcc/libdriver.a(interrupt.o)
 .text.IntPriorityMaskGet
                0x0000000000000000        0x4 ../../TivaWare/driverlib/gcc/libdriver.a(interrupt.o)
 .text.IntTrigger
                0x0000000000000000        0xc ../../TivaWare/driverlib/gcc/libdriver.a(interrupt.o)
 .rodata.g_pui32Priority
                0x0000000000000000       0x20 ../../TivaWare/driverlib/gcc/libdriver.a(interrupt.o)
 .rodata.g_pui32Dii16Regs
                0x0000000000000000       0x14 ../../TivaWare/driverlib/gcc/libdriver.a(interrupt.o)
 .rodata.g_pui32PendRegs
                0x0000000000000000       0x14 ../../TivaWare/driverlib/gcc/libdriver.a(interrupt.o)
 vtable         0x0000000000000000      0x400 ../../TivaWare/driverlib/gcc/libdriver.a(interrupt.o)
 .rodata.g_pui32Regs
                0x0000000000000000       0x9c ../../TivaWare/driverlib/gcc/libdriver.a(interrupt.o)
 .rodata.g_pui32EnRegs
                0x0000000000000000       0x14 ../../TivaWare/driverlib/gcc/libdriver.a(interrupt.o)
 .rodata.g_pui32UnpendRegs
                0x0000000000000000       0x14 ../../TivaWare/driverlib/gcc/libdriver.a(interrupt.o)
 .comment       0x0000000000000000       0x23 ../../TivaWare/driverlib/gcc/libdriver.a(interrupt.o)
 .ARM.attributes
                0x0000000000000000       0x37 ../../TivaWare/driverlib/gcc/libdriver.a(interrupt.o)
 .text          0x0000000000000000        0x0 ../../TivaWare/driverlib/gcc/libdriver.a(sysctl.o)
 .data          0x0000000000000000        0x0 ../../TivaWare/driverlib/gcc/libdriver.a(sysctl.o)
 .bss           0x0000000000000000        0x0 ../../TivaWare/driverlib/gcc/libdriver.a(sysctl.o)
 .text.SysCtlSRAMSizeGet
                0x0000000000000000       0x10 ../../TivaWare/driverlib/gcc/libdriver.a(sysctl.o)
 .text.SysCtlFlashSizeGet
                0x0000000000000000       0x14 ../../TivaWare/driverlib/gcc/libdriver.a(sysctl.o)
 .text.SysCtlPeripheralPresent
                0x0000000000000000       0x28 ../../TivaWare/driverlib/gcc/libdriver.a(sysctl.o)
 .text.SysCtlPeripheralReady
                0x0000000000000000       0x28 ../../TivaWare/driverlib/gcc/libdriver.a(sysctl.o)
 .text.SysCtlPeripheralPowerOn
                0x0000000000000000       0x24 ../../TivaWare/driverlib/gcc/libdriver.a(sysctl.o)
 .text.SysCtlPeripheralPowerOff
                0x0000000000000000       0x24 ../../TivaWare/driverlib/gcc/libdriver.a(sysctl.o)
 .text.SysCtlPeripheralReset
                0x0000000000000000       0x3c ../../TivaWare/driverlib/gcc/libdriver.a(sysctl.o)
 .text.SysCtlPeripheralDisable
                0x0000000000000000       0x24 ../../TivaWare/driverlib/gcc/libdriver.a(sysctl.o)
 .text.SysCtlPeripheralSleepEnable
                0x0000000000000000       0x24 ../../TivaWare/driverlib/gcc/libdriver.a(sysctl.o)
 .text.SysCtlPeripheralSleepDisable
                0x0000000000000000       0x24 ../../TivaWare/driverlib/gcc/libdriver.a(sysctl.o)
 .text.SysCtlPeripheralDeepSleepEnable
                0x0000000000000000       0x24 ../../TivaWare/driverlib/gcc/libdriver.a(sysctl.o)
 .text.SysCtlPeripheralDeepSleepDisable
                0x0000000000000000       0x24 ../../TivaWare/driverlib/gcc/libdriver.a(sysctl.o)
 .text.SysCtlPeripheralClockGating
                0x0000000000000000       0x18 ../../TivaWare/driverlib/gcc/libdriver.a(sysctl.o)
 .text.SysCtlIntRegister
                0x0000000000000000       0x14 ../../TivaWare/driverlib/gcc/libdriver.a(sysctl.o)
 .text.SysCtlIntUnregister
                0x0000000000000000       0x12 ../../TivaWare/driverlib/gcc/libdriver.a(sysctl.o)
 .text.SysCtlIntEnable
                0x0000000000000000       0x10 ../../TivaWare/driverlib/gcc/libdriver.a(sysctl.o)
 .text.SysCtlIntDisable
                0x0000000000000000       0x10 ../../TivaWare/driverlib/gcc/libdriver.a(sysctl.o)
 .text.SysCtlIntClear
                0x0000000000000000        0xc ../../TivaWare/driverlib/gcc/libdriver.a(sysctl.o)
 .text.SysCtlIntStatus
                0x0000000000000000       0x14 ../../TivaWare/driverlib/gcc/libdriver.a(sysctl.o)
 .text.SysCtlReset
                0x0000000000000000       0x10 ../../TivaWare/driverlib/gcc/libdriver.a(sysctl.o)
 .text.SysCtlSleep
                0x0000000000000000        0x4 ../../TivaWare/driverlib/gcc/libdriver.a(sysctl.o)
 .text.SysCtlDeepSleep
                0x0000000000000000       0x20 ../../TivaWare/driverlib/gcc/libdriver.a(sysctl.o)
 .text.SysCtlResetCauseGet
                0x0000000000000000        0xc ../../TivaWare/driverlib/gcc/libdriver.a(sysctl.o)
 .text.SysCtlResetCauseClear
                0x0000000000000000       0x10 ../../TivaWare/driverlib/gcc/libdriver.a(sysctl.o)
 .text.SysCtlMOSCConfigSet
                0x0000000000000000        0xc ../../TivaWare/driverlib/gcc/libdriver.a(sysctl.o)
 .text.SysCtlPIOSCCalibrate
                0x0000000000000000       0x4c ../../TivaWare/driverlib/gcc/libdriver.a(sysctl.o)
 .text.SysCtlDeepSleepClockSet
                0x0000000000000000        0xc ../../TivaWare/driverlib/gcc/libdriver.a(sysctl.o)
 .text.SysCtlPWMClockSet
                0x0000000000000000       0x14 ../../TivaWare/driverlib/gcc/libdriver.a(sysctl.o)
 .text.SysCtlPWMClockGet
                0x0000000000000000       0x18 ../../TivaWare/driverlib/gcc/libdriver.a(sysctl.o)
 .text.SysCtlADCSpeedSet
                0x0000000000000000       0x1c ../../TivaWare/driverlib/gcc/libdriver.a(sysctl.o)
 .text.SysCtlADCSpeedGet
                0x0000000000000000       0x10 ../../TivaWare/driverlib/gcc/libdriver.a(sysctl.o)
 .text.SysCtlGPIOAHBEnable
                0x0000000000000000       0x18 ../../TivaWare/driverlib/gcc/libdriver.a(sysctl.o)
 .text.SysCtlGPIOAHBDisable
                0x0000000000000000       0x1c ../../TivaWare/driverlib/gcc/libdriver.a(sysctl.o)
 .text.SysCtlUSBPLLEnable
                0x0000000000000000       0x10 ../../TivaWare/driverlib/gcc/libdriver.a(sysctl.o)
 .text.SysCtlUSBPLLDisable
                0x0000000000000000       0x10 ../../TivaWare/driverlib/gcc/libdriver.a(sysctl.o)
 COMMON         0x0000000000000000       0x14 ../../TivaWare/driverlib/gcc/libdriver.a(sysctl.o)
 .text          0x0000000000000000        0x0 ../../TivaWare/driverlib/gcc/libdriver.a(cpu.o)
 .data          0x0000000000000000        0x0 ../../TivaWare/driverlib/gcc/libdriver.a(cpu.o)
 .bss           0x0000000000000000        0x0 ../../TivaWare/driverlib/gcc/libdriver.a(cpu.o)
 .text.CPUcpsid
                0x0000000000000000        0x8 ../../TivaWare/driverlib/gcc/libdriver.a(cpu.o)
 .text.CPUprimask
                0x0000000000000000        0x6 ../../TivaWare/driverlib/gcc/libdriver.a(cpu.o)
 .text.CPUcpsie
                0x0000000000000000        0x8 ../../TivaWare/driverlib/gcc/libdriver.a(cpu.o)
 .text.CPUwfi   0x0000000000000000        0x4 ../../TivaWare/driverlib/gcc/libdriver.a(cpu.o)
 .text.CPUbasepriSet
                0x0000000000000000        0x6 ../../TivaWare/driverlib/gcc/libdriver.a(cpu.o)
 .text.CPUbasepriGet
                0x0000000000000000        0x6 ../../TivaWare/driverlib/gcc/libdriver.a(cpu.o)
 .comment       0x0000000000000000       0x23 ../../TivaWare/driverlib/gcc/libdriver.a(cpu.o)
 .ARM.attributes
                0x0000000000000000       0x37 ../../TivaWare/driverlib/gcc/libdriver.a(cpu.o)

Memory Configuration

Name             Origin             Length             Attributes
FLASH            0x0000000000000000 0x0000000000040000 xr
SRAM             0x0000000020000000 0x0000000000008000 xrw
*default*        0x0000000000000000 0xffffffffffffffff

Linker script and memory map

                0x0000000000001000                _stack_size = 0x1000

.text           0x0000000000000000      0x934
                0x0000000000000000                _text = .
 *(.isr_vector)
 .isr_vector    0x0000000000000000      0x26c src/startup.o
                0x0000000000000000                g_pfnVectors
 *(.text*)
 .text.PrintMemoryLayout
                0x000000000000026c      0x110 src/main.o
                0x000000000000026c                PrintMemoryLayout
 .text.startup.main
                0x000000000000037c       0x44 src/main.o
                0x000000000000037c                main
 .text.NmiSR    0x00000000000003c0        0x2 src/startup.o
 .text.FaultISR
                0x00000000000003c2        0x2 src/startup.o
 .text.IntDefaultHandler
                0x00000000000003c4        0x2 src/startup.o
 *fill*         0x00000000000003c6        0x2 
 .text.ResetISR
                0x00000000000003c8       0x58 src/startup.o
                0x00000000000003c8                ResetISR
 .text.GPIODirModeSet
                0x0000000000000420       0x2e ../../TivaWare/driverlib/gcc/libdriver.a(gpio.o)
                0x0000000000000420                GPIODirModeSet
 .text.GPIOPadConfigSet
                0x000000000000044e       0xbc ../../TivaWare/driverlib/gcc/libdriver.a(gpio.o)
                0x000000000000044e                GPIOPadConfigSet
 .text.GPIOPinTypeUART
                0x000000000000050a       0x1c ../../TivaWare/driverlib/gcc/libdriver.a(gpio.o)
                0x000000000000050a                GPIOPinTypeUART
 *fill*         0x0000000000000526        0x2 
 .text.SysCtlPeripheralEnable
                0x0000000000000528       0x24 ../../TivaWare/driverlib/gcc/libdriver.a(sysctl.o)
                0x0000000000000528                SysCtlPeripheralEnable
 .text.SysCtlDelay
                0x000000000000054c        0x8 ../../TivaWare/driverlib/gcc/libdriver.a(sysctl.o)
                0x000000000000054c                SysCtlDelay
 .text.SysCtlClockSet
                0x0000000000000554      0x128 ../../TivaWare/driverlib/gcc/libdriver.a(sysctl.o)
                0x0000000000000554                SysCtlClockSet
 .text.SysCtlClockGet
                0x000000000000067c       0xc0 ../../TivaWare/driverlib/gcc/libdriver.a(sysctl.o)
                0x000000000000067c                SysCtlClockGet
 *(.rodata*)
 .rodata.str1.1
                0x000000000000073c      0x18b src/main.o
 *fill*         0x00000000000008c7        0x1 
 .rodata.g_pui32Xtals
                0x00000000000008c8       0x6c ../../TivaWare/driverlib/gcc/libdriver.a(sysctl.o)
                0x0000000000000934                _etext = .

.glue_7         0x0000000000000934        0x0
 .glue_7        0x0000000000000000        0x0 linker stubs

.glue_7t        0x0000000000000934        0x0
 .glue_7t       0x0000000000000000        0x0 linker stubs

.vfp11_veneer   0x0000000000000934        0x0
 .vfp11_veneer  0x0000000000000000        0x0 linker stubs

.v4_bx          0x0000000000000934        0x0
 .v4_bx         0x0000000000000000        0x0 linker stubs

.iplt           0x0000000000000934        0x0
 .iplt          0x0000000000000000        0x0 src/main.o

.rel.dyn        0x0000000000000934        0x0
 .rel.iplt      0x0000000000000000        0x0 src/main.o

.data           0x0000000020000000        0x0 load address 0x0000000000000934
                0x0000000020000000                _data = .
 *(vtable)
 *(.data*)
                0x0000000020000000                _edata = .

.igot.plt       0x0000000020000000        0x0
 .igot.plt      0x0000000000000000        0x0 src/main.o

.bss            0x0000000020000000      0x100
                0x0000000020000000                _bss = .
 *(.bss*)
 .bss.pui32Stack
                0x0000000020000000      0x100 src/startup.o
 *(COMMON)
                0x0000000020000100                _ebss = .
                0x0000000020000100                _heap_bottom = .
                0x0000000020007000                _heap_top = ((ORIGIN (SRAM) + 0x8000) - _stack_size)
                0x0000000020007000                _stack_bottom = _heap_top
                0x0000000020008000                _stack_top = (ORIGIN (SRAM) + 0x8000)
LOAD src/main.o
LOAD src/startup.o
LOAD /usr/bin/../arm-none-eabi/lib/thumb/cortex-m4/libm.a
LOAD /usr/bin/../arm-none-eabi/lib/thumb/cortex-m4/libc.a
LOAD /usr/bin/../lib/gcc/arm-none-eabi/4.8.1/thumb/cortex-m4/libgcc.a
LOAD ../../TivaWare/driverlib/gcc/libdriver.a
OUTPUT(bin/main.out elf32-littlearm)

.debug_info     0x0000000000000000      0x655
 .debug_info    0x0000000000000000      0x4df src/main.o
 .debug_info    0x00000000000004df      0x176 src/startup.o

.debug_abbrev   0x0000000000000000      0x272
 .debug_abbrev  0x0000000000000000      0x170 src/main.o
 .debug_abbrev  0x0000000000000170      0x102 src/startup.o

.debug_aranges  0x0000000000000000       0x68
 .debug_aranges
                0x0000000000000000       0x30 src/main.o
 .debug_aranges
                0x0000000000000030       0x38 src/startup.o

.debug_ranges   0x0000000000000000       0x48
 .debug_ranges  0x0000000000000000       0x20 src/main.o
 .debug_ranges  0x0000000000000020       0x28 src/startup.o

.debug_line     0x0000000000000000      0x1ad
 .debug_line    0x0000000000000000      0x104 src/main.o
 .debug_line    0x0000000000000104       0xa9 src/startup.o

.debug_str      0x0000000000000000      0x291
 .debug_str     0x0000000000000000      0x22e src/main.o
                                        0x267 (size before relaxing)
 .debug_str     0x000000000000022e       0x63 src/startup.o
                                        0x1e6 (size before relaxing)

.comment        0x0000000000000000       0x22
 .comment       0x0000000000000000       0x22 src/main.o
                                         0x23 (size before relaxing)
 .comment       0x0000000000000000       0x23 src/startup.o
 .comment       0x0000000000000000       0x23 ../../TivaWare/driverlib/gcc/libdriver.a(gpio.o)
 .comment       0x0000000000000000       0x23 ../../TivaWare/driverlib/gcc/libdriver.a(sysctl.o)

.ARM.attributes
                0x0000000000000000       0x37
 .ARM.attributes
                0x0000000000000000       0x37 src/main.o
 .ARM.attributes
                0x0000000000000037       0x37 src/startup.o
 .ARM.attributes
                0x000000000000006e       0x37 ../../TivaWare/driverlib/gcc/libdriver.a(gpio.o)
 .ARM.attributes
                0x00000000000000a5       0x37 ../../TivaWare/driverlib/gcc/libdriver.a(sysctl.o)

.debug_frame    0x0000000000000000       0xb0
 .debug_frame   0x0000000000000000       0x58 src/main.o
 .debug_frame   0x0000000000000058       0x58 src/startup.o

.debug_loc      0x0000000000000000       0x2f
 .debug_loc     0x0000000000000000       0x2f src/startup.o

Cross Reference Table

Symbol                                            File
CPUbasepriGet                                     ../../TivaWare/driverlib/gcc/libdriver.a(cpu.o)
                                                  ../../TivaWare/driverlib/gcc/libdriver.a(interrupt.o)
CPUbasepriSet                                     ../../TivaWare/driverlib/gcc/libdriver.a(cpu.o)
                                                  ../../TivaWare/driverlib/gcc/libdriver.a(interrupt.o)
CPUcpsid                                          ../../TivaWare/driverlib/gcc/libdriver.a(cpu.o)
                                                  ../../TivaWare/driverlib/gcc/libdriver.a(interrupt.o)
CPUcpsie                                          ../../TivaWare/driverlib/gcc/libdriver.a(cpu.o)
                                                  ../../TivaWare/driverlib/gcc/libdriver.a(interrupt.o)
CPUprimask                                        ../../TivaWare/driverlib/gcc/libdriver.a(cpu.o)
CPUwfi                                            ../../TivaWare/driverlib/gcc/libdriver.a(cpu.o)
                                                  ../../TivaWare/driverlib/gcc/libdriver.a(sysctl.o)
GPIOADCTriggerDisable                             ../../TivaWare/driverlib/gcc/libdriver.a(gpio.o)
GPIOADCTriggerEnable                              ../../TivaWare/driverlib/gcc/libdriver.a(gpio.o)
GPIODMATriggerDisable                             ../../TivaWare/driverlib/gcc/libdriver.a(gpio.o)
GPIODMATriggerEnable                              ../../TivaWare/driverlib/gcc/libdriver.a(gpio.o)
GPIODirModeGet                                    ../../TivaWare/driverlib/gcc/libdriver.a(gpio.o)
GPIODirModeSet                                    ../../TivaWare/driverlib/gcc/libdriver.a(gpio.o)
GPIOIntClear                                      ../../TivaWare/driverlib/gcc/libdriver.a(gpio.o)
GPIOIntDisable                                    ../../TivaWare/driverlib/gcc/libdriver.a(gpio.o)
GPIOIntEnable                                     ../../TivaWare/driverlib/gcc/libdriver.a(gpio.o)
GPIOIntRegister                                   ../../TivaWare/driverlib/gcc/libdriver.a(gpio.o)
GPIOIntStatus                                     ../../TivaWare/driverlib/gcc/libdriver.a(gpio.o)
GPIOIntTypeGet                                    ../../TivaWare/driverlib/gcc/libdriver.a(gpio.o)
GPIOIntTypeSet                                    ../../TivaWare/driverlib/gcc/libdriver.a(gpio.o)
GPIOIntUnregister                                 ../../TivaWare/driverlib/gcc/libdriver.a(gpio.o)
GPIOPadConfigGet                                  ../../TivaWare/driverlib/gcc/libdriver.a(gpio.o)
GPIOPadConfigSet                                  ../../TivaWare/driverlib/gcc/libdriver.a(gpio.o)
GPIOPinConfigure                                  ../../TivaWare/driverlib/gcc/libdriver.a(gpio.o)
GPIOPinRead                                       ../../TivaWare/driverlib/gcc/libdriver.a(gpio.o)
GPIOPinTypeADC                                    ../../TivaWare/driverlib/gcc/libdriver.a(gpio.o)
GPIOPinTypeCAN                                    ../../TivaWare/driverlib/gcc/libdriver.a(gpio.o)
GPIOPinTypeComparator                             ../../TivaWare/driverlib/gcc/libdriver.a(gpio.o)
GPIOPinTypeEPI                                    ../../TivaWare/driverlib/gcc/libdriver.a(gpio.o)
GPIOPinTypeEthernetLED                            ../../TivaWare/driverlib/gcc/libdriver.a(gpio.o)
GPIOPinTypeEthernetMII                            ../../TivaWare/driverlib/gcc/libdriver.a(gpio.o)
GPIOPinTypeFan                                    ../../TivaWare/driverlib/gcc/libdriver.a(gpio.o)
GPIOPinTypeGPIOInput                              ../../TivaWare/driverlib/gcc/libdriver.a(gpio.o)
GPIOPinTypeGPIOOutput                             ../../TivaWare/driverlib/gcc/libdriver.a(gpio.o)
GPIOPinTypeGPIOOutputOD                           ../../TivaWare/driverlib/gcc/libdriver.a(gpio.o)
GPIOPinTypeI2C                                    ../../TivaWare/driverlib/gcc/libdriver.a(gpio.o)
GPIOPinTypeI2CSCL                                 ../../TivaWare/driverlib/gcc/libdriver.a(gpio.o)
GPIOPinTypeI2S                                    ../../TivaWare/driverlib/gcc/libdriver.a(gpio.o)
GPIOPinTypeLPC                                    ../../TivaWare/driverlib/gcc/libdriver.a(gpio.o)
GPIOPinTypePECIRx                                 ../../TivaWare/driverlib/gcc/libdriver.a(gpio.o)
GPIOPinTypePECITx                                 ../../TivaWare/driverlib/gcc/libdriver.a(gpio.o)
GPIOPinTypePWM                                    ../../TivaWare/driverlib/gcc/libdriver.a(gpio.o)
GPIOPinTypeQEI                                    ../../TivaWare/driverlib/gcc/libdriver.a(gpio.o)
GPIOPinTypeSSI                                    ../../TivaWare/driverlib/gcc/libdriver.a(gpio.o)
GPIOPinTypeTimer                                  ../../TivaWare/driverlib/gcc/libdriver.a(gpio.o)
GPIOPinTypeUART                                   ../../TivaWare/driverlib/gcc/libdriver.a(gpio.o)
                                                  src/main.o
GPIOPinTypeUSBAnalog                              ../../TivaWare/driverlib/gcc/libdriver.a(gpio.o)
GPIOPinTypeUSBDigital                             ../../TivaWare/driverlib/gcc/libdriver.a(gpio.o)
GPIOPinWrite                                      ../../TivaWare/driverlib/gcc/libdriver.a(gpio.o)
GetSP                                             src/main.o
IntDisable                                        ../../TivaWare/driverlib/gcc/libdriver.a(interrupt.o)
                                                  ../../TivaWare/driverlib/gcc/libdriver.a(sysctl.o)
                                                  ../../TivaWare/driverlib/gcc/libdriver.a(gpio.o)
IntEnable                                         ../../TivaWare/driverlib/gcc/libdriver.a(interrupt.o)
                                                  ../../TivaWare/driverlib/gcc/libdriver.a(sysctl.o)
                                                  ../../TivaWare/driverlib/gcc/libdriver.a(gpio.o)
IntIsEnabled                                      ../../TivaWare/driverlib/gcc/libdriver.a(interrupt.o)
IntMasterDisable                                  ../../TivaWare/driverlib/gcc/libdriver.a(interrupt.o)
IntMasterEnable                                   ../../TivaWare/driverlib/gcc/libdriver.a(interrupt.o)
IntPendClear                                      ../../TivaWare/driverlib/gcc/libdriver.a(interrupt.o)
IntPendSet                                        ../../TivaWare/driverlib/gcc/libdriver.a(interrupt.o)
IntPriorityGet                                    ../../TivaWare/driverlib/gcc/libdriver.a(interrupt.o)
IntPriorityGroupingGet                            ../../TivaWare/driverlib/gcc/libdriver.a(interrupt.o)
IntPriorityGroupingSet                            ../../TivaWare/driverlib/gcc/libdriver.a(interrupt.o)
IntPriorityMaskGet                                ../../TivaWare/driverlib/gcc/libdriver.a(interrupt.o)
IntPriorityMaskSet                                ../../TivaWare/driverlib/gcc/libdriver.a(interrupt.o)
IntPrioritySet                                    ../../TivaWare/driverlib/gcc/libdriver.a(interrupt.o)
IntRegister                                       ../../TivaWare/driverlib/gcc/libdriver.a(interrupt.o)
                                                  ../../TivaWare/driverlib/gcc/libdriver.a(sysctl.o)
                                                  ../../TivaWare/driverlib/gcc/libdriver.a(gpio.o)
IntTrigger                                        ../../TivaWare/driverlib/gcc/libdriver.a(interrupt.o)
IntUnregister                                     ../../TivaWare/driverlib/gcc/libdriver.a(interrupt.o)
                                                  ../../TivaWare/driverlib/gcc/libdriver.a(sysctl.o)
                                                  ../../TivaWare/driverlib/gcc/libdriver.a(gpio.o)
PrintMemoryLayout                                 src/main.o
ResetISR                                          src/startup.o
SysCtlADCSpeedGet                                 ../../TivaWare/driverlib/gcc/libdriver.a(sysctl.o)
SysCtlADCSpeedSet                                 ../../TivaWare/driverlib/gcc/libdriver.a(sysctl.o)
SysCtlClockGet                                    ../../TivaWare/driverlib/gcc/libdriver.a(sysctl.o)
                                                  src/main.o
SysCtlClockSet                                    ../../TivaWare/driverlib/gcc/libdriver.a(sysctl.o)
                                                  src/main.o
SysCtlDeepSleep                                   ../../TivaWare/driverlib/gcc/libdriver.a(sysctl.o)
SysCtlDeepSleepClockSet                           ../../TivaWare/driverlib/gcc/libdriver.a(sysctl.o)
SysCtlDelay                                       ../../TivaWare/driverlib/gcc/libdriver.a(sysctl.o)
SysCtlFlashSizeGet                                ../../TivaWare/driverlib/gcc/libdriver.a(sysctl.o)
SysCtlGPIOAHBDisable                              ../../TivaWare/driverlib/gcc/libdriver.a(sysctl.o)
SysCtlGPIOAHBEnable                               ../../TivaWare/driverlib/gcc/libdriver.a(sysctl.o)
SysCtlIntClear                                    ../../TivaWare/driverlib/gcc/libdriver.a(sysctl.o)
SysCtlIntDisable                                  ../../TivaWare/driverlib/gcc/libdriver.a(sysctl.o)
SysCtlIntEnable                                   ../../TivaWare/driverlib/gcc/libdriver.a(sysctl.o)
SysCtlIntRegister                                 ../../TivaWare/driverlib/gcc/libdriver.a(sysctl.o)
SysCtlIntStatus                                   ../../TivaWare/driverlib/gcc/libdriver.a(sysctl.o)
SysCtlIntUnregister                               ../../TivaWare/driverlib/gcc/libdriver.a(sysctl.o)
SysCtlMOSCConfigSet                               ../../TivaWare/driverlib/gcc/libdriver.a(sysctl.o)
SysCtlPIOSCCalibrate                              ../../TivaWare/driverlib/gcc/libdriver.a(sysctl.o)
SysCtlPWMClockGet                                 ../../TivaWare/driverlib/gcc/libdriver.a(sysctl.o)
SysCtlPWMClockSet                                 ../../TivaWare/driverlib/gcc/libdriver.a(sysctl.o)
SysCtlPeripheralClockGating                       ../../TivaWare/driverlib/gcc/libdriver.a(sysctl.o)
SysCtlPeripheralDeepSleepDisable                  ../../TivaWare/driverlib/gcc/libdriver.a(sysctl.o)
SysCtlPeripheralDeepSleepEnable                   ../../TivaWare/driverlib/gcc/libdriver.a(sysctl.o)
SysCtlPeripheralDisable                           ../../TivaWare/driverlib/gcc/libdriver.a(sysctl.o)
SysCtlPeripheralEnable                            ../../TivaWare/driverlib/gcc/libdriver.a(sysctl.o)
                                                  src/main.o
SysCtlPeripheralPowerOff                          ../../TivaWare/driverlib/gcc/libdriver.a(sysctl.o)
SysCtlPeripheralPowerOn                           ../../TivaWare/driverlib/gcc/libdriver.a(sysctl.o)
SysCtlPeripheralPresent                           ../../TivaWare/driverlib/gcc/libdriver.a(sysctl.o)
SysCtlPeripheralReady                             ../../TivaWare/driverlib/gcc/libdriver.a(sysctl.o)
SysCtlPeripheralReset                             ../../TivaWare/driverlib/gcc/libdriver.a(sysctl.o)
SysCtlPeripheralSleepDisable                      ../../TivaWare/driverlib/gcc/libdriver.a(sysctl.o)
SysCtlPeripheralSleepEnable                       ../../TivaWare/driverlib/gcc/libdriver.a(sysctl.o)
SysCtlReset                                       ../../TivaWare/driverlib/gcc/libdriver.a(sysctl.o)
SysCtlResetCauseClear                             ../../TivaWare/driverlib/gcc/libdriver.a(sysctl.o)
SysCtlResetCauseGet                               ../../TivaWare/driverlib/gcc/libdriver.a(sysctl.o)
SysCtlSRAMSizeGet                                 ../../TivaWare/driverlib/gcc/libdriver.a(sysctl.o)
SysCtlSleep                                       ../../TivaWare/driverlib/gcc/libdriver.a(sysctl.o)
SysCtlUSBPLLDisable                               ../../TivaWare/driverlib/gcc/libdriver.a(sysctl.o)
SysCtlUSBPLLEnable                                ../../TivaWare/driverlib/gcc/libdriver.a(sysctl.o)
UARTStdioConfig                                   src/main.o
UARTprintf                                        src/main.o
_bss                                              src/startup.o
                                                  src/main.o
_data                                             src/startup.o
                                                  src/main.o
_ebss                                             src/startup.o
                                                  src/main.o
_edata                                            src/startup.o
                                                  src/main.o
_etext                                            src/startup.o
                                                  src/main.o
_heap_bottom                                      src/main.o
_stack_bottom                                     src/main.o
_stack_top                                        src/main.o
_text                                             src/main.o
bNewPLL                                           ../../TivaWare/driverlib/gcc/libdriver.a(sysctl.o)
g_pfnVectors                                      src/startup.o
main                                              src/main.o
                                                  src/startup.o
ui32Osc                                           ../../TivaWare/driverlib/gcc/libdriver.a(sysctl.o)
ui32OscSelect                                     ../../TivaWare/driverlib/gcc/libdriver.a(sysctl.o)
ui32RSClkConfig                                   ../../TivaWare/driverlib/gcc/libdriver.a(sysctl.o)
ui32SysDiv                                        ../../TivaWare/driverlib/gcc/libdriver.a(sysctl.o)
